Component: ARM Compiler 5.06 update 4 (build 422) Tool: armlink [4d35d2]

==============================================================================

Section Cross References

    stm32f4xx_hal_msp.o(i.HAL_FMC_MspDeInit) refers to stm32f4xx_hal_gpio.o(i.HAL_GPIO_DeInit) for HAL_GPIO_DeInit
    stm32f4xx_hal_msp.o(i.HAL_FMC_MspDeInit) refers to stm32f4xx_hal_msp.o(.data) for FMC_DeInitialized
    stm32f4xx_hal_msp.o(i.HAL_FMC_MspInit) refers to stm32f4xx_hal_gpio.o(i.HAL_GPIO_Init) for HAL_GPIO_Init
    stm32f4xx_hal_msp.o(i.HAL_FMC_MspInit) refers to stm32f4xx_hal_msp.o(.data) for FMC_Initialized
    stm32f4xx_hal_msp.o(i.HAL_I2C_MspDeInit) refers to stm32f4xx_hal_gpio.o(i.HAL_GPIO_DeInit) for HAL_GPIO_DeInit
    stm32f4xx_hal_msp.o(i.HAL_I2C_MspDeInit) refers to stm32f4xx_hal_cortex.o(i.HAL_NVIC_DisableIRQ) for HAL_NVIC_DisableIRQ
    stm32f4xx_hal_msp.o(i.HAL_I2C_MspInit) refers to stm32f4xx_hal_gpio.o(i.HAL_GPIO_Init) for HAL_GPIO_Init
    stm32f4xx_hal_msp.o(i.HAL_I2C_MspInit) refers to stm32f4xx_hal_cortex.o(i.HAL_NVIC_SetPriority) for HAL_NVIC_SetPriority
    stm32f4xx_hal_msp.o(i.HAL_I2C_MspInit) refers to stm32f4xx_hal_cortex.o(i.HAL_NVIC_EnableIRQ) for HAL_NVIC_EnableIRQ
    stm32f4xx_hal_msp.o(i.HAL_MspInit) refers to stm32f4xx_hal_cortex.o(i.HAL_NVIC_SetPriorityGrouping) for HAL_NVIC_SetPriorityGrouping
    stm32f4xx_hal_msp.o(i.HAL_MspInit) refers to stm32f4xx_hal_cortex.o(i.HAL_NVIC_SetPriority) for HAL_NVIC_SetPriority
    stm32f4xx_hal_msp.o(i.HAL_MspInit) refers to stm32f4xx_hal_cortex.o(i.HAL_NVIC_EnableIRQ) for HAL_NVIC_EnableIRQ
    stm32f4xx_hal_msp.o(i.HAL_SRAM_MspDeInit) refers to stm32f4xx_hal_msp.o(i.HAL_FMC_MspDeInit) for HAL_FMC_MspDeInit
    stm32f4xx_hal_msp.o(i.HAL_SRAM_MspInit) refers to stm32f4xx_hal_msp.o(i.HAL_FMC_MspInit) for HAL_FMC_MspInit
    stm32f4xx_it.o(i.EXTI15_10_IRQHandler) refers to stm32f4xx_hal_gpio.o(i.HAL_GPIO_EXTI_IRQHandler) for HAL_GPIO_EXTI_IRQHandler
    stm32f4xx_it.o(i.EXTI15_10_IRQHandler) refers to stm32f4xx_hal_i2c.o(i.HAL_I2C_Master_Transmit) for HAL_I2C_Master_Transmit
    stm32f4xx_it.o(i.EXTI15_10_IRQHandler) refers to stm32f4xx_hal_i2c.o(i.HAL_I2C_Master_Receive) for HAL_I2C_Master_Receive
    stm32f4xx_it.o(i.EXTI15_10_IRQHandler) refers to main.o(.data) for MasterTX
    stm32f4xx_it.o(i.EXTI15_10_IRQHandler) refers to main.o(.bss) for hi2c1
    stm32f4xx_it.o(i.I2C1_ER_IRQHandler) refers to stm32f4xx_hal_i2c.o(i.HAL_I2C_ER_IRQHandler) for HAL_I2C_ER_IRQHandler
    stm32f4xx_it.o(i.I2C1_ER_IRQHandler) refers to main.o(.bss) for hi2c1
    stm32f4xx_it.o(i.I2C1_EV_IRQHandler) refers to stm32f4xx_hal_i2c.o(i.HAL_I2C_EV_IRQHandler) for HAL_I2C_EV_IRQHandler
    stm32f4xx_it.o(i.I2C1_EV_IRQHandler) refers to main.o(.bss) for hi2c1
    stm32f4xx_it.o(i.I2C3_ER_IRQHandler) refers to stm32f4xx_hal_i2c.o(i.HAL_I2C_ER_IRQHandler) for HAL_I2C_ER_IRQHandler
    stm32f4xx_it.o(i.I2C3_ER_IRQHandler) refers to main.o(.bss) for hi2c3
    stm32f4xx_it.o(i.I2C3_EV_IRQHandler) refers to stm32f4xx_hal_i2c.o(i.HAL_I2C_EV_IRQHandler) for HAL_I2C_EV_IRQHandler
    stm32f4xx_it.o(i.I2C3_EV_IRQHandler) refers to main.o(.bss) for hi2c3
    stm32f4xx_it.o(i.PVD_IRQHandler) refers to stm32f4xx_hal_pwr.o(i.HAL_PWR_PVD_IRQHandler) for HAL_PWR_PVD_IRQHandler
    stm32f4xx_it.o(i.SysTick_Handler) refers to stm32f4xx_hal.o(i.HAL_IncTick) for HAL_IncTick
    stm32f4xx_it.o(i.SysTick_Handler) refers to stm32f4xx_hal_cortex.o(i.HAL_SYSTICK_IRQHandler) for HAL_SYSTICK_IRQHandler
    stm32f4xx_it.o(i.SysTick_Handler) refers to gui_x.o(.data) for OS_TimeMS
    main.o(i.MX_FMC_Init) refers to stm32f4xx_hal_sram.o(i.HAL_SRAM_Init) for HAL_SRAM_Init
    main.o(i.MX_FMC_Init) refers to main.o(i.Error_Handler) for Error_Handler
    main.o(i.MX_FMC_Init) refers to main.o(.bss) for hsram1
    main.o(i.MX_GPIO_Init) refers to stm32f4xx_hal_gpio.o(i.HAL_GPIO_WritePin) for HAL_GPIO_WritePin
    main.o(i.MX_GPIO_Init) refers to stm32f4xx_hal_gpio.o(i.HAL_GPIO_Init) for HAL_GPIO_Init
    main.o(i.MX_GPIO_Init) refers to stm32f4xx_hal_cortex.o(i.HAL_NVIC_SetPriority) for HAL_NVIC_SetPriority
    main.o(i.MX_GPIO_Init) refers to stm32f4xx_hal_cortex.o(i.HAL_NVIC_EnableIRQ) for HAL_NVIC_EnableIRQ
    main.o(i.MX_I2C1_Init) refers to stm32f4xx_hal_i2c.o(i.HAL_I2C_Init) for HAL_I2C_Init
    main.o(i.MX_I2C1_Init) refers to main.o(i.Error_Handler) for Error_Handler
    main.o(i.MX_I2C1_Init) refers to main.o(.bss) for hi2c1
    main.o(i.MX_I2C3_Init) refers to stm32f4xx_hal_i2c.o(i.HAL_I2C_Init) for HAL_I2C_Init
    main.o(i.MX_I2C3_Init) refers to main.o(i.Error_Handler) for Error_Handler
    main.o(i.MX_I2C3_Init) refers to main.o(.bss) for hi2c3
    main.o(i.SystemClock_Config) refers to stm32f4xx_hal_rcc.o(i.HAL_RCC_OscConfig) for HAL_RCC_OscConfig
    main.o(i.SystemClock_Config) refers to main.o(i.Error_Handler) for Error_Handler
    main.o(i.SystemClock_Config) refers to stm32f4xx_hal_pwr_ex.o(i.HAL_PWREx_EnableOverDrive) for HAL_PWREx_EnableOverDrive
[...]
    0x080066c8   0x00000018   Code   RO         3908    i.LCD_GetPaletteEx  STemWin532_CM4_Keil.lib(lcd_getex.o)
    0x080066e0   0x00000006   Code   RO         3912    i.LCD_GetVXSizeEx   STemWin532_CM4_Keil.lib(lcd_getex.o)
    0x080066e6   0x00000006   Code   RO         3913    i.LCD_GetVXSizeMax  STemWin532_CM4_Keil.lib(lcd_getex.o)
    0x080066ec   0x00000006   Code   RO         3915    i.LCD_GetVYSizeEx   STemWin532_CM4_Keil.lib(lcd_getex.o)
    0x080066f2   0x00000002   PAD
    0x080066f4   0x00000010   Code   RO         3919    i.LCD_GetXSize      STemWin532_CM4_Keil.lib(lcd_getex.o)
    0x08006704   0x0000000c   Code   RO         3920    i.LCD_GetXSizeDisplay  STemWin532_CM4_Keil.lib(lcd_getex.o)
    0x08006710   0x00000006   Code   RO         3921    i.LCD_GetXSizeEx    STemWin532_CM4_Keil.lib(lcd_getex.o)
    0x08006716   0x00000006   Code   RO         3922    i.LCD_GetXSizeMax   STemWin532_CM4_Keil.lib(lcd_getex.o)
    0x0800671c   0x00000010   Code   RO         3925    i.LCD_GetYSize      STemWin532_CM4_Keil.lib(lcd_getex.o)
    0x0800672c   0x0000000c   Code   RO         3926    i.LCD_GetYSizeDisplay  STemWin532_CM4_Keil.lib(lcd_getex.o)
    0x08006738   0x00000006   Code   RO         3927    i.LCD_GetYSizeEx    STemWin532_CM4_Keil.lib(lcd_getex.o)
    0x0800673e   0x00000006   Code   RO         3928    i.LCD_GetYSizeMax   STemWin532_CM4_Keil.lib(lcd_getex.o)
    0x08006744   0x00000004   Code   RO         3880    i.LCD_GetpPalConvTableBM  STemWin532_CM4_Keil.lib(lcd_color.o)
    0x08006748   0x00000048   Code   RO         3881    i.LCD_GetpPalConvTableUncached  STemWin532_CM4_Keil.lib(lcd_color.o)
    0x08006790   0x0000001c   Code   RO         3847    i.LCD_Index2Color   STemWin532_CM4_Keil.lib(lcd.o)
    0x080067ac   0x0000002c   Code   RO         3175    i.LCD_Index2Color_565  STemWin532_CM4_Keil.lib(guicc_565.o)
    0x080067d8   0x00000002   Code   RO         5065    i.LCD_Index2Color_888  STemWin532_CM4_Keil.lib(guicc_888_index2color.o)
    0x080067da   0x00000002   Code   RO         5067    i.LCD_Index2Color_8888  STemWin532_CM4_Keil.lib(guicc_8888_index2color.o)
    0x080067dc   0x00000034   Code   RO         3882    i.LCD_InitColors    STemWin532_CM4_Keil.lib(lcd_color.o)
    0x08006810   0x0000007c   Code   RO         3883    i.LCD_InitLUT       STemWin532_CM4_Keil.lib(lcd_color.o)
    0x0800688c   0x00000198   Code   RO         5093    i.LCD_ReadRectEx    STemWin532_CM4_Keil.lib(lcd_readrect.o)
    0x08006a24   0x00000040   Code   RO         5100    i.LCD_SelectLCD     STemWin532_CM4_Keil.lib(lcd_selectlcd.o)
    0x08006a64   0x0000000c   Code   RO         3848    i.LCD_SetBkColor    STemWin532_CM4_Keil.lib(lcd.o)
    0x08006a70   0x00000018   Code   RO         3849    i.LCD_SetBkColorIndex  STemWin532_CM4_Keil.lib(lcd.o)
    0x08006a88   0x00000030   Code   RO         3979    i.LCD_SetClipRectEx  STemWin532_CM4_Keil.lib(lcd_setcliprectex.o)
    0x08006ab8   0x0000001c   Code   RO         3850    i.LCD_SetClipRectMax  STemWin532_CM4_Keil.lib(lcd.o)
    0x08006ad4   0x0000000c   Code   RO         3851    i.LCD_SetColor      STemWin532_CM4_Keil.lib(lcd.o)
    0x08006ae0   0x00000018   Code   RO         3852    i.LCD_SetColorIndex  STemWin532_CM4_Keil.lib(lcd.o)
    0x08006af8   0x0000000c   Code   RO         3931    i.LCD_SetDisplaySize  STemWin532_CM4_Keil.lib(lcd_getex.o)
    0x08006b04   0x0000000c   Code   RO         3853    i.LCD_SetDrawMode   STemWin532_CM4_Keil.lib(lcd.o)
    0x08006b10   0x0000002c   Code   RO         3200    i.LCD_SetLUTEntryEx  STemWin532_CM4_Keil.lib(lcd_set.o)
    0x08006b3c   0x0000002c   Code   RO         3204    i.LCD_SetSizeEx     STemWin532_CM4_Keil.lib(lcd_set.o)
    0x08006b68   0x0000002c   Code   RO         3208    i.LCD_SetVSizeEx    STemWin532_CM4_Keil.lib(lcd_set.o)
    0x08006b94   0x00000024   Code   RO         4618    i.LCD_UpdateColorIndices  STemWin532_CM4_Keil.lib(lcd_updatecolorindices.o)
    0x08006bb8   0x0000008c   Code   RO         2997    i.LCD_X_Config      lcdconf_flexcolor.o
    0x08006c44   0x0000001a   Code   RO         2998    i.LCD_X_DisplayDriver  lcdconf_flexcolor.o
    0x08006c5e   0x00000002   PAD
    0x08006c60   0x000001b4   Code   RO         3854    i.LCD__DrawBitmap_1bpp  STemWin532_CM4_Keil.lib(lcd.o)
    0x08006e14   0x0000005c   Code   RO         3932    i.LCD__GetBPP       STemWin532_CM4_Keil.lib(lcd_getex.o)
    0x08006e70   0x00000032   Code   RO         3933    i.LCD__GetBPPDevice  STemWin532_CM4_Keil.lib(lcd_getex.o)
    0x08006ea2   0x00000002   PAD
    0x08006ea4   0x00000018   Code   RO         2999    i.LcdReadDataMultiple  lcdconf_flexcolor.o
    0x08006ebc   0x0000000c   Code   RO         3000    i.LcdWriteData      lcdconf_flexcolor.o
    0x08006ec8   0x00000018   Code   RO         3001    i.LcdWriteDataMultiple  lcdconf_flexcolor.o
    0x08006ee0   0x00000008   Code   RO         3002    i.LcdWriteReg       lcdconf_flexcolor.o
    0x08006ee8   0x00000046   Code   RO          490    i.Lcd_ClearScreen   display_ssd1963.o
    0x08006f2e   0x00000044   Code   RO          492    i.Lcd_SetArea       display_ssd1963.o
    0x08006f72   0x00000008   Code   RO          494    i.Lcd_Write_Cmd     display_ssd1963.o
    0x08006f7a   0x00000002   PAD
    0x08006f7c   0x0000000c   Code   RO          495    i.Lcd_Write_Data    display_ssd1963.o
    0x08006f88   0x00000070   Code   RO          276    i.MX_FMC_Init       main.o
    0x08006ff8   0x0000015c   Code   RO          277    i.MX_GPIO_Init      main.o
    0x08007154   0x0000003c   Code   RO          278    i.MX_I2C1_Init      main.o
    0x08007190   0x00000040   Code   RO          279    i.MX_I2C3_Init      main.o
    0x080071d0   0x00000004   Code   RO          171    i.MemManage_Handler  stm32f4xx_it.o
    0x080071d4   0x00000002   Code   RO          172    i.NMI_Handler       stm32f4xx_it.o
    0x080071d6   0x00000002   PAD
    0x080071d8   0x00000010   Code   RO         1386    i.NVIC_GetPriorityGrouping  stm32f4xx_hal_cortex.o
    0x080071e8   0x00000028   Code   RO         1387    i.NVIC_SetPriority  stm32f4xx_hal_cortex.o
    0x08007210   0x00000008   Code   RO          173    i.PVD_IRQHandler    stm32f4xx_it.o
    0x08007218   0x00000002   Code   RO          174    i.PendSV_Handler    stm32f4xx_it.o
    0x0800721a   0x00000002   Code   RO          175    i.SVC_Handler       stm32f4xx_it.o
    0x0800721c   0x0000001c   Code   RO          176    i.SysTick_Handler   stm32f4xx_it.o
    0x08007238   0x000000d0   Code   RO          280    i.SystemClock_Config  main.o
    0x08007308   0x00000064   Code   RO         2900    i.SystemInit        system_stm32f4xx.o
    0x0800736c   0x00000150   Code   RO          498    i.TFT_Draw_Circle   display_ssd1963.o
    0x080074bc   0x00000036   Code   RO          501    i.TFT_Draw_Fill_Rectangle  display_ssd1963.o
    0x080074f2   0x00000008   Code   RO          510    i.TFT_Send_Cmd      display_ssd1963.o
    0x080074fa   0x0000002a   Code   RO          511    i.TFT_Set_Work_Area  display_ssd1963.o
    0x08007524   0x00000026   Code   RO          512    i.TFT_Set_X         display_ssd1963.o
    0x0800754a   0x00000026   Code   RO          514    i.TFT_Set_Y         display_ssd1963.o
    0x08007570   0x0000000c   Code   RO          515    i.TFT_Write_Data    display_ssd1963.o
    0x0800757c   0x00000004   Code   RO          177    i.UsageFault_Handler  stm32f4xx_it.o
    0x08007580   0x00000028   Code   RO         4202    i.WIDGET_AndState   STemWin532_CM4_Keil.lib(widget.o)
    0x080075a8   0x00000120   Code   RO         4205    i.WIDGET_HandleActive  STemWin532_CM4_Keil.lib(widget.o)
    0x080076c8   0x00000028   Code   RO         4206    i.WIDGET_OrState    STemWin532_CM4_Keil.lib(widget.o)
    0x080076f0   0x00000022   Code   RO         4208    i.WIDGET_SetState   STemWin532_CM4_Keil.lib(widget.o)
    0x08007712   0x00000006   Code   RO         4213    i.WIDGET__EFFECT_DrawDown  STemWin532_CM4_Keil.lib(widget.o)
    0x08007718   0x0000003a   Code   RO         4214    i.WIDGET__EFFECT_DrawDownRect  STemWin532_CM4_Keil.lib(widget.o)
    0x08007752   0x00000002   PAD
    0x08007754   0x00000110   Code   RO         4253    i.WIDGET__FillStringInRect  STemWin532_CM4_Keil.lib(widget_fillstringinrect.o)
    0x08007864   0x0000001a   Code   RO         4219    i.WIDGET__GetInsideRect  STemWin532_CM4_Keil.lib(widget.o)
    0x0800787e   0x00000002   PAD
    0x08007880   0x00000010   Code   RO         4223    i.WIDGET__Init      STemWin532_CM4_Keil.lib(widget.o)
    0x08007890   0x0000001e   Code   RO         4224    i.WIDGET__RotateRect90  STemWin532_CM4_Keil.lib(widget.o)
    0x080078ae   0x0000010e   Code   RO         3496    i.WINDOW_Callback   STemWin532_CM4_Keil.lib(window.o)
    0x080079bc   0x0000003c   Code   RO         3498    i.WINDOW_CreateIndirect  STemWin532_CM4_Keil.lib(window.o)
    0x080079f8   0x00000058   Code   RO         3499    i.WINDOW_CreateUser  STemWin532_CM4_Keil.lib(window.o)
    0x08007a50   0x00000010   Code   RO         3511    i.WM_Activate       STemWin532_CM4_Keil.lib(wm.o)
    0x08007a60   0x0000007e   Code   RO         4264    i.WM_BringToBottom  STemWin532_CM4_Keil.lib(wm_bringtobottom.o)
    0x08007ade   0x00000004   Code   RO         4861    i.WM_BringToTop     STemWin532_CM4_Keil.lib(wm_bringtotop.o)
    0x08007ae2   0x00000002   PAD
    0x08007ae4   0x00000148   Code   RO         3513    i.WM_CreateWindowAsChild  STemWin532_CM4_Keil.lib(wm.o)
    0x08007c2c   0x00000014   Code   RO         3514    i.WM_Deactivate     STemWin532_CM4_Keil.lib(wm.o)
    0x08007c40   0x00000046   Code   RO         3515    i.WM_DefaultProc    STemWin532_CM4_Keil.lib(wm.o)
    0x08007c86   0x00000020   Code   RO         4321    i.WM_DeleteTimer    STemWin532_CM4_Keil.lib(wm_timer.o)
    0x08007ca6   0x00000002   PAD
    0x08007ca8   0x000000e8   Code   RO         3516    i.WM_DeleteWindow   STemWin532_CM4_Keil.lib(wm.o)
    0x08007d90   0x00000078   Code   RO         3517    i.WM_Exec           STemWin532_CM4_Keil.lib(wm.o)
    0x08007e08   0x00000004   Code   RO         5114    i.WM_ForEachDesc    STemWin532_CM4_Keil.lib(wm_foreachdesc.o)
    0x08007e0c   0x0000000c   Code   RO         3518    i.WM_GetActiveWindow  STemWin532_CM4_Keil.lib(wm.o)
    0x08007e18   0x0000001c   Code   RO         4270    i.WM_GetClientRect  STemWin532_CM4_Keil.lib(wm_getclientrect.o)
    0x08007e34   0x00000004   Code   RO         4271    i.WM_GetClientRectEx  STemWin532_CM4_Keil.lib(wm_getclientrect.o)
    0x08007e38   0x00000016   Code   RO         4276    i.WM_GetClientWindow  STemWin532_CM4_Keil.lib(wm_getclientwindow.o)
    0x08007e4e   0x00000002   PAD
    0x08007e50   0x00000018   Code   RO         3625    i.WM_GetDesktopWindow  STemWin532_CM4_Keil.lib(wm_getdesktopwindow.o)
    0x08007e68   0x00000010   Code   RO         3627    i.WM_GetDialogItem  STemWin532_CM4_Keil.lib(wm_getdialogitem.o)
    0x08007e78   0x0000000e   Code   RO         4278    i.WM_GetFirstChild  STemWin532_CM4_Keil.lib(wm_getfirstchild.o)
    0x08007e86   0x00000002   PAD
    0x08007e88   0x00000014   Code   RO         4280    i.WM_GetFocussedWindow  STemWin532_CM4_Keil.lib(wm_getfocussedwindow.o)
    0x08007e9c   0x0000001a   Code   RO         3631    i.WM_GetId          STemWin532_CM4_Keil.lib(wm_getid.o)
    0x08007eb6   0x0000000e   Code   RO         4877    i.WM_GetParent      STemWin532_CM4_Keil.lib(wm_getparent.o)
    0x08007ec4   0x00000016   Code   RO         4871    i.WM_GetWindowOrgX  STemWin532_CM4_Keil.lib(wm_getorg.o)
    0x08007eda   0x00000022   Code   RO         4282    i.WM_GetWindowSizeX  STemWin532_CM4_Keil.lib(wm_getwindowsize.o)
    0x08007efc   0x00000022   Code   RO         4283    i.WM_GetWindowSizeY  STemWin532_CM4_Keil.lib(wm_getwindowsize.o)
    0x08007f1e   0x00000002   PAD
    0x08007f20   0x00000020   Code   RO         4292    i.WM_HasFocus       STemWin532_CM4_Keil.lib(wm_hasfocus.o)
    0x08007f40   0x000000d4   Code   RO         3520    i.WM_Init           STemWin532_CM4_Keil.lib(wm.o)
    0x08008014   0x00000076   Code   RO         3521    i.WM_InvalidateRect  STemWin532_CM4_Keil.lib(wm.o)
    0x0800808a   0x00000006   Code   RO         3522    i.WM_InvalidateWindow  STemWin532_CM4_Keil.lib(wm.o)
    0x08008090   0x00000028   Code   RO         4316    i.WM_InvalidateWindowAndDescs  STemWin532_CM4_Keil.lib(wm_show.o)
    0x080080b8   0x0000005e   Code   RO         3523    i.WM_InvalidateWindowAndDescsEx  STemWin532_CM4_Keil.lib(wm.o)
    0x08008116   0x00000030   Code   RO         4883    i.WM_IsFocussable   STemWin532_CM4_Keil.lib(wm_isfocussable.o)
    0x08008146   0x00000004   Code   RO         4294    i.WM_IsWindow       STemWin532_CM4_Keil.lib(wm_iswindow.o)
    0x0800814a   0x00000004   Code   RO         5119    i.WM_MoveWindow     STemWin532_CM4_Keil.lib(wm_move.o)
    0x0800814e   0x00000010   Code   RO         4296    i.WM_NotifyParent   STemWin532_CM4_Keil.lib(wm_notifyparent.o)
    0x0800815e   0x00000002   PAD
    0x08008160   0x00000038   Code   RO         4885    i.WM_OnKey          STemWin532_CM4_Keil.lib(wm_onkey.o)
    0x08008198   0x000000ec   Code   RO         5128    i.WM_ResizeWindow   STemWin532_CM4_Keil.lib(wm_resizewindow.o)
    0x08008284   0x00000028   Code   RO         4323    i.WM_RestartTimer   STemWin532_CM4_Keil.lib(wm_timer.o)
    0x080082ac   0x0000003c   Code   RO         3524    i.WM_SelectWindow   STemWin532_CM4_Keil.lib(wm.o)
    0x080082e8   0x0000000a   Code   RO         3525    i.WM_SendMessage    STemWin532_CM4_Keil.lib(wm.o)
    0x080082f2   0x00000004   Code   RO         4298    i.WM_SendMessageNoPara  STemWin532_CM4_Keil.lib(wm_sendmessagenopara.o)
    0x080082f6   0x0000001e   Code   RO         4300    i.WM_SendToParent   STemWin532_CM4_Keil.lib(wm_sendtoparent.o)
    0x08008314   0x00000014   Code   RO         3526    i.WM_SetDefault     STemWin532_CM4_Keil.lib(wm.o)
    0x08008328   0x0000009c   Code   RO         4302    i.WM_SetFocus       STemWin532_CM4_Keil.lib(wm_setfocus.o)
    0x080083c4   0x00000010   Code   RO         4304    i.WM_SetFocusOnNextChild  STemWin532_CM4_Keil.lib(wm_setfocusonnextchild.o)
    0x080083d4   0x00000040   Code   RO         4310    i.WM_SetFocusOnPrevChild  STemWin532_CM4_Keil.lib(wm_setfocusonprevchild.o)
    0x08008414   0x00000040   Code   RO         5132    i.WM_SetHasTrans    STemWin532_CM4_Keil.lib(wm_settrans.o)
    0x08008454   0x0000003e   Code   RO         4910    i.WM_SetSize        STemWin532_CM4_Keil.lib(wm_setsize.o)
    0x08008492   0x00000002   PAD
    0x08008494   0x00000018   Code   RO         4314    i.WM_SetUserClipRect  STemWin532_CM4_Keil.lib(wm_setusercliprect.o)
    0x080084ac   0x00000026   Code   RO         4317    i.WM_ShowWindow     STemWin532_CM4_Keil.lib(wm_show.o)
    0x080084d2   0x00000002   PAD
    0x080084d4   0x0000002c   Code   RO         5151    i.WM_ValidateWindow  STemWin532_CM4_Keil.lib(wm_validatewindow.o)
    0x08008500   0x00000048   Code   RO         3527    i.WM__ActivateClipRect  STemWin532_CM4_Keil.lib(wm.o)
    0x08008548   0x00000010   Code   RO         4266    i.WM__AddCriticalHandle  STemWin532_CM4_Keil.lib(wm_criticalhandle.o)
    0x08008558   0x00000010   Code   RO         3528    i.WM__Client2Screen  STemWin532_CM4_Keil.lib(wm.o)
    0x08008568   0x0000004e   Code   RO         3529    i.WM__ClipAtParentBorders  STemWin532_CM4_Keil.lib(wm.o)
    0x080085b6   0x0000004a   Code   RO         4324    i.WM__DeleteAssocTimer  STemWin532_CM4_Keil.lib(wm_timer.o)
    0x08008600   0x00000028   Code   RO         3531    i.WM__DetachWindow  STemWin532_CM4_Keil.lib(wm.o)
    0x08008628   0x0000002c   Code   RO         5149    i.WM__ForEachDesc   STemWin532_CM4_Keil.lib(wm__foreachdesc.o)
    0x08008654   0x00000020   Code   RO         4272    i.WM__GetClientRectEx  STemWin532_CM4_Keil.lib(wm_getclientrect.o)
    0x08008674   0x00000018   Code   RO         3532    i.WM__GetClientRectWin  STemWin532_CM4_Keil.lib(wm.o)
    0x0800868c   0x00000012   Code   RO         5110    i.WM__GetFirstSibling  STemWin532_CM4_Keil.lib(wm__getfirstsibling.o)
    0x0800869e   0x00000002   PAD
    0x080086a0   0x00000028   Code   RO         4847    i.WM__GetFocussedChild  STemWin532_CM4_Keil.lib(wm__getfocussedchild.o)
    0x080086c8   0x00000018   Code   RO         4849    i.WM__GetLastSibling  STemWin532_CM4_Keil.lib(wm__getlastsibling.o)
    0x080086e0   0x00000040   Code   RO         3533    i.WM__GetNextIVR    STemWin532_CM4_Keil.lib(wm.o)
    0x08008720   0x00000024   Code   RO         4851    i.WM__GetPrevSibling  STemWin532_CM4_Keil.lib(wm__getprevsibling.o)
    0x08008744   0x00000018   Code   RO         3534    i.WM__GetTopLevelLayer  STemWin532_CM4_Keil.lib(wm.o)
    0x0800875c   0x000000f0   Code   RO         3535    i.WM__InitIVRSearch  STemWin532_CM4_Keil.lib(wm.o)
    0x0800884c   0x000000a4   Code   RO         3536    i.WM__InsertWindowIntoList  STemWin532_CM4_Keil.lib(wm.o)
    0x080088f0   0x00000006   Code   RO         3537    i.WM__Invalidate1Abs  STemWin532_CM4_Keil.lib(wm.o)
    0x080088f6   0x00000002   PAD
    0x080088f8   0x00000054   Code   RO         3538    i.WM__InvalidateDrawAndDescs  STemWin532_CM4_Keil.lib(wm.o)
    0x0800894c   0x0000002a   Code   RO         3539    i.WM__InvalidateParent  STemWin532_CM4_Keil.lib(wm.o)
    0x08008976   0x00000076   Code   RO         3540    i.WM__InvalidateRect  STemWin532_CM4_Keil.lib(wm.o)
    0x080089ec   0x00000006   Code   RO         3541    i.WM__InvalidateRectEx  STemWin532_CM4_Keil.lib(wm.o)
    0x080089f2   0x00000002   PAD
    0x080089f4   0x00000022   Code   RO         4255    i.WM__IsAncestor    STemWin532_CM4_Keil.lib(wm__isancestor.o)
    0x08008a16   0x0000000c   Code   RO         4256    i.WM__IsAncestorOrSelf  STemWin532_CM4_Keil.lib(wm__isancestor.o)
    0x08008a22   0x00000022   Code   RO         5112    i.WM__IsChild       STemWin532_CM4_Keil.lib(wm__ischild.o)
    0x08008a44   0x00000016   Code   RO         4259    i.WM__IsEnabled     STemWin532_CM4_Keil.lib(wm__isenabled.o)
    0x08008a5a   0x00000002   PAD
    0x08008a5c   0x00000024   Code   RO         3542    i.WM__IsWindow      STemWin532_CM4_Keil.lib(wm.o)
    0x08008a80   0x0000009a   Code   RO         5121    i.WM__MoveWindow    STemWin532_CM4_Keil.lib(wm_move.o)
    0x08008b1a   0x00000002   PAD
    0x08008b1c   0x000000a0   Code   RO         3543    i.WM__Paint         STemWin532_CM4_Keil.lib(wm.o)
    0x08008bbc   0x0000008c   Code   RO         3544    i.WM__Paint1        STemWin532_CM4_Keil.lib(wm.o)
    0x08008c48   0x00000078   Code   RO         3545    i.WM__PaintWinAndOverlays  STemWin532_CM4_Keil.lib(wm.o)
    0x08008cc0   0x00000020   Code   RO         3546    i.WM__RectIsNZ      STemWin532_CM4_Keil.lib(wm.o)
    0x08008ce0   0x00000040   Code   RO         3547    i.WM__RemoveWindowFromList  STemWin532_CM4_Keil.lib(wm.o)
    0x08008d20   0x00000014   Code   RO         4853    i.WM__Screen2Client  STemWin532_CM4_Keil.lib(wm__screen2client.o)
    0x08008d34   0x00000014   Code   RO         3548    i.WM__SelectTopLevelLayer  STemWin532_CM4_Keil.lib(wm.o)
    0x08008d48   0x0000003c   Code   RO         4261    i.WM__SendMessage   STemWin532_CM4_Keil.lib(wm__sendmessage.o)
    0x08008d84   0x00000026   Code   RO         4857    i.WM__SendMessageNoPara  STemWin532_CM4_Keil.lib(wm__sendmessagenopara.o)
    0x08008daa   0x0000000e   Code   RO         3549    i.WM__SendMsgNoData  STemWin532_CM4_Keil.lib(wm.o)
    0x08008db8   0x000000dc   Code   RO         4859    i.WM__UpdateChildPositions  STemWin532_CM4_Keil.lib(wm__updatechildpositions.o)
    0x08008e94   0x00000090   Code   RO         3064    i._AddFreeMemory    STemWin532_CM4_Keil.lib(gui_alloc.o)
    0x08008f24   0x000000b8   Code   RO         3065    i._Alloc            STemWin532_CM4_Keil.lib(gui_alloc.o)
    0x08008fdc   0x00000070   Code   RO         4862    i._BringToTop       STemWin532_CM4_Keil.lib(wm_bringtotop.o)
    0x0800904c   0x00000004   Code   RO         3818    i._CalcSizeOfChar   STemWin532_CM4_Keil.lib(gui_uc_encodenone.o)
    0x08009050   0x00000148   Code   RO         3454    i._CalcSizes        STemWin532_CM4_Keil.lib(edit.o)
    0x08009198   0x00000046   Code   RO         3455    i._ChangeCharacter  STemWin532_CM4_Keil.lib(edit.o)
    0x080091de   0x00000002   PAD
    0x080091e0   0x00000038   Code   RO         3176    i._Color2IndexBulk  STemWin532_CM4_Keil.lib(guicc_565.o)
    0x08009218   0x0000000e   Code   RO         4606    i._Color2IndexBulk  STemWin532_CM4_Keil.lib(guicc_8888.o)
    0x08009226   0x00000002   PAD
    0x08009228   0x00000054   Code   RO         4597    i._Color2Index_0    STemWin532_CM4_Keil.lib(guicc_0.o)
    0x0800927c   0x0000002c   Code   RO         3177    i._Color2Index_565  STemWin532_CM4_Keil.lib(guicc_565.o)
    0x080092a8   0x00000002   Code   RO         4607    i._Color2Index_8888  STemWin532_CM4_Keil.lib(guicc_8888.o)
    0x080092aa   0x0000003e   Code   RO         4801    i._Convert16        STemWin532_CM4_Keil.lib(guidev_writetoactiveopaque.o)
    0x080092e8   0x0000003e   Code   RO         4802    i._Convert8         STemWin532_CM4_Keil.lib(guidev_writetoactiveopaque.o)
    0x08009326   0x00000030   Code   RO         4813    i._Create           STemWin532_CM4_Keil.lib(button_skin.o)
    0x08009356   0x00000002   PAD
    0x08009358   0x00000148   Code   RO         4149    i._CreateStaticDevice  STemWin532_CM4_Keil.lib(guidev_staticdevices.o)
    0x080094a0   0x0000001c   Code   RO         3365    i._Data2Index_16bpp_B16  STemWin532_CM4_Keil.lib(guidrv_flexcolor_func66720.o)
    0x080094bc   0x00000016   Code   RO         3366    i._Data2Index_16bpp_B8  STemWin532_CM4_Keil.lib(guidrv_flexcolor_func66720.o)
    0x080094d2   0x00000012   Code   RO         3550    i._DeleteAllChildren  STemWin532_CM4_Keil.lib(wm.o)
    0x080094e4   0x00000060   Code   RO         3456    i._DeleteChar       STemWin532_CM4_Keil.lib(edit.o)
    0x08009544   0x00000020   Code   RO         3551    i._DesktopHandle2Index  STemWin532_CM4_Keil.lib(wm.o)
    0x08009564   0x00000074   Code   RO         4387    i._DispLine         STemWin532_CM4_Keil.lib(gui_charline.o)
    0x080095d8   0x00000148   Code   RO         3346    i._DrawBitLine1BPP  STemWin532_CM4_Keil.lib(guidrv_flexcolor_16bpp_c0b16.o)
    0x08009720   0x00000148   Code   RO         4100    i._DrawBitLine1BPP  STemWin532_CM4_Keil.lib(guidev_16.o)
    0x08009868   0x0000011c   Code   RO         4718    i._DrawBitLine1BPP  STemWin532_CM4_Keil.lib(guidev_32.o)
    0x08009984   0x00000118   Code   RO         3347    i._DrawBitLine2BPP  STemWin532_CM4_Keil.lib(guidrv_flexcolor_16bpp_c0b16.o)
    0x08009a9c   0x000000e0   Code   RO         4101    i._DrawBitLine2BPP  STemWin532_CM4_Keil.lib(guidev_16.o)
    0x08009b7c   0x000000e0   Code   RO         4719    i._DrawBitLine2BPP  STemWin532_CM4_Keil.lib(guidev_32.o)
    0x08009c5c   0x000000a0   Code   RO         4720    i._DrawBitLine32BPP_DDB  STemWin532_CM4_Keil.lib(guidev_32.o)
    0x08009cfc   0x00000118   Code   RO         3348    i._DrawBitLine4BPP  STemWin532_CM4_Keil.lib(guidrv_flexcolor_16bpp_c0b16.o)
    0x08009e14   0x00000160   Code   RO         4102    i._DrawBitLine4BPP  STemWin532_CM4_Keil.lib(guidev_16.o)
    0x08009f74   0x00000158   Code   RO         4721    i._DrawBitLine4BPP  STemWin532_CM4_Keil.lib(guidev_32.o)
    0x0800a0cc   0x000000d4   Code   RO         3349    i._DrawBitLine8BPP  STemWin532_CM4_Keil.lib(guidrv_flexcolor_16bpp_c0b16.o)
    0x0800a1a0   0x00000022   Code   RO         3251    i._DrawBitmap       STemWin532_CM4_Keil.lib(guidrv_flexcolor.o)
    0x0800a1c2   0x00000002   PAD
    0x0800a1c4   0x000000f4   Code   RO         3350    i._DrawBitmap       STemWin532_CM4_Keil.lib(guidrv_flexcolor_16bpp_c0b16.o)
    0x0800a2b8   0x000002a0   Code   RO         4103    i._DrawBitmap       STemWin532_CM4_Keil.lib(guidev_16.o)
    0x0800a558   0x000002a4   Code   RO         4722    i._DrawBitmap       STemWin532_CM4_Keil.lib(guidev_32.o)
    0x0800a7fc   0x00000010   Code   RO         4834    i._DrawDown         STemWin532_CM4_Keil.lib(widget_effect_simple.o)
    0x0800a80c   0x00000038   Code   RO         4835    i._DrawDownRect     STemWin532_CM4_Keil.lib(widget_effect_simple.o)
    0x0800a844   0x0000017e   Code   RO         4970    i._DrawGradient     STemWin532_CM4_Keil.lib(gui_drawgradient.o)
    0x0800a9c2   0x0000000e   Code   RO         3252    i._DrawHLine        STemWin532_CM4_Keil.lib(guidrv_flexcolor.o)
    0x0800a9d0   0x0000000a   Code   RO         4104    i._DrawHLine        STemWin532_CM4_Keil.lib(guidev_16.o)
    0x0800a9da   0x0000000a   Code   RO         4723    i._DrawHLine        STemWin532_CM4_Keil.lib(guidev_32.o)
    0x0800a9e4   0x0000005c   Code   RO         3552    i._DrawNext         STemWin532_CM4_Keil.lib(wm.o)
    0x0800aa40   0x00000172   Code   RO         4922    i._DrawTwinArc4     STemWin532_CM4_Keil.lib(gui__drawtwinarc.o)
    0x0800abb2   0x00000010   Code   RO         4836    i._DrawUp           STemWin532_CM4_Keil.lib(widget_effect_simple.o)
    0x0800abc2   0x00000002   PAD
    0x0800abc4   0x00000038   Code   RO         4837    i._DrawUpRect       STemWin532_CM4_Keil.lib(widget_effect_simple.o)
    0x0800abfc   0x00000010   Code   RO         3253    i._DrawVLine        STemWin532_CM4_Keil.lib(guidrv_flexcolor.o)
    0x0800ac0c   0x000000b8   Code   RO         4105    i._DrawVLine        STemWin532_CM4_Keil.lib(guidev_16.o)
    0x0800acc4   0x000000ac   Code   RO         4724    i._DrawVLine        STemWin532_CM4_Keil.lib(guidev_32.o)
    0x0800ad70   0x00000056   Code   RO         4226    i._EffectRequiresRedraw  STemWin532_CM4_Keil.lib(widget.o)
    0x0800adc6   0x00000006   Code   RO         3819    i._Encode           STemWin532_CM4_Keil.lib(gui_uc_encodenone.o)
    0x0800adcc   0x00000098   Code   RO         3066    i._EnlargeBlocks    STemWin532_CM4_Keil.lib(gui_alloc.o)
    0x0800ae64   0x00000070   Code   RO         3553    i._Exec1Input       STemWin532_CM4_Keil.lib(wm.o)
    0x0800aed4   0x00000010   Code   RO         3254    i._FillRect         STemWin532_CM4_Keil.lib(guidrv_flexcolor.o)
    0x0800aee4   0x000000f8   Code   RO         3351    i._FillRect         STemWin532_CM4_Keil.lib(guidrv_flexcolor_16bpp_c0b16.o)
    0x0800afdc   0x000000ac   Code   RO         4106    i._FillRect         STemWin532_CM4_Keil.lib(guidev_16.o)
    0x0800b088   0x000000a4   Code   RO         4725    i._FillRect         STemWin532_CM4_Keil.lib(guidev_32.o)
    0x0800b12c   0x00000148   Code   RO         3554    i._FindNext_IVR     STemWin532_CM4_Keil.lib(wm.o)
    0x0800b274   0x0000007c   Code   RO         3555    i._Findx0           STemWin532_CM4_Keil.lib(wm.o)
    0x0800b2f0   0x00000072   Code   RO         3556    i._Findx1           STemWin532_CM4_Keil.lib(wm.o)
    0x0800b362   0x000000a6   Code   RO         3557    i._Findy1           STemWin532_CM4_Keil.lib(wm.o)
    0x0800b408   0x00000004   Code   RO         4784    i._GUI_USAGE_BM_Delete  STemWin532_CM4_Keil.lib(guidev_usagebm.o)
    0x0800b40c   0x00000004   Code   RO         3820    i._GetCharCode      STemWin532_CM4_Keil.lib(gui_uc_encodenone.o)
    0x0800b410   0x00000004   Code   RO         3821    i._GetCharSize      STemWin532_CM4_Keil.lib(gui_uc_encodenone.o)
    0x0800b414   0x0000002c   Code   RO         3649    i._GetCursorCharacter  STemWin532_CM4_Keil.lib(gui__getcursorpos.o)
    0x0800b440   0x00000042   Code   RO         3650    i._GetCursorPosChar  STemWin532_CM4_Keil.lib(gui__getcursorpos.o)
    0x0800b482   0x0000001c   Code   RO         3651    i._GetCursorPosX    STemWin532_CM4_Keil.lib(gui__getcursorpos.o)
    0x0800b49e   0x0000000a   Code   RO         4286    i._GetDefaultWin    STemWin532_CM4_Keil.lib(wm_getwindowsize.o)
    0x0800b4a8   0x0000000e   Code   RO         3255    i._GetDevData       STemWin532_CM4_Keil.lib(guidrv_flexcolor.o)
    0x0800b4b6   0x00000002   PAD
    0x0800b4b8   0x00000010   Code   RO         4107    i._GetDevData       STemWin532_CM4_Keil.lib(guidev_16.o)
    0x0800b4c8   0x00000010   Code   RO         4726    i._GetDevData       STemWin532_CM4_Keil.lib(guidev_32.o)
    0x0800b4d8   0x00000070   Code   RO         3256    i._GetDevFunc       STemWin532_CM4_Keil.lib(guidrv_flexcolor.o)
    0x0800b548   0x00000010   Code   RO         4108    i._GetDevFunc       STemWin532_CM4_Keil.lib(guidev_16.o)
    0x0800b558   0x00000010   Code   RO         4727    i._GetDevFunc       STemWin532_CM4_Keil.lib(guidev_32.o)
    0x0800b568   0x0000004c   Code   RO         3257    i._GetDevFunc_Init  STemWin532_CM4_Keil.lib(guidrv_flexcolor.o)
    0x0800b5b4   0x00000002   Code   RO         3258    i._GetDevFunc_SetRect  STemWin532_CM4_Keil.lib(guidrv_flexcolor.o)
    0x0800b5b6   0x00000002   PAD
    0x0800b5b8   0x00000040   Code   RO         3259    i._GetDevFunc_SetRectOutside  STemWin532_CM4_Keil.lib(guidrv_flexcolor.o)
    0x0800b5f8   0x00000014   Code   RO         3260    i._GetDevFunc_SetSize  STemWin532_CM4_Keil.lib(guidrv_flexcolor.o)
    0x0800b60c   0x00000014   Code   RO         3261    i._GetDevFunc_SetVSize  STemWin532_CM4_Keil.lib(guidrv_flexcolor.o)
    0x0800b620   0x00000066   Code   RO         3262    i._GetDevProp       STemWin532_CM4_Keil.lib(guidrv_flexcolor.o)
    0x0800b686   0x0000001e   Code   RO         3934    i._GetDevProp       STemWin532_CM4_Keil.lib(lcd_getex.o)
    0x0800b6a4   0x00000010   Code   RO         4109    i._GetDevProp       STemWin532_CM4_Keil.lib(guidev_16.o)
    0x0800b6b4   0x0000000c   Code   RO         4728    i._GetDevProp       STemWin532_CM4_Keil.lib(guidev_32.o)
    0x0800b6c0   0x00000040   Code   RO         3628    i._GetDialogItem    STemWin532_CM4_Keil.lib(wm_getdialogitem.o)
    0x0800b700   0x00000052   Code   RO         4598    i._GetIndexMask_0   STemWin532_CM4_Keil.lib(guicc_0.o)
    0x0800b752   0x00000006   Code   RO         3178    i._GetIndexMask_565  STemWin532_CM4_Keil.lib(guicc_565.o)
    0x0800b758   0x00000006   Code   RO         4608    i._GetIndexMask_8888  STemWin532_CM4_Keil.lib(guicc_8888.o)
    0x0800b75e   0x0000001e   Code   RO         3935    i._GetMaxValue      STemWin532_CM4_Keil.lib(lcd_getex.o)
    0x0800b77c   0x0000001c   Code   RO         3067    i._GetMinIndex      STemWin532_CM4_Keil.lib(gui_alloc.o)
    0x0800b798   0x00000022   Code   RO         4305    i._GetNextChild     STemWin532_CM4_Keil.lib(wm_setfocusonnextchild.o)
    0x0800b7ba   0x00000008   Code   RO         3263    i._GetPixelIndex    STemWin532_CM4_Keil.lib(guidrv_flexcolor.o)
    0x0800b7c2   0x0000000e   Code   RO         4110    i._GetPixelIndex    STemWin532_CM4_Keil.lib(guidev_16.o)
    0x0800b7d0   0x0000000e   Code   RO         4729    i._GetPixelIndex    STemWin532_CM4_Keil.lib(guidev_32.o)
    0x0800b7de   0x0000001a   Code   RO         4311    i._GetPrevChild     STemWin532_CM4_Keil.lib(wm_setfocusonprevchild.o)
    0x0800b7f8   0x00000016   Code   RO         3264    i._GetRect          STemWin532_CM4_Keil.lib(guidrv_flexcolor.o)
    0x0800b80e   0x00000030   Code   RO         4111    i._GetRect          STemWin532_CM4_Keil.lib(guidev_16.o)
    0x0800b83e   0x00000030   Code   RO         4730    i._GetRect          STemWin532_CM4_Keil.lib(guidev_32.o)
    0x0800b86e   0x00000054   Code   RO         4925    i._GetTwinArcPara   STemWin532_CM4_Keil.lib(gui__drawtwinarc.o)
    0x0800b8c2   0x00000002   PAD
    0x0800b8c4   0x00000010   Code   RO         3727    i._GotoX            STemWin532_CM4_Keil.lib(gui_goto.o)
    0x0800b8d4   0x00000010   Code   RO         3728    i._GotoY            STemWin532_CM4_Keil.lib(gui_goto.o)
    0x0800b8e4   0x0000001c   Code   RO         3748    i._IncPointer       STemWin532_CM4_Keil.lib(gui_onkey.o)
    0x0800b900   0x00000006   Code   RO         3749    i._IncReadPointer   STemWin532_CM4_Keil.lib(gui_onkey.o)
    0x0800b906   0x00000054   Code   RO         3457    i._IncrementBuffer  STemWin532_CM4_Keil.lib(edit.o)
    0x0800b95a   0x00000002   PAD
    0x0800b95c   0x00000048   Code   RO         3179    i._Index2ColorBulk  STemWin532_CM4_Keil.lib(guicc_565.o)
    0x0800b9a4   0x0000000e   Code   RO         4609    i._Index2ColorBulk  STemWin532_CM4_Keil.lib(guicc_8888.o)
    0x0800b9b2   0x00000020   Code   RO         4599    i._Index2Color_0    STemWin532_CM4_Keil.lib(guicc_0.o)
    0x0800b9d2   0x00000002   PAD
    0x0800b9d4   0x00000070   Code   RO         3124    i._InitContext      STemWin532_CM4_Keil.lib(gui_core.o)
    0x0800ba44   0x000000a8   Code   RO         3068    i._InitOnce         STemWin532_CM4_Keil.lib(gui_alloc.o)
    0x0800baec   0x000000b6   Code   RO         3458    i._InsertChar       STemWin532_CM4_Keil.lib(edit.o)
    0x0800bba2   0x00000002   PAD
    0x0800bba4   0x00000080   Code   RO         3558    i._Invalidate1Abs   STemWin532_CM4_Keil.lib(wm.o)
    0x0800bc24   0x0000004a   Code   RO         3459    i._IsSpaceInBuffer  STemWin532_CM4_Keil.lib(edit.o)
    0x0800bc6e   0x00000002   PAD
    0x0800bc70   0x00000088   Code   RO         4572    i._Link             STemWin532_CM4_Keil.lib(gui_timer.o)
    0x0800bcf8   0x00000004   Code   RO         3265    i._Log2PhysX_X0Y0S0  STemWin532_CM4_Keil.lib(guidrv_flexcolor.o)
    0x0800bcfc   0x00000004   Code   RO         3266    i._Log2PhysX_X0Y0S1  STemWin532_CM4_Keil.lib(guidrv_flexcolor.o)
    0x0800bd00   0x00000004   Code   RO         3267    i._Log2PhysX_X0Y1S0  STemWin532_CM4_Keil.lib(guidrv_flexcolor.o)
    0x0800bd04   0x00000004   Code   RO         3268    i._Log2PhysX_X0Y1S1  STemWin532_CM4_Keil.lib(guidrv_flexcolor.o)
    0x0800bd08   0x00000008   Code   RO         3269    i._Log2PhysX_X1Y0S0  STemWin532_CM4_Keil.lib(guidrv_flexcolor.o)
    0x0800bd10   0x00000008   Code   RO         3270    i._Log2PhysX_X1Y0S1  STemWin532_CM4_Keil.lib(guidrv_flexcolor.o)
    0x0800bd18   0x00000008   Code   RO         3271    i._Log2PhysX_X1Y1S0  STemWin532_CM4_Keil.lib(guidrv_flexcolor.o)
    0x0800bd20   0x00000008   Code   RO         3272    i._Log2PhysX_X1Y1S1  STemWin532_CM4_Keil.lib(guidrv_flexcolor.o)
    0x0800bd28   0x00000004   Code   RO         3273    i._Log2PhysY_X0Y0S0  STemWin532_CM4_Keil.lib(guidrv_flexcolor.o)
    0x0800bd2c   0x00000004   Code   RO         3274    i._Log2PhysY_X0Y0S1  STemWin532_CM4_Keil.lib(guidrv_flexcolor.o)
    0x0800bd30   0x00000008   Code   RO         3275    i._Log2PhysY_X0Y1S0  STemWin532_CM4_Keil.lib(guidrv_flexcolor.o)
    0x0800bd38   0x00000008   Code   RO         3276    i._Log2PhysY_X0Y1S1  STemWin532_CM4_Keil.lib(guidrv_flexcolor.o)
    0x0800bd40   0x00000004   Code   RO         3277    i._Log2PhysY_X1Y0S0  STemWin532_CM4_Keil.lib(guidrv_flexcolor.o)
    0x0800bd44   0x00000004   Code   RO         3278    i._Log2PhysY_X1Y0S1  STemWin532_CM4_Keil.lib(guidrv_flexcolor.o)
    0x0800bd48   0x00000008   Code   RO         3279    i._Log2PhysY_X1Y1S0  STemWin532_CM4_Keil.lib(guidrv_flexcolor.o)
    0x0800bd50   0x00000008   Code   RO         3280    i._Log2PhysY_X1Y1S1  STemWin532_CM4_Keil.lib(guidrv_flexcolor.o)
    0x0800bd58   0x00000002   Code   RO         4388    i._Log2VisBuffered  STemWin532_CM4_Keil.lib(gui_charline.o)
    0x0800bd5a   0x00000008   Code   RO         4135    i._Min              STemWin532_CM4_Keil.lib(guidev_banding.o)
    0x0800bd62   0x0000006e   Code   RO         5122    i._MoveDescendents  STemWin532_CM4_Keil.lib(wm_move.o)
    0x0800bdd0   0x0000002c   Code   RO         4177    i._OnButtonPressed  STemWin532_CM4_Keil.lib(button.o)
    0x0800bdfc   0x0000003a   Code   RO         4178    i._OnButtonReleased  STemWin532_CM4_Keil.lib(button.o)
    0x0800be36   0x00000002   PAD
    0x0800be38   0x00000034   Code   RO         3069    i._OnExit           STemWin532_CM4_Keil.lib(gui_alloc.o)
    0x0800be6c   0x0000002c   Code   RO         3125    i._OnExit           STemWin532_CM4_Keil.lib(gui_core.o)
    0x0800be98   0x00000034   Code   RO         3559    i._OnExit           STemWin532_CM4_Keil.lib(wm.o)
    0x0800becc   0x00000014   Code   RO         3885    i._OnExit           STemWin532_CM4_Keil.lib(lcd_color.o)
    0x0800bee0   0x00000028   Code   RO         4367    i._OnExit           STemWin532_CM4_Keil.lib(gui__alpha.o)
    0x0800bf08   0x00000040   Code   RO         4180    i._OnTouchDefault   STemWin532_CM4_Keil.lib(button.o)
    0x0800bf48   0x00000148   Code   RO         3460    i._Paint            STemWin532_CM4_Keil.lib(edit.o)
    0x0800c090   0x0000007e   Code   RO         4814    i._Paint            STemWin532_CM4_Keil.lib(button_skin.o)
    0x0800c10e   0x00000002   PAD
    0x0800c110   0x00000024   Code   RO         3560    i._Paint1           STemWin532_CM4_Keil.lib(wm.o)
    0x0800c134   0x0000008c   Code   RO         3561    i._Paint1Trans      STemWin532_CM4_Keil.lib(wm.o)
    0x0800c1c0   0x0000009a   Code   RO         3562    i._PaintTransChildren  STemWin532_CM4_Keil.lib(wm.o)
    0x0800c25a   0x00000002   PAD
    0x0800c25c   0x00000040   Code   RO         3070    i._PopFreeBlock     STemWin532_CM4_Keil.lib(gui_alloc.o)
    0x0800c29c   0x00000028   Code   RO         3071    i._PushFreeBlock    STemWin532_CM4_Keil.lib(gui_alloc.o)
    0x0800c2c4   0x00000006   Code   RO         3352    i._ReadData         STemWin532_CM4_Keil.lib(guidrv_flexcolor_16bpp_c0b16.o)
    0x0800c2ca   0x0000000c   Code   RO         3281    i._ReadPixelCust_16bpp  STemWin532_CM4_Keil.lib(guidrv_flexcolor.o)
    0x0800c2d6   0x0000000c   Code   RO         3282    i._ReadPixelCust_18bpp  STemWin532_CM4_Keil.lib(guidrv_flexcolor.o)
    0x0800c2e2   0x00000028   Code   RO         3367    i._ReadPixel_16bpp_B16_I  STemWin532_CM4_Keil.lib(guidrv_flexcolor_func66720.o)
    0x0800c30a   0x00000024   Code   RO         3369    i._ReadPixel_16bpp_B8  STemWin532_CM4_Keil.lib(guidrv_flexcolor_func66720.o)
    0x0800c32e   0x00000030   Code   RO         3283    i._ReadRectCust_16bpp  STemWin532_CM4_Keil.lib(guidrv_flexcolor.o)
    0x0800c35e   0x00000030   Code   RO         3284    i._ReadRectCust_18bpp  STemWin532_CM4_Keil.lib(guidrv_flexcolor.o)
    0x0800c38e   0x0000004c   Code   RO         3370    i._ReadRect_16bpp_B16_I  STemWin532_CM4_Keil.lib(guidrv_flexcolor_func66720.o)
    0x0800c3da   0x00000048   Code   RO         3372    i._ReadRect_16bpp_B8  STemWin532_CM4_Keil.lib(guidrv_flexcolor_func66720.o)
    0x0800c422   0x00000002   PAD
    0x0800c424   0x00000034   Code   RO         3072    i._RemoveFreeBlock  STemWin532_CM4_Keil.lib(gui_alloc.o)
    0x0800c458   0x0000005c   Code   RO         4574    i._RemoveFromLinList  STemWin532_CM4_Keil.lib(gui_timer.o)
    0x0800c4b4   0x000000a0   Code   RO         3073    i._RemoveHoles      STemWin532_CM4_Keil.lib(gui_alloc.o)
    0x0800c554   0x00000020   Code   RO         3855    i._SetBkColor       STemWin532_CM4_Keil.lib(lcd.o)
    0x0800c574   0x0000004c   Code   RO         3563    i._SetClipRectUserIntersect  STemWin532_CM4_Keil.lib(wm.o)
    0x0800c5c0   0x00000020   Code   RO         3856    i._SetColor         STemWin532_CM4_Keil.lib(lcd.o)
    0x0800c5e0   0x00000080   Code   RO         3285    i._SetDevFunc       STemWin532_CM4_Keil.lib(guidrv_flexcolor.o)
    0x0800c660   0x0000002c   Code   RO         3857    i._SetDrawMode      STemWin532_CM4_Keil.lib(lcd.o)
    0x0800c68c   0x00000060   Code   RO         4306    i._SetFocusOnNextChild  STemWin532_CM4_Keil.lib(wm_setfocusonnextchild.o)
    0x0800c6ec   0x00000030   Code   RO         3373    i._SetInterface     STemWin532_CM4_Keil.lib(guidrv_flexcolor_func66720.o)
    0x0800c71c   0x00000012   Code   RO         3286    i._SetOrg           STemWin532_CM4_Keil.lib(guidrv_flexcolor.o)
    0x0800c72e   0x0000000e   Code   RO         4112    i._SetOrg           STemWin532_CM4_Keil.lib(guidev_16.o)
    0x0800c73c   0x00000008   Code   RO         4731    i._SetOrg           STemWin532_CM4_Keil.lib(guidev_32.o)
    0x0800c744   0x00000038   Code   RO         3374    i._SetOrientation   STemWin532_CM4_Keil.lib(guidrv_flexcolor_func66720.o)
    0x0800c77c   0x000000cc   Code   RO         3375    i._SetPhysRAMAddr   STemWin532_CM4_Keil.lib(guidrv_flexcolor_func66720.o)
    0x0800c848   0x0000000e   Code   RO         3287    i._SetPixelIndex    STemWin532_CM4_Keil.lib(guidrv_flexcolor.o)
    0x0800c856   0x00000002   PAD
    0x0800c858   0x00000048   Code   RO         4113    i._SetPixelIndex    STemWin532_CM4_Keil.lib(guidev_16.o)
    0x0800c8a0   0x00000048   Code   RO         4732    i._SetPixelIndex    STemWin532_CM4_Keil.lib(guidev_32.o)
    0x0800c8e8   0x0000019a   Code   RO         3376    i._SetRect          STemWin532_CM4_Keil.lib(guidrv_flexcolor_func66720.o)
    0x0800ca82   0x00000008   Code   RO         3377    i._SetReg_B16       STemWin532_CM4_Keil.lib(guidrv_flexcolor_func66720.o)
    0x0800ca8a   0x0000001a   Code   RO         3378    i._SetReg_B8        STemWin532_CM4_Keil.lib(guidrv_flexcolor_func66720.o)
    0x0800caa4   0x000000ea   Code   RO         3074    i._TestRAM          STemWin532_CM4_Keil.lib(gui_alloc.o)
    0x0800cb8e   0x00000002   PAD
    0x0800cb90   0x00000050   Code   RO         4575    i._Unlink           STemWin532_CM4_Keil.lib(gui_timer.o)
    0x0800cbe0   0x0000000a   Code   RO         3353    i._WriteData        STemWin532_CM4_Keil.lib(guidrv_flexcolor_16bpp_c0b16.o)
    0x0800cbea   0x00000008   Code   RO         3379    i._WritePara_B16    STemWin532_CM4_Keil.lib(guidrv_flexcolor_func66720.o)
    0x0800cbf2   0x0000000a   Code   RO         3380    i._WritePara_B8     STemWin532_CM4_Keil.lib(guidrv_flexcolor_func66720.o)
    0x0800cbfc   0x0000000e   Code   RO         3075    i._WriteTagData     STemWin532_CM4_Keil.lib(gui_alloc.o)
    0x0800cc0a   0x00000002   PAD
    0x0800cc0c   0x00000340   Code   RO         4803    i._WriteToActiveOpaque_8  STemWin532_CM4_Keil.lib(guidev_writetoactiveopaque.o)
    0x0800cf4c   0x00000344   Code   RO         4804    i._WriteToActiveOpaque_HT  STemWin532_CM4_Keil.lib(guidev_writetoactiveopaque.o)
    0x0800d290   0x0000003c   Code   RO         4114    i._XY2PTR           STemWin532_CM4_Keil.lib(guidev_16.o)
    0x0800d2cc   0x0000003c   Code   RO         4733    i._XY2PTR           STemWin532_CM4_Keil.lib(guidev_32.o)
    0x0800d308   0x00000024   Code   RO         3288    i._XorPixel         STemWin532_CM4_Keil.lib(guidrv_flexcolor.o)
    0x0800d32c   0x00000054   Code   RO         4115    i._XorPixel         STemWin532_CM4_Keil.lib(guidev_16.o)
    0x0800d380   0x00000058   Code   RO         4734    i._XorPixel         STemWin532_CM4_Keil.lib(guidev_32.o)
    0x0800d3d8   0x0000000e   Code   RO         5192    i.__scatterload_copy  mc_w.l(handlers.o)
    0x0800d3e6   0x00000002   Code   RO         5193    i.__scatterload_null  mc_w.l(handlers.o)
    0x0800d3e8   0x0000000e   Code   RO         5194    i.__scatterload_zeroinit  mc_w.l(handlers.o)
    0x0800d3f6   0x00000002   PAD
    0x0800d3f8   0x00000050   Code   RO         3564    i._cbBackWin        STemWin532_CM4_Keil.lib(wm.o)
    0x0800d448   0x00000094   Code   RO          863    i._cbDialog         windowdlg.o
    0x0800d4dc   0x00000004   Code   RO         4863    i._cbInvalidateOne  STemWin532_CM4_Keil.lib(wm_bringtotop.o)
    0x0800d4e0   0x00000044   Code   RO         3565    i._cbPaintMemDev    STemWin532_CM4_Keil.lib(wm.o)
    0x0800d524   0x0000008a   Code   RO         3858    i.emWin_LCD_Init    STemWin532_CM4_Keil.lib(lcd.o)
    0x0800d5ae   0x00000002   PAD
    0x0800d5b0   0x0000015c   Code   RO          281    i.main              main.o
    0x0800d70c   0x00000054   Data   RO          864    .constdata          windowdlg.o
    0x0800d760   0x00000010   Data   RO         2186    .constdata          stm32f4xx_hal_rcc.o
    0x0800d770   0x00000008   Data   RO         3127    .constdata          STemWin532_CM4_Keil.lib(gui_core.o)
    0x0800d778   0x00000018   Data   RO         3180    .constdata          STemWin532_CM4_Keil.lib(guicc_565.o)
    0x0800d790   0x00000034   Data   RO         3289    .constdata          STemWin532_CM4_Keil.lib(guidrv_flexcolor.o)
    0x0800d7c4   0x00000040   Data   RO         3290    .constdata          STemWin532_CM4_Keil.lib(guidrv_flexcolor.o)
    0x0800d804   0x00000518   Data   RO         3400    .constdata          STemWin532_CM4_Keil.lib(f6x8.o)
    0x0800dd1c   0x000001c0   Data   RO         3401    .constdata          STemWin532_CM4_Keil.lib(f6x8.o)
    0x0800dedc   0x00000008   Data   RO         3402    .constdata          STemWin532_CM4_Keil.lib(f6x8.o)
    0x0800dee4   0x00000014   Data   RO         3403    .constdata          STemWin532_CM4_Keil.lib(f6x8.o)
    0x0800def8   0x00000024   Data   RO         3404    .constdata          STemWin532_CM4_Keil.lib(f6x8.o)
    0x0800df1c   0x00000f00   Data   RO         3406    .constdata          STemWin532_CM4_Keil.lib(fd36x48.o)
    0x0800ee1c   0x00000080   Data   RO         3407    .constdata          STemWin532_CM4_Keil.lib(fd36x48.o)
    0x0800ee9c   0x0000000c   Data   RO         3408    .constdata          STemWin532_CM4_Keil.lib(fd36x48.o)
    0x0800eea8   0x0000000c   Data   RO         3409    .constdata          STemWin532_CM4_Keil.lib(fd36x48.o)
    0x0800eeb4   0x0000000c   Data   RO         3410    .constdata          STemWin532_CM4_Keil.lib(fd36x48.o)
    0x0800eec0   0x00000024   Data   RO         3411    .constdata          STemWin532_CM4_Keil.lib(fd36x48.o)
    0x0800eee4   0x00000020   Data   RO         3642    .constdata          STemWin532_CM4_Keil.lib(gui__divtbl_31_255.o)
    0x0800ef04   0x00000040   Data   RO         3643    .constdata          STemWin532_CM4_Keil.lib(gui__divtbl_63_255.o)
    0x0800ef44   0x00000100   Data   RO         3644    .constdata          STemWin532_CM4_Keil.lib(gui__divtbl_255_31.o)
    0x0800f044   0x00000100   Data   RO         3645    .constdata          STemWin532_CM4_Keil.lib(gui__divtbl_255_63.o)
    0x0800f144   0x00000010   Data   RO         3822    .constdata          STemWin532_CM4_Keil.lib(gui_uc_encodenone.o)
    0x0800f154   0x0000000c   Data   RO         3859    .constdata          STemWin532_CM4_Keil.lib(lcd.o)
    0x0800f160   0x0000000d   Data   RO         3981    .constdata          STemWin532_CM4_Keil.lib(f13_1.o)
    0x0800f16d   0x0000000d   Data   RO         3982    .constdata          STemWin532_CM4_Keil.lib(f13_1.o)
    0x0800f17a   0x0000000d   Data   RO         3983    .constdata          STemWin532_CM4_Keil.lib(f13_1.o)
    0x0800f187   0x0000000d   Data   RO         3984    .constdata          STemWin532_CM4_Keil.lib(f13_1.o)
    0x0800f194   0x0000000d   Data   RO         3985    .constdata          STemWin532_CM4_Keil.lib(f13_1.o)
    0x0800f1a1   0x0000000d   Data   RO         3986    .constdata          STemWin532_CM4_Keil.lib(f13_1.o)
    0x0800f1ae   0x0000000d   Data   RO         3987    .constdata          STemWin532_CM4_Keil.lib(f13_1.o)
    0x0800f1bb   0x0000000d   Data   RO         3988    .constdata          STemWin532_CM4_Keil.lib(f13_1.o)
    0x0800f1c8   0x0000000d   Data   RO         3989    .constdata          STemWin532_CM4_Keil.lib(f13_1.o)
    0x0800f1d5   0x0000001a   Data   RO         3990    .constdata          STemWin532_CM4_Keil.lib(f13_1.o)
    0x0800f1ef   0x0000000d   Data   RO         3991    .constdata          STemWin532_CM4_Keil.lib(f13_1.o)
    0x0800f1fc   0x0000000d   Data   RO         3992    .constdata          STemWin532_CM4_Keil.lib(f13_1.o)
    0x0800f209   0x0000000d   Data   RO         3993    .constdata          STemWin532_CM4_Keil.lib(f13_1.o)
    0x0800f216   0x0000000d   Data   RO         3994    .constdata          STemWin532_CM4_Keil.lib(f13_1.o)
    0x0800f223   0x0000001a   Data   RO         3995    .constdata          STemWin532_CM4_Keil.lib(f13_1.o)
    0x0800f23d   0x0000000d   Data   RO         3996    .constdata          STemWin532_CM4_Keil.lib(f13_1.o)
    0x0800f24a   0x0000000d   Data   RO         3997    .constdata          STemWin532_CM4_Keil.lib(f13_1.o)
    0x0800f257   0x0000000d   Data   RO         3998    .constdata          STemWin532_CM4_Keil.lib(f13_1.o)
    0x0800f264   0x0000000d   Data   RO         3999    .constdata          STemWin532_CM4_Keil.lib(f13_1.o)
    0x0800f271   0x0000000d   Data   RO         4000    .constdata          STemWin532_CM4_Keil.lib(f13_1.o)
    0x0800f27e   0x0000000d   Data   RO         4001    .constdata          STemWin532_CM4_Keil.lib(f13_1.o)
    0x0800f28b   0x0000000d   Data   RO         4002    .constdata          STemWin532_CM4_Keil.lib(f13_1.o)
    0x0800f298   0x0000000d   Data   RO         4003    .constdata          STemWin532_CM4_Keil.lib(f13_1.o)
    0x0800f2a5   0x0000000d   Data   RO         4004    .constdata          STemWin532_CM4_Keil.lib(f13_1.o)
    0x0800f2b2   0x0000000d   Data   RO         4005    .constdata          STemWin532_CM4_Keil.lib(f13_1.o)
    0x0800f2bf   0x0000000d   Data   RO         4006    .constdata          STemWin532_CM4_Keil.lib(f13_1.o)
    0x0800f2cc   0x0000000d   Data   RO         4007    .constdata          STemWin532_CM4_Keil.lib(f13_1.o)
    0x0800f2d9   0x0000000d   Data   RO         4008    .constdata          STemWin532_CM4_Keil.lib(f13_1.o)
    0x0800f2e6   0x0000001a   Data   RO         4009    .constdata          STemWin532_CM4_Keil.lib(f13_1.o)
    0x0800f300   0x0000001a   Data   RO         4010    .constdata          STemWin532_CM4_Keil.lib(f13_1.o)
    0x0800f31a   0x0000001a   Data   RO         4011    .constdata          STemWin532_CM4_Keil.lib(f13_1.o)
    0x0800f334   0x0000000d   Data   RO         4012    .constdata          STemWin532_CM4_Keil.lib(f13_1.o)
    0x0800f341   0x0000000d   Data   RO         4013    .constdata          STemWin532_CM4_Keil.lib(f13_1.o)
    0x0800f34e   0x0000000d   Data   RO         4014    .constdata          STemWin532_CM4_Keil.lib(f13_1.o)
    0x0800f35b   0x0000000d   Data   RO         4015    .constdata          STemWin532_CM4_Keil.lib(f13_1.o)
    0x0800f368   0x0000000d   Data   RO         4016    .constdata          STemWin532_CM4_Keil.lib(f13_1.o)
    0x0800f375   0x0000000d   Data   RO         4017    .constdata          STemWin532_CM4_Keil.lib(f13_1.o)
    0x0800f382   0x0000000d   Data   RO         4018    .constdata          STemWin532_CM4_Keil.lib(f13_1.o)
    0x0800f38f   0x0000001a   Data   RO         4019    .constdata          STemWin532_CM4_Keil.lib(f13_1.o)
    0x0800f3a9   0x0000000d   Data   RO         4020    .constdata          STemWin532_CM4_Keil.lib(f13_1.o)
    0x0800f3b6   0x0000000d   Data   RO         4021    .constdata          STemWin532_CM4_Keil.lib(f13_1.o)
    0x0800f3c3   0x0000000d   Data   RO         4022    .constdata          STemWin532_CM4_Keil.lib(f13_1.o)
    0x0800f3d0   0x0000000d   Data   RO         4023    .constdata          STemWin532_CM4_Keil.lib(f13_1.o)
    0x0800f3dd   0x0000000d   Data   RO         4024    .constdata          STemWin532_CM4_Keil.lib(f13_1.o)
    0x0800f3ea   0x0000000d   Data   RO         4025    .constdata          STemWin532_CM4_Keil.lib(f13_1.o)
    0x0800f3f7   0x0000000d   Data   RO         4026    .constdata          STemWin532_CM4_Keil.lib(f13_1.o)
    0x0800f404   0x0000000d   Data   RO         4027    .constdata          STemWin532_CM4_Keil.lib(f13_1.o)
    0x0800f411   0x0000000d   Data   RO         4028    .constdata          STemWin532_CM4_Keil.lib(f13_1.o)
    0x0800f41e   0x0000000d   Data   RO         4029    .constdata          STemWin532_CM4_Keil.lib(f13_1.o)
    0x0800f42b   0x0000000d   Data   RO         4030    .constdata          STemWin532_CM4_Keil.lib(f13_1.o)
    0x0800f438   0x0000000d   Data   RO         4031    .constdata          STemWin532_CM4_Keil.lib(f13_1.o)
    0x0800f445   0x0000000d   Data   RO         4032    .constdata          STemWin532_CM4_Keil.lib(f13_1.o)
    0x0800f452   0x0000000d   Data   RO         4033    .constdata          STemWin532_CM4_Keil.lib(f13_1.o)
    0x0800f45f   0x0000000d   Data   RO         4034    .constdata          STemWin532_CM4_Keil.lib(f13_1.o)
    0x0800f46c   0x0000000d   Data   RO         4035    .constdata          STemWin532_CM4_Keil.lib(f13_1.o)
    0x0800f479   0x0000000d   Data   RO         4036    .constdata          STemWin532_CM4_Keil.lib(f13_1.o)
    0x0800f486   0x0000000d   Data   RO         4037    .constdata          STemWin532_CM4_Keil.lib(f13_1.o)
    0x0800f493   0x0000000d   Data   RO         4038    .constdata          STemWin532_CM4_Keil.lib(f13_1.o)
    0x0800f4a0   0x0000000d   Data   RO         4039    .constdata          STemWin532_CM4_Keil.lib(f13_1.o)
    0x0800f4ad   0x0000000d   Data   RO         4040    .constdata          STemWin532_CM4_Keil.lib(f13_1.o)
    0x0800f4ba   0x0000000d   Data   RO         4041    .constdata          STemWin532_CM4_Keil.lib(f13_1.o)
    0x0800f4c7   0x0000000d   Data   RO         4042    .constdata          STemWin532_CM4_Keil.lib(f13_1.o)
    0x0800f4d4   0x0000000d   Data   RO         4043    .constdata          STemWin532_CM4_Keil.lib(f13_1.o)
    0x0800f4e1   0x0000000d   Data   RO         4044    .constdata          STemWin532_CM4_Keil.lib(f13_1.o)
    0x0800f4ee   0x0000000d   Data   RO         4045    .constdata          STemWin532_CM4_Keil.lib(f13_1.o)
    0x0800f4fb   0x0000000d   Data   RO         4046    .constdata          STemWin532_CM4_Keil.lib(f13_1.o)
    0x0800f508   0x0000000d   Data   RO         4047    .constdata          STemWin532_CM4_Keil.lib(f13_1.o)
    0x0800f515   0x0000000d   Data   RO         4048    .constdata          STemWin532_CM4_Keil.lib(f13_1.o)
    0x0800f522   0x0000000d   Data   RO         4049    .constdata          STemWin532_CM4_Keil.lib(f13_1.o)
    0x0800f52f   0x0000000d   Data   RO         4050    .constdata          STemWin532_CM4_Keil.lib(f13_1.o)
    0x0800f53c   0x0000001a   Data   RO         4051    .constdata          STemWin532_CM4_Keil.lib(f13_1.o)
    0x0800f556   0x0000000d   Data   RO         4052    .constdata          STemWin532_CM4_Keil.lib(f13_1.o)
    0x0800f563   0x0000000d   Data   RO         4053    .constdata          STemWin532_CM4_Keil.lib(f13_1.o)
    0x0800f570   0x0000000d   Data   RO         4054    .constdata          STemWin532_CM4_Keil.lib(f13_1.o)
    0x0800f57d   0x0000000d   Data   RO         4055    .constdata          STemWin532_CM4_Keil.lib(f13_1.o)
    0x0800f58a   0x0000000d   Data   RO         4056    .constdata          STemWin532_CM4_Keil.lib(f13_1.o)
    0x0800f597   0x0000000d   Data   RO         4057    .constdata          STemWin532_CM4_Keil.lib(f13_1.o)
    0x0800f5a4   0x0000000d   Data   RO         4058    .constdata          STemWin532_CM4_Keil.lib(f13_1.o)
    0x0800f5b1   0x0000000d   Data   RO         4059    .constdata          STemWin532_CM4_Keil.lib(f13_1.o)
    0x0800f5be   0x0000000d   Data   RO         4060    .constdata          STemWin532_CM4_Keil.lib(f13_1.o)
    0x0800f5cb   0x0000000d   Data   RO         4061    .constdata          STemWin532_CM4_Keil.lib(f13_1.o)
    0x0800f5d8   0x0000000d   Data   RO         4062    .constdata          STemWin532_CM4_Keil.lib(f13_1.o)
    0x0800f5e5   0x0000000d   Data   RO         4063    .constdata          STemWin532_CM4_Keil.lib(f13_1.o)
    0x0800f5f2   0x0000000d   Data   RO         4064    .constdata          STemWin532_CM4_Keil.lib(f13_1.o)
    0x0800f5ff   0x0000000d   Data   RO         4065    .constdata          STemWin532_CM4_Keil.lib(f13_1.o)
    0x0800f60c   0x0000000d   Data   RO         4066    .constdata          STemWin532_CM4_Keil.lib(f13_1.o)
    0x0800f619   0x0000000d   Data   RO         4067    .constdata          STemWin532_CM4_Keil.lib(f13_1.o)
    0x0800f626   0x0000000d   Data   RO         4068    .constdata          STemWin532_CM4_Keil.lib(f13_1.o)
    0x0800f633   0x0000000d   Data   RO         4069    .constdata          STemWin532_CM4_Keil.lib(f13_1.o)
    0x0800f640   0x0000000d   Data   RO         4070    .constdata          STemWin532_CM4_Keil.lib(f13_1.o)
    0x0800f64d   0x0000000d   Data   RO         4071    .constdata          STemWin532_CM4_Keil.lib(f13_1.o)
    0x0800f65a   0x0000000d   Data   RO         4072    .constdata          STemWin532_CM4_Keil.lib(f13_1.o)
    0x0800f667   0x0000000d   Data   RO         4073    .constdata          STemWin532_CM4_Keil.lib(f13_1.o)
    0x0800f674   0x0000000d   Data   RO         4074    .constdata          STemWin532_CM4_Keil.lib(f13_1.o)
    0x0800f681   0x0000000d   Data   RO         4075    .constdata          STemWin532_CM4_Keil.lib(f13_1.o)
    0x0800f68e   0x0000000d   Data   RO         4076    .constdata          STemWin532_CM4_Keil.lib(f13_1.o)
    0x0800f69b   0x00000001   PAD
    0x0800f69c   0x00000300   Data   RO         4077    .constdata          STemWin532_CM4_Keil.lib(f13_1.o)
    0x0800f99c   0x0000000c   Data   RO         4078    .constdata          STemWin532_CM4_Keil.lib(f13_1.o)
    0x0800f9a8   0x00000024   Data   RO         4079    .constdata          STemWin532_CM4_Keil.lib(f13_1.o)
    0x0800f9cc   0x00000074   Data   RO         4116    .constdata          STemWin532_CM4_Keil.lib(guidev_16.o)
    0x0800fa40   0x00000018   Data   RO         4600    .constdata          STemWin532_CM4_Keil.lib(guicc_0.o)
    0x0800fa58   0x00000018   Data   RO         4610    .constdata          STemWin532_CM4_Keil.lib(guicc_8888.o)
    0x0800fa70   0x00000100   Data   RO         4617    .constdata          STemWin532_CM4_Keil.lib(lcd_mirror.o)
    0x0800fb70   0x0000000d   Data   RO         4620    .constdata          STemWin532_CM4_Keil.lib(f13_ascii.o)
    0x0800fb7d   0x0000000d   Data   RO         4621    .constdata          STemWin532_CM4_Keil.lib(f13_ascii.o)
    0x0800fb8a   0x0000000d   Data   RO         4622    .constdata          STemWin532_CM4_Keil.lib(f13_ascii.o)
    0x0800fb97   0x0000000d   Data   RO         4623    .constdata          STemWin532_CM4_Keil.lib(f13_ascii.o)
    0x0800fba4   0x0000000d   Data   RO         4624    .constdata          STemWin532_CM4_Keil.lib(f13_ascii.o)
    0x0800fbb1   0x0000001a   Data   RO         4625    .constdata          STemWin532_CM4_Keil.lib(f13_ascii.o)
    0x0800fbcb   0x0000000d   Data   RO         4626    .constdata          STemWin532_CM4_Keil.lib(f13_ascii.o)
    0x0800fbd8   0x0000000d   Data   RO         4627    .constdata          STemWin532_CM4_Keil.lib(f13_ascii.o)
    0x0800fbe5   0x0000000d   Data   RO         4628    .constdata          STemWin532_CM4_Keil.lib(f13_ascii.o)
    0x0800fbf2   0x0000000d   Data   RO         4629    .constdata          STemWin532_CM4_Keil.lib(f13_ascii.o)
    0x0800fbff   0x0000000d   Data   RO         4630    .constdata          STemWin532_CM4_Keil.lib(f13_ascii.o)
    0x0800fc0c   0x0000000d   Data   RO         4631    .constdata          STemWin532_CM4_Keil.lib(f13_ascii.o)
    0x0800fc19   0x0000000d   Data   RO         4632    .constdata          STemWin532_CM4_Keil.lib(f13_ascii.o)
    0x0800fc26   0x0000000d   Data   RO         4633    .constdata          STemWin532_CM4_Keil.lib(f13_ascii.o)
    0x0800fc33   0x0000000d   Data   RO         4634    .constdata          STemWin532_CM4_Keil.lib(f13_ascii.o)
    0x0800fc40   0x0000000d   Data   RO         4635    .constdata          STemWin532_CM4_Keil.lib(f13_ascii.o)
    0x0800fc4d   0x0000000d   Data   RO         4636    .constdata          STemWin532_CM4_Keil.lib(f13_ascii.o)
    0x0800fc5a   0x0000000d   Data   RO         4637    .constdata          STemWin532_CM4_Keil.lib(f13_ascii.o)
    0x0800fc67   0x0000000d   Data   RO         4638    .constdata          STemWin532_CM4_Keil.lib(f13_ascii.o)
    0x0800fc74   0x0000000d   Data   RO         4639    .constdata          STemWin532_CM4_Keil.lib(f13_ascii.o)
    0x0800fc81   0x0000000d   Data   RO         4640    .constdata          STemWin532_CM4_Keil.lib(f13_ascii.o)
    0x0800fc8e   0x0000000d   Data   RO         4641    .constdata          STemWin532_CM4_Keil.lib(f13_ascii.o)
    0x0800fc9b   0x0000000d   Data   RO         4642    .constdata          STemWin532_CM4_Keil.lib(f13_ascii.o)
    0x0800fca8   0x0000000d   Data   RO         4643    .constdata          STemWin532_CM4_Keil.lib(f13_ascii.o)
    0x0800fcb5   0x0000000d   Data   RO         4644    .constdata          STemWin532_CM4_Keil.lib(f13_ascii.o)
    0x0800fcc2   0x0000000d   Data   RO         4645    .constdata          STemWin532_CM4_Keil.lib(f13_ascii.o)
    0x0800fccf   0x0000000d   Data   RO         4646    .constdata          STemWin532_CM4_Keil.lib(f13_ascii.o)
    0x0800fcdc   0x0000000d   Data   RO         4647    .constdata          STemWin532_CM4_Keil.lib(f13_ascii.o)
    0x0800fce9   0x0000000d   Data   RO         4648    .constdata          STemWin532_CM4_Keil.lib(f13_ascii.o)
    0x0800fcf6   0x0000000d   Data   RO         4649    .constdata          STemWin532_CM4_Keil.lib(f13_ascii.o)
    0x0800fd03   0x0000000d   Data   RO         4650    .constdata          STemWin532_CM4_Keil.lib(f13_ascii.o)
    0x0800fd10   0x0000000d   Data   RO         4651    .constdata          STemWin532_CM4_Keil.lib(f13_ascii.o)
    0x0800fd1d   0x0000001a   Data   RO         4652    .constdata          STemWin532_CM4_Keil.lib(f13_ascii.o)
    0x0800fd37   0x0000000d   Data   RO         4653    .constdata          STemWin532_CM4_Keil.lib(f13_ascii.o)
    0x0800fd44   0x0000000d   Data   RO         4654    .constdata          STemWin532_CM4_Keil.lib(f13_ascii.o)
    0x0800fd51   0x0000000d   Data   RO         4655    .constdata          STemWin532_CM4_Keil.lib(f13_ascii.o)
    0x0800fd5e   0x0000000d   Data   RO         4656    .constdata          STemWin532_CM4_Keil.lib(f13_ascii.o)
    0x0800fd6b   0x0000000d   Data   RO         4657    .constdata          STemWin532_CM4_Keil.lib(f13_ascii.o)
    0x0800fd78   0x0000000d   Data   RO         4658    .constdata          STemWin532_CM4_Keil.lib(f13_ascii.o)
    0x0800fd85   0x0000000d   Data   RO         4659    .constdata          STemWin532_CM4_Keil.lib(f13_ascii.o)
    0x0800fd92   0x0000000d   Data   RO         4660    .constdata          STemWin532_CM4_Keil.lib(f13_ascii.o)
    0x0800fd9f   0x0000000d   Data   RO         4661    .constdata          STemWin532_CM4_Keil.lib(f13_ascii.o)
    0x0800fdac   0x0000000d   Data   RO         4662    .constdata          STemWin532_CM4_Keil.lib(f13_ascii.o)
    0x0800fdb9   0x0000000d   Data   RO         4663    .constdata          STemWin532_CM4_Keil.lib(f13_ascii.o)
    0x0800fdc6   0x0000000d   Data   RO         4664    .constdata          STemWin532_CM4_Keil.lib(f13_ascii.o)
    0x0800fdd3   0x0000000d   Data   RO         4665    .constdata          STemWin532_CM4_Keil.lib(f13_ascii.o)
    0x0800fde0   0x0000000d   Data   RO         4666    .constdata          STemWin532_CM4_Keil.lib(f13_ascii.o)
    0x0800fded   0x0000000d   Data   RO         4667    .constdata          STemWin532_CM4_Keil.lib(f13_ascii.o)
    0x0800fdfa   0x0000000d   Data   RO         4668    .constdata          STemWin532_CM4_Keil.lib(f13_ascii.o)
    0x0800fe07   0x0000000d   Data   RO         4669    .constdata          STemWin532_CM4_Keil.lib(f13_ascii.o)
    0x0800fe14   0x0000000d   Data   RO         4670    .constdata          STemWin532_CM4_Keil.lib(f13_ascii.o)
    0x0800fe21   0x0000000d   Data   RO         4671    .constdata          STemWin532_CM4_Keil.lib(f13_ascii.o)
    0x0800fe2e   0x0000000d   Data   RO         4672    .constdata          STemWin532_CM4_Keil.lib(f13_ascii.o)
    0x0800fe3b   0x0000000d   Data   RO         4673    .constdata          STemWin532_CM4_Keil.lib(f13_ascii.o)
    0x0800fe48   0x0000000d   Data   RO         4674    .constdata          STemWin532_CM4_Keil.lib(f13_ascii.o)
    0x0800fe55   0x0000001a   Data   RO         4675    .constdata          STemWin532_CM4_Keil.lib(f13_ascii.o)
    0x0800fe6f   0x0000000d   Data   RO         4676    .constdata          STemWin532_CM4_Keil.lib(f13_ascii.o)
    0x0800fe7c   0x0000000d   Data   RO         4677    .constdata          STemWin532_CM4_Keil.lib(f13_ascii.o)
    0x0800fe89   0x0000000d   Data   RO         4678    .constdata          STemWin532_CM4_Keil.lib(f13_ascii.o)
    0x0800fe96   0x0000000d   Data   RO         4679    .constdata          STemWin532_CM4_Keil.lib(f13_ascii.o)
    0x0800fea3   0x0000000d   Data   RO         4680    .constdata          STemWin532_CM4_Keil.lib(f13_ascii.o)
    0x0800feb0   0x0000000d   Data   RO         4681    .constdata          STemWin532_CM4_Keil.lib(f13_ascii.o)
    0x0800febd   0x0000000d   Data   RO         4682    .constdata          STemWin532_CM4_Keil.lib(f13_ascii.o)
    0x0800feca   0x0000000d   Data   RO         4683    .constdata          STemWin532_CM4_Keil.lib(f13_ascii.o)
    0x0800fed7   0x0000000d   Data   RO         4684    .constdata          STemWin532_CM4_Keil.lib(f13_ascii.o)
    0x0800fee4   0x0000000d   Data   RO         4685    .constdata          STemWin532_CM4_Keil.lib(f13_ascii.o)
    0x0800fef1   0x0000000d   Data   RO         4686    .constdata          STemWin532_CM4_Keil.lib(f13_ascii.o)
    0x0800fefe   0x0000000d   Data   RO         4687    .constdata          STemWin532_CM4_Keil.lib(f13_ascii.o)
    0x0800ff0b   0x0000000d   Data   RO         4688    .constdata          STemWin532_CM4_Keil.lib(f13_ascii.o)
    0x0800ff18   0x0000000d   Data   RO         4689    .constdata          STemWin532_CM4_Keil.lib(f13_ascii.o)
    0x0800ff25   0x0000000d   Data   RO         4690    .constdata          STemWin532_CM4_Keil.lib(f13_ascii.o)
    0x0800ff32   0x0000000d   Data   RO         4691    .constdata          STemWin532_CM4_Keil.lib(f13_ascii.o)
    0x0800ff3f   0x0000000d   Data   RO         4692    .constdata          STemWin532_CM4_Keil.lib(f13_ascii.o)
    0x0800ff4c   0x0000000d   Data   RO         4693    .constdata          STemWin532_CM4_Keil.lib(f13_ascii.o)
    0x0800ff59   0x0000000d   Data   RO         4694    .constdata          STemWin532_CM4_Keil.lib(f13_ascii.o)
    0x0800ff66   0x0000000d   Data   RO         4695    .constdata          STemWin532_CM4_Keil.lib(f13_ascii.o)
    0x0800ff73   0x0000000d   Data   RO         4696    .constdata          STemWin532_CM4_Keil.lib(f13_ascii.o)
    0x0800ff80   0x0000000d   Data   RO         4697    .constdata          STemWin532_CM4_Keil.lib(f13_ascii.o)
    0x0800ff8d   0x0000000d   Data   RO         4698    .constdata          STemWin532_CM4_Keil.lib(f13_ascii.o)
    0x0800ff9a   0x0000000d   Data   RO         4699    .constdata          STemWin532_CM4_Keil.lib(f13_ascii.o)
    0x0800ffa7   0x0000000d   Data   RO         4700    .constdata          STemWin532_CM4_Keil.lib(f13_ascii.o)
    0x0800ffb4   0x0000000d   Data   RO         4701    .constdata          STemWin532_CM4_Keil.lib(f13_ascii.o)
    0x0800ffc1   0x0000000d   Data   RO         4702    .constdata          STemWin532_CM4_Keil.lib(f13_ascii.o)
    0x0800ffce   0x0000000d   Data   RO         4703    .constdata          STemWin532_CM4_Keil.lib(f13_ascii.o)
    0x0800ffdb   0x0000000d   Data   RO         4704    .constdata          STemWin532_CM4_Keil.lib(f13_ascii.o)
    0x0800ffe8   0x0000000d   Data   RO         4705    .constdata          STemWin532_CM4_Keil.lib(f13_ascii.o)
    0x0800fff5   0x0000000d   Data   RO         4706    .constdata          STemWin532_CM4_Keil.lib(f13_ascii.o)
    0x08010002   0x0000000d   Data   RO         4707    .constdata          STemWin532_CM4_Keil.lib(f13_ascii.o)
    0x0801000f   0x0000000d   Data   RO         4708    .constdata          STemWin532_CM4_Keil.lib(f13_ascii.o)
    0x0801001c   0x0000000d   Data   RO         4709    .constdata          STemWin532_CM4_Keil.lib(f13_ascii.o)
    0x08010029   0x0000000d   Data   RO         4710    .constdata          STemWin532_CM4_Keil.lib(f13_ascii.o)
    0x08010036   0x0000000d   Data   RO         4711    .constdata          STemWin532_CM4_Keil.lib(f13_ascii.o)
    0x08010043   0x0000000d   Data   RO         4712    .constdata          STemWin532_CM4_Keil.lib(f13_ascii.o)
    0x08010050   0x0000000d   Data   RO         4713    .constdata          STemWin532_CM4_Keil.lib(f13_ascii.o)
    0x0801005d   0x0000000d   Data   RO         4714    .constdata          STemWin532_CM4_Keil.lib(f13_ascii.o)
    0x0801006a   0x00000002   PAD
    0x0801006c   0x000002f8   Data   RO         4715    .constdata          STemWin532_CM4_Keil.lib(f13_ascii.o)
    0x08010364   0x0000000c   Data   RO         4716    .constdata          STemWin532_CM4_Keil.lib(f13_ascii.o)
    0x08010370   0x00000074   Data   RO         4735    .constdata          STemWin532_CM4_Keil.lib(guidev_32.o)
    0x080103e4   0x00000018   Data   RO         4785    .constdata          STemWin532_CM4_Keil.lib(guidev_usagebm.o)
    0x080103fc   0x00000008   Data   RO         4805    .constdata          STemWin532_CM4_Keil.lib(guidev_writetoactiveopaque.o)
    0x08010404   0x00000010   Data   RO         4823    .constdata          STemWin532_CM4_Keil.lib(button_skinflex.o)
    0x08010414   0x0000001c   Data   RO         4838    .constdata          STemWin532_CM4_Keil.lib(widget_effect_simple.o)
    0x08010430   0x00000017   Data   RO          865    .conststring        windowdlg.o
    0x08010447   0x00000001   PAD
    0x08010448   0x00000020   Data   RO         5190    Region$$Table       anon$$obj.o


    Execution Region RW_IRAM1 (Base: 0x20000000, Size: 0x00020b00, Max: 0x00030000, ABSOLUTE, COMPRESSED[0x000000ec])

    Base Addr    Size         Type   Attr      Idx    E Section Name        Object

    0x20000000   0x00000008   Data   RW           11    .data               stm32f4xx_hal_msp.o
    0x20000008   0x0000000c   Data   RW          283    .data               main.o
    0x20000014   0x00000004   Data   RW         2300    .data               stm32f4xx_hal.o
    0x20000018   0x00000004   Data   RW         2902    .data               system_stm32f4xx.o
    0x2000001c   0x00000004   Data   RW         2940    .data               gui_x.o
    0x20000020   0x00000008   Data   RW         3077    .data               STemWin532_CM4_Keil.lib(gui_alloc.o)
    0x20000028   0x0000002c   Data   RW         3128    .data               STemWin532_CM4_Keil.lib(gui_core.o)
    0x20000054   0x00000004   Data   RW         3129    .data               STemWin532_CM4_Keil.lib(gui_core.o)
    0x20000058   0x00000004   Data   RW         3131    .data               STemWin532_CM4_Keil.lib(gui_core.o)
    0x2000005c   0x00000004   Data   RW         3132    .data               STemWin532_CM4_Keil.lib(gui_core.o)
    0x20000060   0x00000004   Data   RW         3133    .data               STemWin532_CM4_Keil.lib(gui_core.o)
    0x20000064   0x00000004   Data   RW         3134    .data               STemWin532_CM4_Keil.lib(gui_core.o)
    0x20000068   0x00000004   Data   RW         3135    .data               STemWin532_CM4_Keil.lib(gui_core.o)
    0x2000006c   0x00000002   Data   RW         3136    .data               STemWin532_CM4_Keil.lib(gui_core.o)
    0x2000006e   0x00000001   Data   RW         3137    .data               STemWin532_CM4_Keil.lib(gui_core.o)
    0x2000006f   0x00000001   PAD
    0x20000070   0x00000004   Data   RW         3138    .data               STemWin532_CM4_Keil.lib(gui_core.o)
    0x20000074   0x00000002   Data   RW         3139    .data               STemWin532_CM4_Keil.lib(gui_core.o)
    0x20000076   0x00000002   Data   RW         3140    .data               STemWin532_CM4_Keil.lib(gui_core.o)
    0x20000078   0x0000001c   Data   RW         3291    .data               STemWin532_CM4_Keil.lib(guidrv_flexcolor.o)
    0x20000094   0x00000008   Data   RW         3381    .data               STemWin532_CM4_Keil.lib(guidrv_flexcolor_func66720.o)
    0x2000009c   0x00000024   Data   RW         3462    .data               STemWin532_CM4_Keil.lib(edit.o)
    0x200000c0   0x00000004   Data   RW         3503    .data               STemWin532_CM4_Keil.lib(window.o)
    0x200000c4   0x00000064   Data   RW         3568    .data               STemWin532_CM4_Keil.lib(wm.o)
    0x20000128   0x00000004   Data   RW         3633    .data               STemWin532_CM4_Keil.lib(gui__bidirouting.o)
    0x2000012c   0x00000004   Data   RW         3638    .data               STemWin532_CM4_Keil.lib(gui__bidirouting.o)
    0x20000130   0x0000000c   Data   RW         3652    .data               STemWin532_CM4_Keil.lib(gui__getcursorpos.o)
    0x2000013c   0x00000018   Data   RW         3671    .data               STemWin532_CM4_Keil.lib(gui__managecache.o)
    0x20000154   0x00000010   Data   RW         3751    .data               STemWin532_CM4_Keil.lib(gui_onkey.o)
    0x20000164   0x0000000c   Data   RW         3834    .data               STemWin532_CM4_Keil.lib(gui_waitevent.o)
    0x20000170   0x00000004   Data   RW         3860    .data               STemWin532_CM4_Keil.lib(lcd.o)
    0x20000174   0x00000010   Data   RW         3886    .data               STemWin532_CM4_Keil.lib(lcd_color.o)
    0x20000184   0x00000008   Data   RW         3936    .data               STemWin532_CM4_Keil.lib(lcd_getex.o)
    0x2000018c   0x00000004   Data   RW         4136    .data               STemWin532_CM4_Keil.lib(guidev_banding.o)
    0x20000190   0x00000001   Data   RW         4151    .data               STemWin532_CM4_Keil.lib(guidev_staticdevices.o)
    0x20000191   0x00000003   PAD
    0x20000194   0x0000003c   Data   RW         4182    .data               STemWin532_CM4_Keil.lib(button.o)
    0x200001d0   0x00000004   Data   RW         4227    .data               STemWin532_CM4_Keil.lib(widget.o)
    0x200001d4   0x00000004   Data   RW         4262    .data               STemWin532_CM4_Keil.lib(wm__sendmessage.o)
    0x200001d8   0x00000028   Data   RW         4368    .data               STemWin532_CM4_Keil.lib(gui__alpha.o)
    0x20000200   0x00000004   Data   RW         4389    .data               STemWin532_CM4_Keil.lib(gui_charline.o)
    0x20000204   0x00000014   Data   RW         4576    .data               STemWin532_CM4_Keil.lib(gui_timer.o)
    0x20000218   0x0000000c   Data   RW         4815    .data               STemWin532_CM4_Keil.lib(button_skin.o)
    0x20000224   0x00000020   Data   RW         4824    .data               STemWin532_CM4_Keil.lib(button_skinflex.o)
    0x20000244   0x00000020   Data   RW         4825    .data               STemWin532_CM4_Keil.lib(button_skinflex.o)
    0x20000264   0x00000020   Data   RW         4826    .data               STemWin532_CM4_Keil.lib(button_skinflex.o)
    0x20000284   0x00000020   Data   RW         4827    .data               STemWin532_CM4_Keil.lib(button_skinflex.o)
    0x200002a4   0x00000004   Data   RW         4839    .data               STemWin532_CM4_Keil.lib(widget_effect_simple.o)
    0x200002a8   0x00000004   Data   RW         5077    .data               STemWin532_CM4_Keil.lib(lcd_aa.o)
    0x200002ac   0x0000025a   Zero   RW          282    .bss                main.o
    0x20000506   0x00000002   PAD
    0x20000508   0x00020000   Zero   RW         2985    .bss                guiconf.o
    0x20020508   0x000000cc   Zero   RW         3076    .bss                STemWin532_CM4_Keil.lib(gui_alloc.o)
    0x200205d4   0x00000070   Zero   RW         3126    .bss                STemWin532_CM4_Keil.lib(gui_core.o)
    0x20020644   0x00000018   Zero   RW         3566    .bss                STemWin532_CM4_Keil.lib(wm.o)
    0x2002065c   0x00000058   Zero   RW         3750    .bss                STemWin532_CM4_Keil.lib(gui_onkey.o)
    0x200206b4   0x00000048   Zero   RW         4339    .bss                STemWin532_CM4_Keil.lib(wm_touch.o)
    0x200206fc   0x00000004   PAD
    0x20020700   0x00000400   Zero   RW          971    STACK               startup_stm32f429xx.o


==============================================================================

Image component sizes


      Code (inc. data)   RO Data    RW Data    ZI Data      Debug   Object Name

      1062         12          0          0          0       7808   display_ssd1963.o
        40         10          0          4          0       2192   gui_x.o
        28          8          0          0     131072        547   guiconf.o
       234         48          0          0          0       6444   lcdconf_flexcolor.o
      1144         92          0         12        602      54718   main.o
        36          8        428          0       1024        828   startup_stm32f429xx.o
       154         20          0          4          0       4579   stm32f4xx_hal.o
       348         22          0          0          0      32877   stm32f4xx_hal_cortex.o
        40          0          0          0          0       1187   stm32f4xx_hal_dma.o
       582         58          0          0          0       3764   stm32f4xx_hal_gpio.o
      6084         76          0          0          0      32080   stm32f4xx_hal_i2c.o
       512         42          0          8          0     727543   stm32f4xx_hal_msp.o
        34          6          0          0          0       1155   stm32f4xx_hal_pwr.o
       164         12          0          0          0       1332   stm32f4xx_hal_pwr_ex.o
      1800         72         16          0          0       5348   stm32f4xx_hal_rcc.o
        88          0          0          0          0       1252   stm32f4xx_hal_sram.o
       200         48          0          0          0       7442   stm32f4xx_it.o
       282         10          0          0          0       2888   stm32f4xx_ll_fmc.o
       100         18          0          4          0       1227   system_stm32f4xx.o
       188         18        107          0          0      57865   windowdlg.o

    ----------------------------------------------------------------------
     13144        580        584         32     132700     953076   Object Totals
         0          0         32          0          0          0   (incl. Generated)
        24          0          1          0          2          0   (incl. Padding)

    ----------------------------------------------------------------------

      Code (inc. data)   RO Data    RW Data    ZI Data      Debug   Library Member Name

       588         14          0         60          0        944   button.o
        68          0          0          0          0        136   button_createindirect.o
       174          0          0         12          0        272   button_skin.o
       568          6         16        128          0        140   button_skinflex.o
       164          0          0          0          0        136   dialog.o
      2340         20          0         36          0       2012   edit.o
        74          0          0          0          0        136   edit_createindirect.o
         0          0       2155          0          0          0   f13_1.o
         0          0       2046          0          0          0   f13_ascii.o
         0          0       1816          0          0          0   f6x8.o
         0          0       4040          0          0          0   fd36x48.o
       124          4          0          0          0        132   gui_2dlib.o
       862         38          0         40          0        800   gui__alpha.o
         0          0          0          8          0          0   gui__bidirouting.o
       158          0          0          0          0        132   gui__calctextrect.o
       664          0          0          0          0        384   gui__compactpixelindices.o
         0          0        256          0          0          0   gui__divtbl_255_31.o
         0          0        256          0          0          0   gui__divtbl_255_63.o
         0          0         32          0          0          0   gui__divtbl_31_255.o
         0          0         64          0          0          0   gui__divtbl_63_255.o
       546          4          0          0          0        424   gui__drawtwinarc.o
       322          0          0          0          0        156   gui__expandpixelindices.o
       186         16          0         12          0        772   gui__getcursorpos.o
        26          0          0          0          0        128   gui__getnumchars.o
        24          0          0          0          0        116   gui__handleeoline.o
        58          0          0          0          0        116   gui__intersectrect.o
        82          0          0          0          0        128   gui__intersectrects.o
       228          8          0         24          0        252   gui__managecache.o
        76          0          0          0          0        124   gui__memset.o
        60          0          0          0          0        124   gui__memset16.o
        26          0          0          0          0        116   gui__reducerect.o
       108          0          0          0          0        136   gui__settext.o
        26          0          0          0          0        116   gui__sqrt32.o
        68          4          0          0          0        244   gui__strcmp.o
        22          0          0          0          0        116   gui__strlen.o
      1850        104          0          8        204       3120   gui_alloc.o
        36          0          0          0          0        128   gui_alloc_alloczero.o
        60          0          0          0          0        124   gui_calccolordist.o
        96         22          0          0          0        464   gui_char.o
       458         36          0          4          0        760   gui_charline.o
       394         12          0          0          0        492   gui_charm.o
       316         10          0          0          0        624   gui_charp.o
        20          0          0          0          0        116   gui_clearrectex.o
       492         76          8         79        112       1012   gui_core.o
       344         24          0          0          0        736   gui_device.o
       256          4          0          0          0        136   gui_dispstring.o
        16          4          0          0          0        116   gui_dispstringat.o
       400          4          0          0          0        396   gui_dispstringinrect.o
        44          0          0          0          0        136   gui_draw.o
       486         10          0          0          0        300   gui_drawgradient.o
        76          6          0          0          0        132   gui_drawhline.o
        64          4          0          0          0        128   gui_drawvline.o
        68          8          0          0          0        248   gui_exec.o
        72          4          0          0          0        132   gui_fillrect.o
        10          0          0          0          0        116   gui_getclientrect.o
        28          0          0          0          0        256   gui_getcolor.o
        32         10          0          0          0        232   gui_getorg.o
        20          0          0          0          0        128   gui_getstringdistx.o
        52         12          0          0          0        360   gui_goto.o
        96          6          0          0          0        132   gui_invertrect.o
        88          0          0          0          0        124   gui_mergerect.o
        30          0          0          0          0        116   gui_moverect.o
        94         14          0         16         88        476   gui_onkey.o
        16          4          0          0          0        116   gui_pen.o
        78          0          0          0          0        128   gui_realloc.o
        56          0          0          0          0        116   gui_rectsintersect.o
        32         10          0          0          0        232   gui_savecontext.o
        48         10          0          0          0        128   gui_selectlayer.o
        18          0          0          0          0        128   gui_selectlcd.o
        36          4          0          0          0        124   gui_setalpha.o
         8          0          0          0          0        232   gui_setcolor.o
        64          6          0          0          0        128   gui_setdefault.o
         4          0          0          0          0        116   gui_setdrawmode.o
        20          6          0          0          0        116   gui_setfont.o
        16          4          0          0          0        116   gui_setlinestyle.o
        56         18          0          0          0        128   gui_setorg.o
        20          6          0          0          0        116   gui_settextalign.o
        20          6          0          0          0        116   gui_settextmode.o
        46          0          0          0          0        244   gui_time.o
       538         20          0         20          0       1156   gui_timer.o
       176         30          0          0          0        860   gui_uc.o
        18          0         16          0          0        464   gui_uc_encodenone.o
        16          4          0         12          0        116   gui_waitevent.o
       198          0         24          0          0        388   guicc_0.o
       222         38         24          0          0        628   guicc_565.o
        36          0         24          0          0        480   guicc_8888.o
         2          0          0          0          0        116   guicc_8888_index2color.o
         2          0          0          0          0        116   guicc_888_index2color.o
       756         38          0          0          0       1064   guidev.o
      2282         60        116          0          0       2104   guidev_16.o
      2368         62        116          0          0       2256   guidev_32.o
       340         12          0          4          0        264   guidev_banding.o
        60          6          0          0          0        124   guidev_clear.o
        26          0          0          0          0        128   guidev_getdataptr.o
        40          6          0          0          0        128   guidev_getysize.o
        44          4          0          0          0        128   guidev_reduceysize.o
        88          4          0          0          0        128   guidev_setorg.o
       358         20          0          1          0        284   guidev_staticdevices.o
        76          0          0          0          0        260   guidev_usage.o
       416          6         24          0          0        748   guidev_usagebm.o
       106          4          0          0          0        244   guidev_write.o
       400         14          0          0          0        144   guidev_writetoactivealpha.o
      1854         18          8          0          0        732   guidev_writetoactiveopaque.o
      1506         76        116         28          0       5428   guidrv_flexcolor.o
      1712         62          0          0          0       1308   guidrv_flexcolor_16bpp_c0b16.o
      1152         56          0          8          0       1896   guidrv_flexcolor_func66720.o
      1730        118         12          4          0       2300   lcd.o
        16          6          0          4          0        116   lcd_aa.o
       272         30          0         16          0        632   lcd_color.o
        32         12          0          0          0        232   lcd_getcolorindex.o
       432         48          0          8          0       2832   lcd_getex.o
        26          0          0          0          0        128   lcd_getnumdisplays.o
         0          0        256          0          0          0   lcd_mirror.o
       504         18          0          0          0        280   lcd_readrect.o
        64          8          0          0          0        128   lcd_selectlcd.o
       132          0          0          0          0        396   lcd_set.o
        48         10          0          0          0        128   lcd_setcliprectex.o
        36          4          0          0          0        128   lcd_updatecolorindices.o
       624          4          0          4          0       1268   widget.o
       144         12         28          4          0        512   widget_effect_simple.o
       272          6          0          0          0        132   widget_fillstringinrect.o
       418          8          0          4          0        404   window.o
      4602        228          0        100         24       6672   wm.o
        44          0          0          0          0        128   wm__foreachdesc.o
        18          0          0          0          0        124   wm__getfirstsibling.o
        40          8          0          0          0        128   wm__getfocussedchild.o
        24          0          0          0          0        124   wm__getlastsibling.o
        36          0          0          0          0        128   wm__getprevsibling.o
        46          0          0          0          0        244   wm__isancestor.o
        34          0          0          0          0        128   wm__ischild.o
        22          0          0          0          0        124   wm__isenabled.o
        20          0          0          0          0        116   wm__screen2client.o
        60          6          0          4          0        136   wm__sendmessage.o
        38          0          0          0          0        128   wm__sendmessagenopara.o
       220          0          0          0          0        144   wm__updatechildpositions.o
       126          0          0          0          0        140   wm_bringtobottom.o
       120          6          0          0          0        360   wm_bringtotop.o
        16          6          0          0          0        116   wm_criticalhandle.o
         4          0          0          0          0        116   wm_foreachdesc.o
        64         10          0          0          0        360   wm_getclientrect.o
        22          0          0          0          0        128   wm_getclientwindow.o
        24         10          0          0          0        116   wm_getdesktopwindow.o
        80          0          0          0          0        248   wm_getdialogitem.o
        14          0          0          0          0        124   wm_getfirstchild.o
        20          8          0          0          0        116   wm_getfocussedwindow.o
        26          0          0          0          0        128   wm_getid.o
        22          0          0          0          0        124   wm_getorg.o
        14          0          0          0          0        124   wm_getparent.o
        78          0          0          0          0        372   wm_getwindowsize.o
        32         10          0          0          0        116   wm_hasfocus.o
        48          0          0          0          0        132   wm_isfocussable.o
         4          0          0          0          0        116   wm_iswindow.o
       268          0          0          0          0        396   wm_move.o
        16          0          0          0          0        124   wm_notifyparent.o
        56          8          0          0          0        132   wm_onkey.o
       236          0          0          0          0        136   wm_resizewindow.o
         4          0          0          0          0        116   wm_sendmessagenopara.o
        30          0          0          0          0        140   wm_sendtoparent.o
       156          8          0          0          0        136   wm_setfocus.o
       146          6          0          0          0        372   wm_setfocusonnextchild.o
        90          0          0          0          0        252   wm_setfocusonprevchild.o
        62          0          0          0          0        132   wm_setsize.o
        64          6          0          0          0        128   wm_settrans.o
        24          6          0          0          0        124   wm_setusercliprect.o
        78          0          0          0          0        252   wm_show.o
       146          0          0          0          0        388   wm_timer.o
         0          0          0          0         72          0   wm_touch.o
        44          4          0          0          0        124   wm_validatewindow.o
        86          0          0          0          0          0   __dczerorl2.o
         0          0          0          0          0          0   entry.o
         0          0          0          0          0          0   entry10a.o
         0          0          0          0          0          0   entry11a.o
         8          4          0          0          0          0   entry2.o
         4          0          0          0          0          0   entry5.o
         0          0          0          0          0          0   entry7b.o
         0          0          0          0          0          0   entry8b.o
         8          4          0          0          0          0   entry9a.o
        30          0          0          0          0          0   handlers.o
        36          8          0          0          0         68   init.o
        64          0          0          0          0         76   memmovea.o
        36          0          0          0          0        108   memseta.o
        18          0          0          0          0         68   strcpy.o
        14          0          0          0          0         68   strlen.o

    ----------------------------------------------------------------------
     41480       1728      11456        652        504      67724   Library Totals
       118          0          3          4          4          0   (incl. Padding)

    ----------------------------------------------------------------------

      Code (inc. data)   RO Data    RW Data    ZI Data      Debug   Library Name

     41058       1712      11453        648        500      67336   STemWin532_CM4_Keil.lib
       304         16          0          0          0        388   mc_w.l

    ----------------------------------------------------------------------
     41480       1728      11456        652        504      67724   Library Totals

    ----------------------------------------------------------------------

==============================================================================


      Code (inc. data)   RO Data    RW Data    ZI Data      Debug   

     54624       2308      12040        684     133204     956780   Grand Totals
     54624       2308      12040        236     133204     956780   ELF Image Totals (compressed)
     54624       2308      12040        236          0          0   ROM Totals

==============================================================================

    Total RO  Size (Code + RO Data)                66664 (  65.10kB)
    Total RW  Size (RW Data + ZI Data)            133888 ( 130.75kB)
    Total ROM Size (Code + RO Data + RW Data)      66900 (  65.33kB)

==============================================================================

