Component: ARM Compiler 5.06 update 4 (build 422) Tool: armlink [4d35d2]

==============================================================================

Section Cross References

    stm32f4xx_hal_msp.o(i.HAL_FMC_MspDeInit) refers to stm32f4xx_hal_gpio.o(i.HAL_GPIO_DeInit) for HAL_GPIO_DeInit
    stm32f4xx_hal_msp.o(i.HAL_FMC_MspDeInit) refers to stm32f4xx_hal_msp.o(.data) for FMC_DeInitialized
    stm32f4xx_hal_msp.o(i.HAL_FMC_MspInit) refers to stm32f4xx_hal_gpio.o(i.HAL_GPIO_Init) for HAL_GPIO_Init
    stm32f4xx_hal_msp.o(i.HAL_FMC_MspInit) refers to stm32f4xx_hal_msp.o(.data) for FMC_Initialized
    stm32f4xx_hal_msp.o(i.HAL_I2C_MspDeInit) refers to stm32f4xx_hal_gpio.o(i.HAL_GPIO_DeInit) for HAL_GPIO_DeInit
    stm32f4xx_hal_msp.o(i.HAL_I2C_MspDeInit) refers to stm32f4xx_hal_cortex.o(i.HAL_NVIC_DisableIRQ) for HAL_NVIC_DisableIRQ
    stm32f4xx_hal_msp.o(i.HAL_I2C_MspInit) refers to stm32f4xx_hal_gpio.o(i.HAL_GPIO_Init) for HAL_GPIO_Init
    stm32f4xx_hal_msp.o(i.HAL_I2C_MspInit) refers to stm32f4xx_hal_cortex.o(i.HAL_NVIC_SetPriority) for HAL_NVIC_SetPriority
    stm32f4xx_hal_msp.o(i.HAL_I2C_MspInit) refers to stm32f4xx_hal_cortex.o(i.HAL_NVIC_EnableIRQ) for HAL_NVIC_EnableIRQ
    stm32f4xx_hal_msp.o(i.HAL_MspInit) refers to stm32f4xx_hal_cortex.o(i.HAL_NVIC_SetPriorityGrouping) for HAL_NVIC_SetPriorityGrouping
    stm32f4xx_hal_msp.o(i.HAL_MspInit) refers to stm32f4xx_hal_cortex.o(i.HAL_NVIC_SetPriority) for HAL_NVIC_SetPriority
    stm32f4xx_hal_msp.o(i.HAL_MspInit) refers to stm32f4xx_hal_cortex.o(i.HAL_NVIC_EnableIRQ) for HAL_NVIC_EnableIRQ
    stm32f4xx_hal_msp.o(i.HAL_SRAM_MspDeInit) refers to stm32f4xx_hal_msp.o(i.HAL_FMC_MspDeInit) for HAL_FMC_MspDeInit
    stm32f4xx_hal_msp.o(i.HAL_SRAM_MspInit) refers to stm32f4xx_hal_msp.o(i.HAL_FMC_MspInit) for HAL_FMC_MspInit
    stm32f4xx_it.o(i.EXTI15_10_IRQHandler) refers to stm32f4xx_hal_gpio.o(i.HAL_GPIO_EXTI_IRQHandler) for HAL_GPIO_EXTI_IRQHandler
    stm32f4xx_it.o(i.EXTI15_10_IRQHandler) refers to stm32f4xx_hal_i2c.o(i.HAL_I2C_Master_Transmit) for HAL_I2C_Master_Transmit
    stm32f4xx_it.o(i.EXTI15_10_IRQHandler) refers to stm32f4xx_hal_i2c.o(i.HAL_I2C_Master_Receive) for HAL_I2C_Master_Receive
    stm32f4xx_it.o(i.EXTI15_10_IRQHandler) refers to main.o(.data) for MasterTX
    stm32f4xx_it.o(i.EXTI15_10_IRQHandler) refers to main.o(.bss) for hi2c1
    stm32f4xx_it.o(i.I2C1_ER_IRQHandler) refers to stm32f4xx_hal_i2c.o(i.HAL_I2C_ER_IRQHandler) for HAL_I2C_ER_IRQHandler
    stm32f4xx_it.o(i.I2C1_ER_IRQHandler) refers to main.o(.bss) for hi2c1
    stm32f4xx_it.o(i.I2C1_EV_IRQHandler) refers to stm32f4xx_hal_i2c.o(i.HAL_I2C_EV_IRQHandler) for HAL_I2C_EV_IRQHandler
    stm32f4xx_it.o(i.I2C1_EV_IRQHandler) refers to main.o(.bss) for hi2c1
    stm32f4xx_it.o(i.I2C3_ER_IRQHandler) refers to stm32f4xx_hal_i2c.o(i.HAL_I2C_ER_IRQHandler) for HAL_I2C_ER_IRQHandler
    stm32f4xx_it.o(i.I2C3_ER_IRQHandler) refers to main.o(.bss) for hi2c3
    stm32f4xx_it.o(i.I2C3_EV_IRQHandler) refers to stm32f4xx_hal_i2c.o(i.HAL_I2C_EV_IRQHandler) for HAL_I2C_EV_IRQHandler
    stm32f4xx_it.o(i.I2C3_EV_IRQHandler) refers to main.o(.bss) for hi2c3
    stm32f4xx_it.o(i.PVD_IRQHandler) refers to stm32f4xx_hal_pwr.o(i.HAL_PWR_PVD_IRQHandler) for HAL_PWR_PVD_IRQHandler
    stm32f4xx_it.o(i.SysTick_Handler) refers to stm32f4xx_hal.o(i.HAL_IncTick) for HAL_IncTick
    stm32f4xx_it.o(i.SysTick_Handler) refers to stm32f4xx_hal_cortex.o(i.HAL_SYSTICK_IRQHandler) for HAL_SYSTICK_IRQHandler
    stm32f4xx_it.o(i.SysTick_Handler) refers to gui_x.o(i.OS_TimeMS_Inc) for OS_TimeMS_Inc
    main.o(i.MX_FMC_Init) refers to stm32f4xx_hal_sram.o(i.HAL_SRAM_Init) for HAL_SRAM_Init
    main.o(i.MX_FMC_Init) refers to main.o(i.Error_Handler) for Error_Handler
    main.o(i.MX_FMC_Init) refers to main.o(.bss) for hsram1
    main.o(i.MX_GPIO_Init) refers to stm32f4xx_hal_gpio.o(i.HAL_GPIO_WritePin) for HAL_GPIO_WritePin
    main.o(i.MX_GPIO_Init) refers to stm32f4xx_hal_gpio.o(i.HAL_GPIO_Init) for HAL_GPIO_Init
    main.o(i.MX_GPIO_Init) refers to stm32f4xx_hal_cortex.o(i.HAL_NVIC_SetPriority) for HAL_NVIC_SetPriority
    main.o(i.MX_GPIO_Init) refers to stm32f4xx_hal_cortex.o(i.HAL_NVIC_EnableIRQ) for HAL_NVIC_EnableIRQ
    main.o(i.MX_I2C1_Init) refers to stm32f4xx_hal_i2c.o(i.HAL_I2C_Init) for HAL_I2C_Init
    main.o(i.MX_I2C1_Init) refers to main.o(i.Error_Handler) for Error_Handler
    main.o(i.MX_I2C1_Init) refers to main.o(.bss) for hi2c1
    main.o(i.MX_I2C3_Init) refers to stm32f4xx_hal_i2c.o(i.HAL_I2C_Init) for HAL_I2C_Init
    main.o(i.MX_I2C3_Init) refers to main.o(i.Error_Handler) for Error_Handler
    main.o(i.MX_I2C3_Init) refers to main.o(.bss) for hi2c3
    main.o(i.SystemClock_Config) refers to stm32f4xx_hal_rcc.o(i.HAL_RCC_OscConfig) for HAL_RCC_OscConfig
    main.o(i.SystemClock_Config) refers to main.o(i.Error_Handler) for Error_Handler
    main.o(i.SystemClock_Config) refers to stm32f4xx_hal_pwr_ex.o(i.HAL_PWREx_EnableOverDrive) for HAL_PWREx_EnableOverDrive
[...]
    RTC_WKUP_IRQHandler                      0x080001db   Thumb Code     0  startup_stm32f429xx.o(.text)
    SAI1_IRQHandler                          0x080001db   Thumb Code     0  startup_stm32f429xx.o(.text)
    SDIO_IRQHandler                          0x080001db   Thumb Code     0  startup_stm32f429xx.o(.text)
    SPI1_IRQHandler                          0x080001db   Thumb Code     0  startup_stm32f429xx.o(.text)
    SPI2_IRQHandler                          0x080001db   Thumb Code     0  startup_stm32f429xx.o(.text)
    SPI3_IRQHandler                          0x080001db   Thumb Code     0  startup_stm32f429xx.o(.text)
    SPI4_IRQHandler                          0x080001db   Thumb Code     0  startup_stm32f429xx.o(.text)
    SPI5_IRQHandler                          0x080001db   Thumb Code     0  startup_stm32f429xx.o(.text)
    SPI6_IRQHandler                          0x080001db   Thumb Code     0  startup_stm32f429xx.o(.text)
    TAMP_STAMP_IRQHandler                    0x080001db   Thumb Code     0  startup_stm32f429xx.o(.text)
    TIM1_BRK_TIM9_IRQHandler                 0x080001db   Thumb Code     0  startup_stm32f429xx.o(.text)
    TIM1_CC_IRQHandler                       0x080001db   Thumb Code     0  startup_stm32f429xx.o(.text)
    TIM1_TRG_COM_TIM11_IRQHandler            0x080001db   Thumb Code     0  startup_stm32f429xx.o(.text)
    TIM1_UP_TIM10_IRQHandler                 0x080001db   Thumb Code     0  startup_stm32f429xx.o(.text)
    TIM2_IRQHandler                          0x080001db   Thumb Code     0  startup_stm32f429xx.o(.text)
    TIM3_IRQHandler                          0x080001db   Thumb Code     0  startup_stm32f429xx.o(.text)
    TIM4_IRQHandler                          0x080001db   Thumb Code     0  startup_stm32f429xx.o(.text)
    TIM5_IRQHandler                          0x080001db   Thumb Code     0  startup_stm32f429xx.o(.text)
    TIM6_DAC_IRQHandler                      0x080001db   Thumb Code     0  startup_stm32f429xx.o(.text)
    TIM7_IRQHandler                          0x080001db   Thumb Code     0  startup_stm32f429xx.o(.text)
    TIM8_BRK_TIM12_IRQHandler                0x080001db   Thumb Code     0  startup_stm32f429xx.o(.text)
    TIM8_CC_IRQHandler                       0x080001db   Thumb Code     0  startup_stm32f429xx.o(.text)
    TIM8_TRG_COM_TIM14_IRQHandler            0x080001db   Thumb Code     0  startup_stm32f429xx.o(.text)
    TIM8_UP_TIM13_IRQHandler                 0x080001db   Thumb Code     0  startup_stm32f429xx.o(.text)
    UART4_IRQHandler                         0x080001db   Thumb Code     0  startup_stm32f429xx.o(.text)
    UART5_IRQHandler                         0x080001db   Thumb Code     0  startup_stm32f429xx.o(.text)
    UART7_IRQHandler                         0x080001db   Thumb Code     0  startup_stm32f429xx.o(.text)
    UART8_IRQHandler                         0x080001db   Thumb Code     0  startup_stm32f429xx.o(.text)
    USART1_IRQHandler                        0x080001db   Thumb Code     0  startup_stm32f429xx.o(.text)
    USART2_IRQHandler                        0x080001db   Thumb Code     0  startup_stm32f429xx.o(.text)
    USART3_IRQHandler                        0x080001db   Thumb Code     0  startup_stm32f429xx.o(.text)
    USART6_IRQHandler                        0x080001db   Thumb Code     0  startup_stm32f429xx.o(.text)
    WWDG_IRQHandler                          0x080001db   Thumb Code     0  startup_stm32f429xx.o(.text)
    ___aeabi_memcpy8$move                    0x080001e5   Thumb Code     0  memmovea.o(.text)
    __aeabi_memcpy                           0x080001e5   Thumb Code    64  memmovea.o(.text)
    __aeabi_memcpy4                          0x080001e5   Thumb Code     0  memmovea.o(.text)
    __aeabi_memmove                          0x080001e5   Thumb Code     0  memmovea.o(.text)
    __aeabi_memmove4                         0x080001e5   Thumb Code     0  memmovea.o(.text)
    __aeabi_memmove8                         0x080001e5   Thumb Code     0  memmovea.o(.text)
    __aeabi_memset                           0x08000225   Thumb Code    14  memseta.o(.text)
    __aeabi_memset4                          0x08000225   Thumb Code     0  memseta.o(.text)
    __aeabi_memset8                          0x08000225   Thumb Code     0  memseta.o(.text)
    __aeabi_memclr                           0x08000233   Thumb Code     4  memseta.o(.text)
    __aeabi_memclr4                          0x08000233   Thumb Code     0  memseta.o(.text)
    __aeabi_memclr8                          0x08000233   Thumb Code     0  memseta.o(.text)
    _memset$wrapper                          0x08000237   Thumb Code    18  memseta.o(.text)
    __scatterload                            0x08000249   Thumb Code    28  init.o(.text)
    __scatterload_rt2                        0x08000249   Thumb Code     0  init.o(.text)
    BusFault_Handler                         0x0800026d   Thumb Code     4  stm32f4xx_it.o(i.BusFault_Handler)
    DebugMon_Handler                         0x08000271   Thumb Code     2  stm32f4xx_it.o(i.DebugMon_Handler)
    EXTI15_10_IRQHandler                     0x08000275   Thumb Code    58  stm32f4xx_it.o(i.EXTI15_10_IRQHandler)
    Error_Handler                            0x080002c1   Thumb Code     4  main.o(i.Error_Handler)
    FMC_NORSRAM_Extended_Timing_Init         0x080002c5   Thumb Code    66  stm32f4xx_ll_fmc.o(i.FMC_NORSRAM_Extended_Timing_Init)
    FMC_NORSRAM_Init                         0x0800030d   Thumb Code   112  stm32f4xx_ll_fmc.o(i.FMC_NORSRAM_Init)
    FMC_NORSRAM_Timing_Init                  0x08000381   Thumb Code    94  stm32f4xx_ll_fmc.o(i.FMC_NORSRAM_Timing_Init)
    GUIDRV_FlexColor_Config                  0x080003df   Thumb Code    64  guidrv_flexcolor.o(i.GUIDRV_FlexColor_Config)
    GUIDRV_FlexColor_SetFunc                 0x0800041f   Thumb Code    50  guidrv_flexcolor.o(i.GUIDRV_FlexColor_SetFunc)
    GUIDRV_FlexColor_SetFunc66720            0x08000451   Thumb Code    78  guidrv_flexcolor_func66720.o(i.GUIDRV_FlexColor_SetFunc66720)
    GUIDRV_FlexColor_SetMode16bppC0B16       0x080004bd   Thumb Code    74  guidrv_flexcolor_16bpp_c0b16.o(i.GUIDRV_FlexColor_SetMode16bppC0B16)
    GUIDRV_FlexColor__GetPixelIndexNoCache   0x08000525   Thumb Code   192  guidrv_flexcolor.o(i.GUIDRV_FlexColor__GetPixelIndexNoCache)
    GUIDRV_FlexColor__InitOnce               0x080005e5   Thumb Code    50  guidrv_flexcolor.o(i.GUIDRV_FlexColor__InitOnce)
    GUIDRV_FlexColor__SetLog2Phys            0x0800061d   Thumb Code    52  guidrv_flexcolor.o(i.GUIDRV_FlexColor__SetLog2Phys)
    GUIDRV_FlexColor__SetPixelIndexNoCache   0x08000655   Thumb Code   156  guidrv_flexcolor.o(i.GUIDRV_FlexColor__SetPixelIndexNoCache)
    GUIMONO_DispChar                         0x080006f1   Thumb Code   302  gui_charm.o(i.GUIMONO_DispChar)
    GUIMONO_GetCharDistX                     0x08000825   Thumb Code    18  gui_charm.o(i.GUIMONO_GetCharDistX)
    GUIMONO_GetFontInfo                      0x0800083d   Thumb Code     6  gui_charm.o(i.GUIMONO_GetFontInfo)
    GUIMONO_IsInFont                         0x08000843   Thumb Code    56  gui_charm.o(i.GUIMONO_IsInFont)
    GUI_ALLOC_AllocNoInit                    0x0800087b   Thumb Code    10  gui_alloc.o(i.GUI_ALLOC_AllocNoInit)
    GUI_ALLOC_AllocZero                      0x08000885   Thumb Code    36  gui_alloc_alloczero.o(i.GUI_ALLOC_AllocZero)
    GUI_ALLOC_AssignMemory                   0x080008a9   Thumb Code    12  gui_alloc.o(i.GUI_ALLOC_AssignMemory)
    GUI_ALLOC_Free                           0x080008b9   Thumb Code    50  gui_alloc.o(i.GUI_ALLOC_Free)
    GUI_ALLOC_FreeFixedBlock                 0x080008f1   Thumb Code    18  gui_alloc.o(i.GUI_ALLOC_FreeFixedBlock)
    GUI_ALLOC_GetFixedBlock                  0x08000909   Thumb Code   170  gui_alloc.o(i.GUI_ALLOC_GetFixedBlock)
    GUI_ALLOC_LockH                          0x080009b9   Thumb Code    24  gui_alloc.o(i.GUI_ALLOC_LockH)
    GUI_ALLOC_UnlockH                        0x080009d5   Thumb Code    42  gui_alloc.o(i.GUI_ALLOC_UnlockH)
    GUI_ALLOC_h2p                            0x08000a05   Thumb Code    20  gui_alloc.o(i.GUI_ALLOC_h2p)
    GUI_CalcColorDist                        0x08000a1d   Thumb Code    60  gui_calccolordist.o(i.GUI_CalcColorDist)
    GUI_Clear                                0x08000a59   Thumb Code    28  gui_core.o(i.GUI_Clear)
    GUI_ClearRect                            0x08000a75   Thumb Code    90  gui_core.o(i.GUI_ClearRect)
    GUI_DEVICE_Create                        0x08000ad5   Thumb Code    76  gui_device.o(i.GUI_DEVICE_Create)
    GUI_DEVICE_CreateAndLink                 0x08000b25   Thumb Code    36  gui_device.o(i.GUI_DEVICE_CreateAndLink)
    GUI_DEVICE_Delete                        0x08000b4d   Thumb Code     4  gui_device.o(i.GUI_DEVICE_Delete)
    GUI_DEVICE_Link                          0x08000b51   Thumb Code   130  gui_device.o(i.GUI_DEVICE_Link)
    GUI_DEVICE_Unlink                        0x08000bd9   Thumb Code    42  gui_device.o(i.GUI_DEVICE_Unlink)
    GUI_DEVICE__GetpDriver                   0x08000c09   Thumb Code    32  gui_device.o(i.GUI_DEVICE__GetpDriver)
    GUI_GetBitsPerPixelEx                    0x08000c2d   Thumb Code    14  lcd_getex.o(i.GUI_GetBitsPerPixelEx)
    GUI_GetpfColor2IndexEx                   0x08000c41   Thumb Code    12  lcd_getex.o(i.GUI_GetpfColor2IndexEx)
    GUI_GetpfIndex2ColorEx                   0x08000c51   Thumb Code    12  lcd_getex.o(i.GUI_GetpfIndex2ColorEx)
    GUI_GotoXY                               0x08000c61   Thumb Code    20  gui_goto.o(i.GUI_GotoXY)
    GUI_Init                                 0x08000c75   Thumb Code   108  gui_core.o(i.GUI_Init)
    GUI_MEMDEV_Delete                        0x08000cf9   Thumb Code    58  guidev.o(i.GUI_MEMDEV_Delete)
    GUI_MEMDEV_GetBitsPerPixel               0x08000d39   Thumb Code    36  guidev.o(i.GUI_MEMDEV_GetBitsPerPixel)
    GUI_MEMDEV_GetDataPtr                    0x08000d5d   Thumb Code    26  guidev_getdataptr.o(i.GUI_MEMDEV_GetDataPtr)
    GUI_MEMDEV__WriteToActiveOpaque          0x08000d77   Thumb Code    62  guidev_writetoactiveopaque.o(i.GUI_MEMDEV__WriteToActiveOpaque)
    GUI_MergeRect                            0x08000db5   Thumb Code    88  gui_mergerect.o(i.GUI_MergeRect)
    GUI_MoveRect                             0x08000e0d   Thumb Code    30  gui_moverect.o(i.GUI_MoveRect)
    GUI_RectsIntersect                       0x08000e2b   Thumb Code    56  gui_rectsintersect.o(i.GUI_RectsIntersect)
    GUI_SelectLCD                            0x08000e63   Thumb Code    18  gui_selectlcd.o(i.GUI_SelectLCD)
    GUI_SelectLayer                          0x08000e75   Thumb Code    38  gui_selectlayer.o(i.GUI_SelectLayer)
    GUI_SetBkColor                           0x08000ea5   Thumb Code     4  gui_setcolor.o(i.GUI_SetBkColor)
    GUI_SetDefaultFont                       0x08000ea9   Thumb Code     6  gui_core.o(i.GUI_SetDefaultFont)
    GUI_SetOrg                               0x08000eb5   Thumb Code    38  gui_setorg.o(i.GUI_SetOrg)
    GUI_SignalEvent                          0x08000eed   Thumb Code    12  gui_waitevent.o(i.GUI_SignalEvent)
    GUI_StoreKey                             0x08000efd   Thumb Code    12  gui_onkey.o(i.GUI_StoreKey)
    GUI_USAGE_AddRect                        0x08000f0d   Thumb Code    40  guidev_usage.o(i.GUI_USAGE_AddRect)
    GUI_USAGE_DecUseCnt                      0x08000f35   Thumb Code    36  guidev_usage.o(i.GUI_USAGE_DecUseCnt)
    GUI_X_Config                             0x08000f59   Thumb Code    20  guiconf.o(i.GUI_X_Config)
    GUI_X_ExecIdle                           0x08000f75   Thumb Code     2  gui_x.o(i.GUI_X_ExecIdle)
    GUI_X_Init                               0x08000f77   Thumb Code     2  gui_x.o(i.GUI_X_Init)
    GUI__CompactPixelIndices                 0x08000f79   Thumb Code   292  gui__compactpixelindices.o(i.GUI__CompactPixelIndices)
    GUI__Config                              0x0800109d   Thumb Code    42  gui_core.o(i.GUI__Config)
    GUI__IntersectRect                       0x080010d1   Thumb Code    58  gui__intersectrect.o(i.GUI__IntersectRect)
    GUI__IntersectRects                      0x0800110b   Thumb Code    82  gui__intersectrects.o(i.GUI__IntersectRects)
    GUI__RegisterExit                        0x0800115d   Thumb Code    10  gui_core.o(i.GUI__RegisterExit)
    GUI__memset                              0x0800116d   Thumb Code    76  gui__memset.o(i.GUI__memset)
    GUI__memset16                            0x080011b9   Thumb Code    60  gui__memset16.o(i.GUI__memset16)
    HAL_DMA_Abort_IT                         0x080011f5   Thumb Code    40  stm32f4xx_hal_dma.o(i.HAL_DMA_Abort_IT)
    HAL_Delay                                0x0800121d   Thumb Code    26  stm32f4xx_hal.o(i.HAL_Delay)
    HAL_GPIO_EXTI_Callback                   0x080012bd   Thumb Code     2  stm32f4xx_hal_gpio.o(i.HAL_GPIO_EXTI_Callback)
    HAL_GPIO_EXTI_IRQHandler                 0x080012c1   Thumb Code    24  stm32f4xx_hal_gpio.o(i.HAL_GPIO_EXTI_IRQHandler)
    HAL_GPIO_Init                            0x080012dd   Thumb Code   486  stm32f4xx_hal_gpio.o(i.HAL_GPIO_Init)
    HAL_GPIO_WritePin                        0x080014f9   Thumb Code    12  stm32f4xx_hal_gpio.o(i.HAL_GPIO_WritePin)
    HAL_GetTick                              0x08001505   Thumb Code     6  stm32f4xx_hal.o(i.HAL_GetTick)
    HAL_I2C_AbortCpltCallback                0x08001511   Thumb Code     2  stm32f4xx_hal_i2c.o(i.HAL_I2C_AbortCpltCallback)
    HAL_I2C_AddrCallback                     0x08001513   Thumb Code     2  stm32f4xx_hal_i2c.o(i.HAL_I2C_AddrCallback)
    HAL_I2C_ER_IRQHandler                    0x08001515   Thumb Code   224  stm32f4xx_hal_i2c.o(i.HAL_I2C_ER_IRQHandler)
    HAL_I2C_EV_IRQHandler                    0x080015f9   Thumb Code   368  stm32f4xx_hal_i2c.o(i.HAL_I2C_EV_IRQHandler)
    HAL_I2C_ErrorCallback                    0x08001771   Thumb Code     2  stm32f4xx_hal_i2c.o(i.HAL_I2C_ErrorCallback)
    HAL_I2C_Init                             0x08001775   Thumb Code   286  stm32f4xx_hal_i2c.o(i.HAL_I2C_Init)
    HAL_I2C_ListenCpltCallback               0x0800189d   Thumb Code     2  stm32f4xx_hal_i2c.o(i.HAL_I2C_ListenCpltCallback)
    HAL_I2C_MasterRxCpltCallback             0x0800189f   Thumb Code     2  stm32f4xx_hal_i2c.o(i.HAL_I2C_MasterRxCpltCallback)
    HAL_I2C_MasterTxCpltCallback             0x080018a1   Thumb Code     2  stm32f4xx_hal_i2c.o(i.HAL_I2C_MasterTxCpltCallback)
    HAL_I2C_Master_Receive                   0x080018a5   Thumb Code   796  stm32f4xx_hal_i2c.o(i.HAL_I2C_Master_Receive)
    HAL_I2C_Master_Transmit                  0x08001bcd   Thumb Code   394  stm32f4xx_hal_i2c.o(i.HAL_I2C_Master_Transmit)
    HAL_I2C_MemRxCpltCallback                0x08001d61   Thumb Code     2  stm32f4xx_hal_i2c.o(i.HAL_I2C_MemRxCpltCallback)
    HAL_I2C_MemTxCpltCallback                0x08001d63   Thumb Code     2  stm32f4xx_hal_i2c.o(i.HAL_I2C_MemTxCpltCallback)
    HAL_I2C_MspInit                          0x08001d65   Thumb Code   242  stm32f4xx_hal_msp.o(i.HAL_I2C_MspInit)
    HAL_I2C_SlaveRxCpltCallback              0x08001e71   Thumb Code     2  stm32f4xx_hal_i2c.o(i.HAL_I2C_SlaveRxCpltCallback)
    HAL_I2C_SlaveTxCpltCallback              0x08001e73   Thumb Code     2  stm32f4xx_hal_i2c.o(i.HAL_I2C_SlaveTxCpltCallback)
    HAL_IncTick                              0x08001e75   Thumb Code    12  stm32f4xx_hal.o(i.HAL_IncTick)
    HAL_Init                                 0x08001e85   Thumb Code    54  stm32f4xx_hal.o(i.HAL_Init)
    HAL_InitTick                             0x08001ec1   Thumb Code    36  stm32f4xx_hal.o(i.HAL_InitTick)
    HAL_MspInit                              0x08001ee9   Thumb Code   102  stm32f4xx_hal_msp.o(i.HAL_MspInit)
    HAL_NVIC_EnableIRQ                       0x08001f4f   Thumb Code    26  stm32f4xx_hal_cortex.o(i.HAL_NVIC_EnableIRQ)
    HAL_NVIC_SetPriority                     0x08001f69   Thumb Code   124  stm32f4xx_hal_cortex.o(i.HAL_NVIC_SetPriority)
    HAL_NVIC_SetPriorityGrouping             0x08001fe5   Thumb Code    32  stm32f4xx_hal_cortex.o(i.HAL_NVIC_SetPriorityGrouping)
    HAL_PWREx_EnableOverDrive                0x0800200d   Thumb Code   152  stm32f4xx_hal_pwr_ex.o(i.HAL_PWREx_EnableOverDrive)
    HAL_PWR_PVDCallback                      0x080020b1   Thumb Code     2  stm32f4xx_hal_pwr.o(i.HAL_PWR_PVDCallback)
    HAL_PWR_PVD_IRQHandler                   0x080020b5   Thumb Code    26  stm32f4xx_hal_pwr.o(i.HAL_PWR_PVD_IRQHandler)
    HAL_RCC_ClockConfig                      0x080020d5   Thumb Code   446  stm32f4xx_hal_rcc.o(i.HAL_RCC_ClockConfig)
    HAL_RCC_GetHCLKFreq                      0x080022a5   Thumb Code     6  stm32f4xx_hal_rcc.o(i.HAL_RCC_GetHCLKFreq)
    HAL_RCC_GetPCLK1Freq                     0x080022b1   Thumb Code    36  stm32f4xx_hal_rcc.o(i.HAL_RCC_GetPCLK1Freq)
    HAL_RCC_GetSysClockFreq                  0x080022dd   Thumb Code   168  stm32f4xx_hal_rcc.o(i.HAL_RCC_GetSysClockFreq)
    HAL_RCC_OscConfig                        0x08002391   Thumb Code  1090  stm32f4xx_hal_rcc.o(i.HAL_RCC_OscConfig)
    HAL_SRAM_Init                            0x080027dd   Thumb Code    88  stm32f4xx_hal_sram.o(i.HAL_SRAM_Init)
    HAL_SRAM_MspInit                         0x08002835   Thumb Code    10  stm32f4xx_hal_msp.o(i.HAL_SRAM_MspInit)
    HAL_SYSTICK_CLKSourceConfig              0x0800283f   Thumb Code    40  stm32f4xx_hal_cortex.o(i.HAL_SYSTICK_CLKSourceConfig)
    HAL_SYSTICK_Callback                     0x08002867   Thumb Code     2  stm32f4xx_hal_cortex.o(i.HAL_SYSTICK_Callback)
    HAL_SYSTICK_Config                       0x08002869   Thumb Code    52  stm32f4xx_hal_cortex.o(i.HAL_SYSTICK_Config)
    HAL_SYSTICK_IRQHandler                   0x0800289d   Thumb Code     8  stm32f4xx_hal_cortex.o(i.HAL_SYSTICK_IRQHandler)
    HardFault_Handler                        0x080028a5   Thumb Code     4  stm32f4xx_it.o(i.HardFault_Handler)
    I2C1_ER_IRQHandler                       0x080028a9   Thumb Code    10  stm32f4xx_it.o(i.I2C1_ER_IRQHandler)
    I2C1_EV_IRQHandler                       0x080028b9   Thumb Code    10  stm32f4xx_it.o(i.I2C1_EV_IRQHandler)
    I2C3_ER_IRQHandler                       0x080028c9   Thumb Code    10  stm32f4xx_it.o(i.I2C3_ER_IRQHandler)
    I2C3_EV_IRQHandler                       0x080028d9   Thumb Code    10  stm32f4xx_it.o(i.I2C3_EV_IRQHandler)
    Init_SSD1963                             0x0800385b   Thumb Code   376  display_ssd1963.o(i.Init_SSD1963)
    LCD_Color2Index                          0x080039d5   Thumb Code    18  lcd.o(i.LCD_Color2Index)
    LCD_DrawBitmap                           0x080039f1   Thumb Code   504  lcd.o(i.LCD_DrawBitmap)
    LCD_DrawHLine                            0x08003bf5   Thumb Code    78  lcd.o(i.LCD_DrawHLine)
    LCD_DrawPixel                            0x08003c4d   Thumb Code    96  lcd.o(i.LCD_DrawPixel)
    LCD_FillRect                             0x08003cb5   Thumb Code    80  lcd.o(i.LCD_FillRect)
    LCD_GetBitsPerPixelEx                    0x08003d0d   Thumb Code     6  lcd_getex.o(i.LCD_GetBitsPerPixelEx)
    LCD_GetNumColors                         0x08003d15   Thumb Code    12  lcd_getex.o(i.LCD_GetNumColors)
    LCD_GetNumColorsEx                       0x08003d25   Thumb Code     6  lcd_getex.o(i.LCD_GetNumColorsEx)
    LCD_GetNumLayers                         0x08003d2b   Thumb Code    26  lcd_getnumdisplays.o(i.LCD_GetNumLayers)
    LCD_GetPalette                           0x08003d45   Thumb Code    10  lcd_getex.o(i.LCD_GetPalette)
    LCD_GetPaletteEx                         0x08003d55   Thumb Code    24  lcd_getex.o(i.LCD_GetPaletteEx)
    LCD_GetXSizeDisplay                      0x08003d6d   Thumb Code     6  lcd_getex.o(i.LCD_GetXSizeDisplay)
    LCD_GetXSizeMax                          0x08003d79   Thumb Code     6  lcd_getex.o(i.LCD_GetXSizeMax)
    LCD_GetYSizeDisplay                      0x08003d81   Thumb Code     6  lcd_getex.o(i.LCD_GetYSizeDisplay)
    LCD_GetYSizeMax                          0x08003d8d   Thumb Code     6  lcd_getex.o(i.LCD_GetYSizeMax)
    LCD_GetpPalConvTableBM                   0x08003d93   Thumb Code     4  lcd_color.o(i.LCD_GetpPalConvTableBM)
    LCD_GetpPalConvTableUncached             0x08003d99   Thumb Code    68  lcd_color.o(i.LCD_GetpPalConvTableUncached)
    LCD_Index2Color                          0x08003de1   Thumb Code    18  lcd.o(i.LCD_Index2Color)
    LCD_Index2Color_565                      0x08003dfd   Thumb Code    34  guicc_565.o(i.LCD_Index2Color_565)
    LCD_InitColors                           0x08003e29   Thumb Code    42  lcd_color.o(i.LCD_InitColors)
    LCD_InitLUT                              0x08003e5d   Thumb Code   112  lcd_color.o(i.LCD_InitLUT)
    LCD_SelectLCD                            0x08003ed9   Thumb Code    56  lcd_selectlcd.o(i.LCD_SelectLCD)
    LCD_SetBkColor                           0x08003f19   Thumb Code     8  lcd.o(i.LCD_SetBkColor)
    LCD_SetBkColorIndex                      0x08003f25   Thumb Code    20  lcd.o(i.LCD_SetBkColorIndex)
    LCD_SetClipRectEx                        0x08003f3d   Thumb Code    38  lcd_setcliprectex.o(i.LCD_SetClipRectEx)
    LCD_SetClipRectMax                       0x08003f6d   Thumb Code    20  lcd.o(i.LCD_SetClipRectMax)
    LCD_SetColor                             0x08003f89   Thumb Code     8  lcd.o(i.LCD_SetColor)
    LCD_SetColorIndex                        0x08003f95   Thumb Code    20  lcd.o(i.LCD_SetColorIndex)
    LCD_SetDisplaySize                       0x08003fad   Thumb Code     8  lcd_getex.o(i.LCD_SetDisplaySize)
    LCD_SetDrawMode                          0x08003fb9   Thumb Code     8  lcd.o(i.LCD_SetDrawMode)
    LCD_SetLUTEntryEx                        0x08003fc5   Thumb Code    44  lcd_set.o(i.LCD_SetLUTEntryEx)
    LCD_SetSizeEx                            0x08003ff1   Thumb Code    44  lcd_set.o(i.LCD_SetSizeEx)
    LCD_SetVSizeEx                           0x0800401d   Thumb Code    44  lcd_set.o(i.LCD_SetVSizeEx)
    LCD_UpdateColorIndices                   0x08004049   Thumb Code    32  lcd_updatecolorindices.o(i.LCD_UpdateColorIndices)
    LCD_X_Config                             0x0800406d   Thumb Code   106  lcdconf_flexcolor.o(i.LCD_X_Config)
    LCD_X_DisplayDriver                      0x080040f9   Thumb Code    36  lcdconf_flexcolor.o(i.LCD_X_DisplayDriver)
    LCD__DrawBitmap_1bpp                     0x0800411d   Thumb Code   424  lcd.o(i.LCD__DrawBitmap_1bpp)
    LCD__GetBPP                              0x080042d1   Thumb Code    92  lcd_getex.o(i.LCD__GetBPP)
    LCD__GetBPPDevice                        0x0800432d   Thumb Code    50  lcd_getex.o(i.LCD__GetBPPDevice)
    Lcd_ClearScreen                          0x0800439f   Thumb Code    70  display_ssd1963.o(i.Lcd_ClearScreen)
    Lcd_SetArea                              0x080043e5   Thumb Code    68  display_ssd1963.o(i.Lcd_SetArea)
    Lcd_Write_Cmd                            0x08004429   Thumb Code     8  display_ssd1963.o(i.Lcd_Write_Cmd)
    Lcd_Write_Data                           0x08004431   Thumb Code     6  display_ssd1963.o(i.Lcd_Write_Data)
    MemManage_Handler                        0x08004685   Thumb Code     4  stm32f4xx_it.o(i.MemManage_Handler)
    NMI_Handler                              0x08004689   Thumb Code     2  stm32f4xx_it.o(i.NMI_Handler)
    OS_TimeMS_Inc                            0x080046c5   Thumb Code    12  gui_x.o(i.OS_TimeMS_Inc)
    PVD_IRQHandler                           0x080046d5   Thumb Code     8  stm32f4xx_it.o(i.PVD_IRQHandler)
    PendSV_Handler                           0x080046dd   Thumb Code     2  stm32f4xx_it.o(i.PendSV_Handler)
    SVC_Handler                              0x080046df   Thumb Code     2  stm32f4xx_it.o(i.SVC_Handler)
    SysTick_Handler                          0x080046e1   Thumb Code    16  stm32f4xx_it.o(i.SysTick_Handler)
    SystemClock_Config                       0x080046f1   Thumb Code   198  main.o(i.SystemClock_Config)
    SystemInit                               0x080047c1   Thumb Code    82  system_stm32f4xx.o(i.SystemInit)
    TFT_Draw_Char                            0x08004825   Thumb Code   122  display_ssd1963.o(i.TFT_Draw_Char)
    TFT_Draw_Circle                          0x0800489f   Thumb Code   336  display_ssd1963.o(i.TFT_Draw_Circle)
    TFT_Draw_Fill_Rectangle                  0x080049ef   Thumb Code    54  display_ssd1963.o(i.TFT_Draw_Fill_Rectangle)
    TFT_Draw_String                          0x08004a25   Thumb Code    88  display_ssd1963.o(i.TFT_Draw_String)
    TFT_Send_Cmd                             0x08004a7d   Thumb Code     8  display_ssd1963.o(i.TFT_Send_Cmd)
    TFT_Set_Work_Area                        0x08004a85   Thumb Code    42  display_ssd1963.o(i.TFT_Set_Work_Area)
    TFT_Set_X                                0x08004aaf   Thumb Code    38  display_ssd1963.o(i.TFT_Set_X)
    TFT_Set_Y                                0x08004ad5   Thumb Code    38  display_ssd1963.o(i.TFT_Set_Y)
    TFT_Write_Data                           0x08004afd   Thumb Code     6  display_ssd1963.o(i.TFT_Write_Data)
    UsageFault_Handler                       0x08004b09   Thumb Code     4  stm32f4xx_it.o(i.UsageFault_Handler)
    WM_Activate                              0x08004b0d   Thumb Code    12  wm.o(i.WM_Activate)
    WM_BringToBottom                         0x08004b1d   Thumb Code   126  wm_bringtobottom.o(i.WM_BringToBottom)
    WM_CreateWindowAsChild                   0x08004b9d   Thumb Code   316  wm.o(i.WM_CreateWindowAsChild)
    WM_DefaultProc                           0x08004ce5   Thumb Code    70  wm.o(i.WM_DefaultProc)
    WM_GetDesktopWindow                      0x08004d2d   Thumb Code    14  wm_getdesktopwindow.o(i.WM_GetDesktopWindow)
    WM_GetFirstChild                         0x08004d45   Thumb Code    14  wm_getfirstchild.o(i.WM_GetFirstChild)
    WM_GetParent                             0x08004d53   Thumb Code    14  wm_getparent.o(i.WM_GetParent)
    WM_Init                                  0x08004d61   Thumb Code   184  wm.o(i.WM_Init)
    WM_InvalidateRect                        0x08004e35   Thumb Code   118  wm.o(i.WM_InvalidateRect)
    WM_InvalidateWindow                      0x08004eab   Thumb Code     6  wm.o(i.WM_InvalidateWindow)
    WM_InvalidateWindowAndDescsEx            0x08004eb1   Thumb Code    94  wm.o(i.WM_InvalidateWindowAndDescsEx)
    WM_SelectWindow                          0x08004f11   Thumb Code    52  wm.o(i.WM_SelectWindow)
    WM_SendToParent                          0x08004f4d   Thumb Code    30  wm_sendtoparent.o(i.WM_SendToParent)
    WM__ActivateClipRect                     0x08004f6d   Thumb Code    58  wm.o(i.WM__ActivateClipRect)
    WM__AddCriticalHandle                    0x08004fb5   Thumb Code    10  wm_criticalhandle.o(i.WM__AddCriticalHandle)
    WM__Client2Screen                        0x08004fc5   Thumb Code    16  wm.o(i.WM__Client2Screen)
    WM__ClipAtParentBorders                  0x08004fd5   Thumb Code    78  wm.o(i.WM__ClipAtParentBorders)
    WM__GetClientRectEx                      0x08005023   Thumb Code    32  wm_getclientrect.o(i.WM__GetClientRectEx)
    WM__GetClientRectWin                     0x08005043   Thumb Code    24  wm.o(i.WM__GetClientRectWin)
    WM__GetFirstSibling                      0x0800505b   Thumb Code    18  wm__getfirstsibling.o(i.WM__GetFirstSibling)
    WM__GetNextIVR                           0x0800506d   Thumb Code    54  wm.o(i.WM__GetNextIVR)
    WM__GetPrevSibling                       0x080050ad   Thumb Code    36  wm__getprevsibling.o(i.WM__GetPrevSibling)
    WM__GetTopLevelLayer                     0x080050d1   Thumb Code    24  wm.o(i.WM__GetTopLevelLayer)
    WM__InitIVRSearch                        0x080050e9   Thumb Code   228  wm.o(i.WM__InitIVRSearch)
    WM__InsertWindowIntoList                 0x080051d9   Thumb Code   164  wm.o(i.WM__InsertWindowIntoList)
    WM__Invalidate1Abs                       0x0800527d   Thumb Code     6  wm.o(i.WM__Invalidate1Abs)
    WM__InvalidateDrawAndDescs               0x08005285   Thumb Code    78  wm.o(i.WM__InvalidateDrawAndDescs)
    WM__InvalidateRect                       0x080052d9   Thumb Code   118  wm.o(i.WM__InvalidateRect)
    WM__InvalidateRectEx                     0x0800534f   Thumb Code     6  wm.o(i.WM__InvalidateRectEx)
    WM__RectIsNZ                             0x08005355   Thumb Code    32  wm.o(i.WM__RectIsNZ)
    WM__SelectTopLevelLayer                  0x08005375   Thumb Code    20  wm.o(i.WM__SelectTopLevelLayer)
    WM__SendMessage                          0x08005389   Thumb Code    54  wm__sendmessage.o(i.WM__SendMessage)
    WM__SendMsgNoData                        0x080053c5   Thumb Code    14  wm.o(i.WM__SendMsgNoData)
    __scatterload_copy                       0x08007dd9   Thumb Code    14  handlers.o(i.__scatterload_copy)
    __scatterload_null                       0x08007de7   Thumb Code     2  handlers.o(i.__scatterload_null)
    __scatterload_zeroinit                   0x08007de9   Thumb Code    14  handlers.o(i.__scatterload_zeroinit)
    emWin_LCD_Init                           0x08007e49   Thumb Code   138  lcd.o(i.emWin_LCD_Init)
    main                                     0x08007ed5   Thumb Code   304  main.o(i.main)
    font8x8                                  0x08008034   Data         768  font8x8.o(.constdata)
    APBAHBPrescTable                         0x08008334   Data          16  stm32f4xx_hal_rcc.o(.constdata)
    LCD_API_ColorConv_565                    0x0800834c   Data          24  guicc_565.o(.constdata)
    GUIDRV_FlexColor_API                     0x08008364   Data          52  guidrv_flexcolor.o(.constdata)
    GUI_Font6x8                              0x08008acc   Data          36  f6x8.o(.constdata)
    GUI__aConvert_31_255                     0x08008af0   Data          32  gui__divtbl_31_255.o(.constdata)
    GUI__aConvert_63_255                     0x08008b10   Data          64  gui__divtbl_63_255.o(.constdata)
    GUI__aConvert_255_31                     0x08008b50   Data         256  gui__divtbl_255_31.o(.constdata)
    GUI__aConvert_255_63                     0x08008c50   Data         256  gui__divtbl_255_63.o(.constdata)
    GUI_UC_None                              0x08008d50   Data          16  gui_uc_encodenone.o(.constdata)
    GUI_MEMDEV_DEVICE_16                     0x08008dac   Data          52  guidev_16.o(.constdata)
    LCD_API_ColorConv_0                      0x08008de0   Data          24  guicc_0.o(.constdata)
    LCD_aMirror                              0x08008df8   Data         256  lcd_mirror.o(.constdata)
    Region$$Table$$Base                      0x08008f00   Number         0  anon$$obj.o(Region$$Table)
    Region$$Table$$Limit                     0x08008f20   Number         0  anon$$obj.o(Region$$Table)
    MasterTX                                 0x20000008   Data           5  main.o(.data)
    SlaveRX                                  0x2000000d   Data           5  main.o(.data)
    touch_adr                                0x20000012   Data           2  main.o(.data)
    uwTick                                   0x20000014   Data           4  stm32f4xx_hal.o(.data)
    SystemCoreClock                          0x20000018   Data           4  system_stm32f4xx.o(.data)
    OS_TimeMS                                0x2000001c   Data           4  gui_x.o(.data)
    GUI_DecChar                              0x20000028   Data           1  gui_core.o(.data)
    GUI__IsInitialized                       0x20000029   Data           1  gui_core.o(.data)
    GUI_pfGetpPalConvTable                   0x2000002c   Data           4  gui_core.o(.data)
    GUI__pFontDefault                        0x20000030   Data           4  gui_core.o(.data)
    GUI_pContext                             0x20000034   Data           4  gui_core.o(.data)
    GUI_pUC_API                              0x20000038   Data           4  gui_core.o(.data)
    GUI__apDevice                            0x2000004c   Data           8  gui_core.o(.data)
    GUI_pLCD_APIList                         0x20000054   Data           4  gui_core.o(.data)
    GUI_OrgX                                 0x20000058   Data           2  gui_core.o(.data)
    GUI_OrgY                                 0x2000005a   Data           2  gui_core.o(.data)
    LCD__pSetColorAPI                        0x20000080   Data           4  lcd.o(.data)
    LCD__aConvTable                          0x20000088   Data           4  lcd_color.o(.data)
    WM__PaintCallbackCnt                     0x2000009c   Data           1  wm.o(.data)
    WM__NumWindows                           0x2000009e   Data           2  wm.o(.data)
    WM__NumInvalidWindows                    0x200000a0   Data           2  wm.o(.data)
    WM__TouchedLayer                         0x200000a8   Data           4  wm.o(.data)
    WM__FirstWin                             0x200000ac   Data           4  wm.o(.data)
    WM__pFirstCriticalHandle                 0x200000b0   Data           4  wm.o(.data)
    WM__CreateFlags                          0x200000b4   Data           4  wm.o(.data)
    WM_pfPollPID                             0x200000b8   Data           4  wm.o(.data)
    WM_MULTIBUF__pAPI                        0x200000bc   Data           4  wm.o(.data)
    WM__TransWindowCnt                       0x200000c0   Data           4  wm.o(.data)
    WM__hATransWindow                        0x200000c4   Data           4  wm.o(.data)
    WM__hCreateStatic                        0x200000c8   Data           4  wm.o(.data)
    WM__pExecGestures                        0x200000cc   Data           4  wm.o(.data)
    WM__ahDesktopWin                         0x200000e0   Data           8  wm.o(.data)
    WM__aBkColor                             0x200000e8   Data           8  wm.o(.data)
    WM__ahCapture                            0x200000f0   Data           8  wm.o(.data)
    WM__ahWinFocus                           0x200000f8   Data           8  wm.o(.data)
    hi2c1                                    0x20000174   Data          84  main.o(.bss)
    hi2c3                                    0x200001c8   Data          84  main.o(.bss)
    hsram1                                   0x2000021c   Data          80  main.o(.bss)
    str                                      0x2000026c   Data         200  main.o(.bss)
    touch_receive                            0x20000334   Data          50  main.o(.bss)
    x_pos                                    0x20000366   Data          10  main.o(.bss)
    y_pos                                    0x20000370   Data          10  main.o(.bss)
    GUI_ALLOC__Context                       0x2000837c   Data         192  gui_alloc.o(.bss)
    WM__aCHWinModal                          0x20008540   Data          16  wm_touch.o(.bss)
    WM__aCHWinLast                           0x20008550   Data          16  wm_touch.o(.bss)
    WM__aCHWinMouseOver                      0x20008560   Data          16  wm_touch.o(.bss)
    __initial_sp                             0x20008970   Data           0  startup_stm32f429xx.o(STACK)



==============================================================================

Memory Map of the image

  Image Entry point : 0x080001ad

  Load Region LR_IROM1 (Base: 0x08000000, Size: 0x00009040, Max: 0x00200000, ABSOLUTE)

    Execution Region ER_IROM1 (Base: 0x08000000, Size: 0x00008f20, Max: 0x00200000, ABSOLUTE)

    Base Addr    Size         Type   Attr      Idx    E Section Name        Object

    0x08000000   0x000001ac   Data   RO          748    RESET               startup_stm32f429xx.o
    0x080001ac   0x00000000   Code   RO         4276  * .ARM.Collect$$$$00000000  mc_w.l(entry.o)
    0x080001ac   0x00000004   Code   RO         4289    .ARM.Collect$$$$00000001  mc_w.l(entry2.o)
    0x080001b0   0x00000004   Code   RO         4292    .ARM.Collect$$$$00000004  mc_w.l(entry5.o)
    0x080001b4   0x00000000   Code   RO         4294    .ARM.Collect$$$$00000008  mc_w.l(entry7b.o)
    0x080001b4   0x00000000   Code   RO         4296    .ARM.Collect$$$$0000000A  mc_w.l(entry8b.o)
    0x080001b4   0x00000008   Code   RO         4297    .ARM.Collect$$$$0000000B  mc_w.l(entry9a.o)
    0x080001bc   0x00000000   Code   RO         4299    .ARM.Collect$$$$0000000D  mc_w.l(entry10a.o)
    0x080001bc   0x00000000   Code   RO         4301    .ARM.Collect$$$$0000000F  mc_w.l(entry11a.o)
    0x080001bc   0x00000004   Code   RO         4290    .ARM.Collect$$$$00002712  mc_w.l(entry2.o)
    0x080001c0   0x00000024   Code   RO          749    .text               startup_stm32f429xx.o
    0x080001e4   0x00000040   Code   RO         4281    .text               mc_w.l(memmovea.o)
    0x08000224   0x00000024   Code   RO         4283    .text               mc_w.l(memseta.o)
    0x08000248   0x00000024   Code   RO         4303    .text               mc_w.l(init.o)
    0x0800026c   0x00000004   Code   RO          187    i.BusFault_Handler  stm32f4xx_it.o
    0x08000270   0x00000002   Code   RO          188    i.DebugMon_Handler  stm32f4xx_it.o
    0x08000272   0x00000002   PAD
    0x08000274   0x0000004c   Code   RO          189    i.EXTI15_10_IRQHandler  stm32f4xx_it.o
    0x080002c0   0x00000004   Code   RO          299    i.Error_Handler     main.o
    0x080002c4   0x00000048   Code   RO         1505    i.FMC_NORSRAM_Extended_Timing_Init  stm32f4xx_ll_fmc.o
    0x0800030c   0x00000074   Code   RO         1506    i.FMC_NORSRAM_Init  stm32f4xx_ll_fmc.o
    0x08000380   0x0000005e   Code   RO         1507    i.FMC_NORSRAM_Timing_Init  stm32f4xx_ll_fmc.o
    0x080003de   0x00000040   Code   RO         3028    i.GUIDRV_FlexColor_Config  STemWin532_CM4_Keil.lib(guidrv_flexcolor.o)
    0x0800041e   0x00000032   Code   RO         3029    i.GUIDRV_FlexColor_SetFunc  STemWin532_CM4_Keil.lib(guidrv_flexcolor.o)
    0x08000450   0x0000006c   Code   RO         3155    i.GUIDRV_FlexColor_SetFunc66720  STemWin532_CM4_Keil.lib(guidrv_flexcolor_func66720.o)
    0x080004bc   0x00000068   Code   RO         3137    i.GUIDRV_FlexColor_SetMode16bppC0B16  STemWin532_CM4_Keil.lib(guidrv_flexcolor_16bpp_c0b16.o)
    0x08000524   0x000000c0   Code   RO         3033    i.GUIDRV_FlexColor__GetPixelIndexNoCache  STemWin532_CM4_Keil.lib(guidrv_flexcolor.o)
    0x080005e4   0x00000038   Code   RO         3034    i.GUIDRV_FlexColor__InitOnce  STemWin532_CM4_Keil.lib(guidrv_flexcolor.o)
    0x0800061c   0x00000038   Code   RO         3039    i.GUIDRV_FlexColor__SetLog2Phys  STemWin532_CM4_Keil.lib(guidrv_flexcolor.o)
    0x08000654   0x0000009c   Code   RO         3041    i.GUIDRV_FlexColor__SetPixelIndexNoCache  STemWin532_CM4_Keil.lib(guidrv_flexcolor.o)
    0x080006f0   0x00000134   Code   RO         3206    i.GUIMONO_DispChar  STemWin532_CM4_Keil.lib(gui_charm.o)
    0x08000824   0x00000018   Code   RO         3207    i.GUIMONO_GetCharDistX  STemWin532_CM4_Keil.lib(gui_charm.o)
    0x0800083c   0x00000006   Code   RO         3208    i.GUIMONO_GetFontInfo  STemWin532_CM4_Keil.lib(gui_charm.o)
    0x08000842   0x00000038   Code   RO         3209    i.GUIMONO_IsInFont  STemWin532_CM4_Keil.lib(gui_charm.o)
    0x0800087a   0x0000000a   Code   RO         2835    i.GUI_ALLOC_AllocNoInit  STemWin532_CM4_Keil.lib(gui_alloc.o)
    0x08000884   0x00000024   Code   RO         3541    i.GUI_ALLOC_AllocZero  STemWin532_CM4_Keil.lib(gui_alloc_alloczero.o)
    0x080008a8   0x00000010   Code   RO         2836    i.GUI_ALLOC_AssignMemory  STemWin532_CM4_Keil.lib(gui_alloc.o)
    0x080008b8   0x00000038   Code   RO         2837    i.GUI_ALLOC_Free    STemWin532_CM4_Keil.lib(gui_alloc.o)
    0x080008f0   0x00000018   Code   RO         2838    i.GUI_ALLOC_FreeFixedBlock  STemWin532_CM4_Keil.lib(gui_alloc.o)
    0x08000908   0x000000b0   Code   RO         2841    i.GUI_ALLOC_GetFixedBlock  STemWin532_CM4_Keil.lib(gui_alloc.o)
    0x080009b8   0x0000001c   Code   RO         2851    i.GUI_ALLOC_LockH   STemWin532_CM4_Keil.lib(gui_alloc.o)
    0x080009d4   0x00000030   Code   RO         2857    i.GUI_ALLOC_UnlockH  STemWin532_CM4_Keil.lib(gui_alloc.o)
    0x08000a04   0x00000018   Code   RO         2858    i.GUI_ALLOC_h2p     STemWin532_CM4_Keil.lib(gui_alloc.o)
    0x08000a1c   0x0000003c   Code   RO         3776    i.GUI_CalcColorDist  STemWin532_CM4_Keil.lib(gui_calccolordist.o)
    0x08000a58   0x0000001c   Code   RO         2911    i.GUI_Clear         STemWin532_CM4_Keil.lib(gui_core.o)
    0x08000a74   0x00000060   Code   RO         2912    i.GUI_ClearRect     STemWin532_CM4_Keil.lib(gui_core.o)
    0x08000ad4   0x00000050   Code   RO         2949    i.GUI_DEVICE_Create  STemWin532_CM4_Keil.lib(gui_device.o)
    0x08000b24   0x00000028   Code   RO         2950    i.GUI_DEVICE_CreateAndLink  STemWin532_CM4_Keil.lib(gui_device.o)
    0x08000b4c   0x00000004   Code   RO         2951    i.GUI_DEVICE_Delete  STemWin532_CM4_Keil.lib(gui_device.o)
    0x08000b50   0x00000088   Code   RO         2952    i.GUI_DEVICE_Link   STemWin532_CM4_Keil.lib(gui_device.o)
    0x08000bd8   0x00000030   Code   RO         2954    i.GUI_DEVICE_Unlink  STemWin532_CM4_Keil.lib(gui_device.o)
    0x08000c08   0x00000024   Code   RO         2957    i.GUI_DEVICE__GetpDriver  STemWin532_CM4_Keil.lib(gui_device.o)
    0x08000c2c   0x00000014   Code   RO         3290    i.GUI_GetBitsPerPixelEx  STemWin532_CM4_Keil.lib(lcd_getex.o)
    0x08000c40   0x00000010   Code   RO         3291    i.GUI_GetpfColor2IndexEx  STemWin532_CM4_Keil.lib(lcd_getex.o)
    0x08000c50   0x00000010   Code   RO         3292    i.GUI_GetpfIndex2ColorEx  STemWin532_CM4_Keil.lib(lcd_getex.o)
    0x08000c60   0x00000014   Code   RO         3215    i.GUI_GotoXY        STemWin532_CM4_Keil.lib(gui_goto.o)
    0x08000c74   0x00000084   Code   RO         2914    i.GUI_Init          STemWin532_CM4_Keil.lib(gui_core.o)
    0x08000cf8   0x00000040   Code   RO         3635    i.GUI_MEMDEV_Delete  STemWin532_CM4_Keil.lib(guidev.o)
    0x08000d38   0x00000024   Code   RO         3636    i.GUI_MEMDEV_GetBitsPerPixel  STemWin532_CM4_Keil.lib(guidev.o)
    0x08000d5c   0x0000001a   Code   RO         4017    i.GUI_MEMDEV_GetDataPtr  STemWin532_CM4_Keil.lib(guidev_getdataptr.o)
    0x08000d76   0x0000003e   Code   RO         3687    i.GUI_MEMDEV__WriteToActiveOpaque  STemWin532_CM4_Keil.lib(guidev_writetoactiveopaque.o)
    0x08000db4   0x00000058   Code   RO         3543    i.GUI_MergeRect     STemWin532_CM4_Keil.lib(gui_mergerect.o)
    0x08000e0c   0x0000001e   Code   RO         3545    i.GUI_MoveRect      STemWin532_CM4_Keil.lib(gui_moverect.o)
    0x08000e2a   0x00000038   Code   RO         3569    i.GUI_RectsIntersect  STemWin532_CM4_Keil.lib(gui_rectsintersect.o)
    0x08000e62   0x00000012   Code   RO         3844    i.GUI_SelectLCD     STemWin532_CM4_Keil.lib(gui_selectlcd.o)
    0x08000e74   0x00000030   Code   RO         3579    i.GUI_SelectLayer   STemWin532_CM4_Keil.lib(gui_selectlayer.o)
    0x08000ea4   0x00000004   Code   RO         3594    i.GUI_SetBkColor    STemWin532_CM4_Keil.lib(gui_setcolor.o)
    0x08000ea8   0x0000000c   Code   RO         2916    i.GUI_SetDefaultFont  STemWin532_CM4_Keil.lib(gui_core.o)
    0x08000eb4   0x00000038   Code   RO         3224    i.GUI_SetOrg        STemWin532_CM4_Keil.lib(gui_setorg.o)
    0x08000eec   0x00000010   Code   RO         3605    i.GUI_SignalEvent   STemWin532_CM4_Keil.lib(gui_waitevent.o)
    0x08000efc   0x00000010   Code   RO         3553    i.GUI_StoreKey      STemWin532_CM4_Keil.lib(gui_onkey.o)
    0x08000f0c   0x00000028   Code   RO         3681    i.GUI_USAGE_AddRect  STemWin532_CM4_Keil.lib(guidev_usage.o)
    0x08000f34   0x00000024   Code   RO         3682    i.GUI_USAGE_DecUseCnt  STemWin532_CM4_Keil.lib(guidev_usage.o)
    0x08000f58   0x0000001c   Code   RO         2765    i.GUI_X_Config      guiconf.o
    0x08000f74   0x00000002   Code   RO         2710    i.GUI_X_ExecIdle    gui_x.o
    0x08000f76   0x00000002   Code   RO         2712    i.GUI_X_Init        gui_x.o
    0x08000f78   0x00000124   Code   RO         3770    i.GUI__CompactPixelIndices  STemWin532_CM4_Keil.lib(gui__compactpixelindices.o)
    0x0800109c   0x00000034   Code   RO         2918    i.GUI__Config       STemWin532_CM4_Keil.lib(gui_core.o)
    0x080010d0   0x0000003a   Code   RO         3524    i.GUI__IntersectRect  STemWin532_CM4_Keil.lib(gui__intersectrect.o)
    0x0800110a   0x00000052   Code   RO         3526    i.GUI__IntersectRects  STemWin532_CM4_Keil.lib(gui__intersectrects.o)
    0x0800115c   0x00000010   Code   RO         2919    i.GUI__RegisterExit  STemWin532_CM4_Keil.lib(gui_core.o)
    0x0800116c   0x0000004c   Code   RO         3202    i.GUI__memset       STemWin532_CM4_Keil.lib(gui__memset.o)
    0x080011b8   0x0000003c   Code   RO         3204    i.GUI__memset16     STemWin532_CM4_Keil.lib(gui__memset16.o)
    0x080011f4   0x00000028   Code   RO         1395    i.HAL_DMA_Abort_IT  stm32f4xx_hal_dma.o
    0x0800121c   0x0000001a   Code   RO         2059    i.HAL_Delay         stm32f4xx_hal.o
    0x08001236   0x00000002   PAD
    0x08001238   0x00000084   Code   RO            5    i.HAL_FMC_MspInit   stm32f4xx_hal_msp.o
    0x080012bc   0x00000002   Code   RO         1678    i.HAL_GPIO_EXTI_Callback  stm32f4xx_hal_gpio.o
    0x080012be   0x00000002   PAD
    0x080012c0   0x0000001c   Code   RO         1679    i.HAL_GPIO_EXTI_IRQHandler  stm32f4xx_hal_gpio.o
    0x080012dc   0x0000021c   Code   RO         1680    i.HAL_GPIO_Init     stm32f4xx_hal_gpio.o
    0x080014f8   0x0000000c   Code   RO         1684    i.HAL_GPIO_WritePin  stm32f4xx_hal_gpio.o
    0x08001504   0x0000000c   Code   RO         2067    i.HAL_GetTick       stm32f4xx_hal.o
    0x08001510   0x00000002   Code   RO         2241    i.HAL_I2C_AbortCpltCallback  stm32f4xx_hal_i2c.o
    0x08001512   0x00000002   Code   RO         2242    i.HAL_I2C_AddrCallback  stm32f4xx_hal_i2c.o
    0x08001514   0x000000e4   Code   RO         2245    i.HAL_I2C_ER_IRQHandler  stm32f4xx_hal_i2c.o
    0x080015f8   0x00000178   Code   RO         2246    i.HAL_I2C_EV_IRQHandler  stm32f4xx_hal_i2c.o
    0x08001770   0x00000002   Code   RO         2248    i.HAL_I2C_ErrorCallback  stm32f4xx_hal_i2c.o
    0x08001772   0x00000002   PAD
    0x08001774   0x00000128   Code   RO         2252    i.HAL_I2C_Init      stm32f4xx_hal_i2c.o
    0x0800189c   0x00000002   Code   RO         2254    i.HAL_I2C_ListenCpltCallback  stm32f4xx_hal_i2c.o
    0x0800189e   0x00000002   Code   RO         2255    i.HAL_I2C_MasterRxCpltCallback  stm32f4xx_hal_i2c.o
    0x080018a0   0x00000002   Code   RO         2256    i.HAL_I2C_MasterTxCpltCallback  stm32f4xx_hal_i2c.o
    0x080018a2   0x00000002   PAD
    0x080018a4   0x00000328   Code   RO         2258    i.HAL_I2C_Master_Receive  stm32f4xx_hal_i2c.o
    0x08001bcc   0x00000194   Code   RO         2263    i.HAL_I2C_Master_Transmit  stm32f4xx_hal_i2c.o
    0x08001d60   0x00000002   Code   RO         2266    i.HAL_I2C_MemRxCpltCallback  stm32f4xx_hal_i2c.o
    0x08001d62   0x00000002   Code   RO         2267    i.HAL_I2C_MemTxCpltCallback  stm32f4xx_hal_i2c.o
    0x08001d64   0x0000010c   Code   RO            7    i.HAL_I2C_MspInit   stm32f4xx_hal_msp.o
    0x08001e70   0x00000002   Code   RO         2276    i.HAL_I2C_SlaveRxCpltCallback  stm32f4xx_hal_i2c.o
    0x08001e72   0x00000002   Code   RO         2277    i.HAL_I2C_SlaveTxCpltCallback  stm32f4xx_hal_i2c.o
    0x08001e74   0x00000010   Code   RO         2068    i.HAL_IncTick       stm32f4xx_hal.o
    0x08001e84   0x0000003c   Code   RO         2069    i.HAL_Init          stm32f4xx_hal.o
    0x08001ec0   0x00000028   Code   RO         2070    i.HAL_InitTick      stm32f4xx_hal.o
    0x08001ee8   0x00000066   Code   RO            8    i.HAL_MspInit       stm32f4xx_hal_msp.o
    0x08001f4e   0x0000001a   Code   RO         1148    i.HAL_NVIC_EnableIRQ  stm32f4xx_hal_cortex.o
    0x08001f68   0x0000007c   Code   RO         1154    i.HAL_NVIC_SetPriority  stm32f4xx_hal_cortex.o
    0x08001fe4   0x00000028   Code   RO         1155    i.HAL_NVIC_SetPriorityGrouping  stm32f4xx_hal_cortex.o
    0x0800200c   0x000000a4   Code   RO         1043    i.HAL_PWREx_EnableOverDrive  stm32f4xx_hal_pwr_ex.o
    0x080020b0   0x00000002   Code   RO          771    i.HAL_PWR_PVDCallback  stm32f4xx_hal_pwr.o
    0x080020b2   0x00000002   PAD
    0x080020b4   0x00000020   Code   RO          772    i.HAL_PWR_PVD_IRQHandler  stm32f4xx_hal_pwr.o
    0x080020d4   0x000001d0   Code   RO         1948    i.HAL_RCC_ClockConfig  stm32f4xx_hal_rcc.o
    0x080022a4   0x0000000c   Code   RO         1953    i.HAL_RCC_GetHCLKFreq  stm32f4xx_hal_rcc.o
    0x080022b0   0x0000002c   Code   RO         1955    i.HAL_RCC_GetPCLK1Freq  stm32f4xx_hal_rcc.o
    0x080022dc   0x000000b4   Code   RO         1957    i.HAL_RCC_GetSysClockFreq  stm32f4xx_hal_rcc.o
    0x08002390   0x0000044c   Code   RO         1960    i.HAL_RCC_OscConfig  stm32f4xx_hal_rcc.o
    0x080027dc   0x00000058   Code   RO          880    i.HAL_SRAM_Init     stm32f4xx_hal_sram.o
    0x08002834   0x0000000a   Code   RO           10    i.HAL_SRAM_MspInit  stm32f4xx_hal_msp.o
    0x0800283e   0x00000028   Code   RO         1157    i.HAL_SYSTICK_CLKSourceConfig  stm32f4xx_hal_cortex.o
    0x08002866   0x00000002   Code   RO         1158    i.HAL_SYSTICK_Callback  stm32f4xx_hal_cortex.o
    0x08002868   0x00000034   Code   RO         1159    i.HAL_SYSTICK_Config  stm32f4xx_hal_cortex.o
    0x0800289c   0x00000008   Code   RO         1160    i.HAL_SYSTICK_IRQHandler  stm32f4xx_hal_cortex.o
    0x080028a4   0x00000004   Code   RO          190    i.HardFault_Handler  stm32f4xx_it.o
    0x080028a8   0x00000010   Code   RO          191    i.I2C1_ER_IRQHandler  stm32f4xx_it.o
    0x080028b8   0x00000010   Code   RO          192    i.I2C1_EV_IRQHandler  stm32f4xx_it.o
    0x080028c8   0x00000010   Code   RO          193    i.I2C3_ER_IRQHandler  stm32f4xx_it.o
    0x080028d8   0x00000010   Code   RO          194    i.I2C3_EV_IRQHandler  stm32f4xx_it.o
    0x080028e8   0x00000068   Code   RO         2286    i.I2C_DMAAbort      stm32f4xx_hal_i2c.o
    0x08002950   0x00000170   Code   RO         2289    i.I2C_ITError       stm32f4xx_hal_i2c.o
    0x08002ac0   0x00000034   Code   RO         2290    i.I2C_IsAcknowledgeFailed  stm32f4xx_hal_i2c.o
    0x08002af4   0x000000f8   Code   RO         2291    i.I2C_MasterReceive_BTF  stm32f4xx_hal_i2c.o
    0x08002bec   0x000000e0   Code   RO         2292    i.I2C_MasterReceive_RXNE  stm32f4xx_hal_i2c.o
    0x08002ccc   0x00000130   Code   RO         2293    i.I2C_MasterRequestRead  stm32f4xx_hal_i2c.o
    0x08002dfc   0x000000c0   Code   RO         2294    i.I2C_MasterRequestWrite  stm32f4xx_hal_i2c.o
    0x08002ebc   0x000000a0   Code   RO         2295    i.I2C_MasterTransmit_BTF  stm32f4xx_hal_i2c.o
    0x08002f5c   0x0000014a   Code   RO         2296    i.I2C_MasterTransmit_TXE  stm32f4xx_hal_i2c.o
    0x080030a6   0x0000000e   Code   RO         2297    i.I2C_Master_ADD10  stm32f4xx_hal_i2c.o
    0x080030b4   0x0000022e   Code   RO         2298    i.I2C_Master_ADDR   stm32f4xx_hal_i2c.o
    0x080032e2   0x00000082   Code   RO         2299    i.I2C_Master_SB     stm32f4xx_hal_i2c.o
    0x08003364   0x0000001e   Code   RO         2302    i.I2C_SlaveReceive_BTF  stm32f4xx_hal_i2c.o
    0x08003382   0x00000048   Code   RO         2303    i.I2C_SlaveReceive_RXNE  stm32f4xx_hal_i2c.o
    0x080033ca   0x0000001c   Code   RO         2304    i.I2C_SlaveTransmit_BTF  stm32f4xx_hal_i2c.o
    0x080033e6   0x00000046   Code   RO         2305    i.I2C_SlaveTransmit_TXE  stm32f4xx_hal_i2c.o
    0x0800342c   0x00000036   Code   RO         2306    i.I2C_Slave_ADDR    stm32f4xx_hal_i2c.o
    0x08003462   0x00000002   PAD
    0x08003464   0x000000a4   Code   RO         2307    i.I2C_Slave_AF      stm32f4xx_hal_i2c.o
    0x08003508   0x00000110   Code   RO         2308    i.I2C_Slave_STOPF   stm32f4xx_hal_i2c.o
    0x08003618   0x00000056   Code   RO         2309    i.I2C_WaitOnBTFFlagUntilTimeout  stm32f4xx_hal_i2c.o
    0x0800366e   0x0000007c   Code   RO         2310    i.I2C_WaitOnFlagUntilTimeout  stm32f4xx_hal_i2c.o
    0x080036ea   0x000000ac   Code   RO         2311    i.I2C_WaitOnMasterAddressFlagUntilTimeout  stm32f4xx_hal_i2c.o
    0x08003796   0x0000006e   Code   RO         2312    i.I2C_WaitOnRXNEFlagUntilTimeout  stm32f4xx_hal_i2c.o
    0x08003804   0x00000056   Code   RO         2314    i.I2C_WaitOnTXEFlagUntilTimeout  stm32f4xx_hal_i2c.o
    0x0800385a   0x00000178   Code   RO          373    i.Init_SSD1963      display_ssd1963.o
    0x080039d2   0x00000002   PAD
    0x080039d4   0x0000001c   Code   RO         3237    i.LCD_Color2Index   STemWin532_CM4_Keil.lib(lcd.o)
    0x080039f0   0x00000204   Code   RO         3238    i.LCD_DrawBitmap    STemWin532_CM4_Keil.lib(lcd.o)
    0x08003bf4   0x00000058   Code   RO         3239    i.LCD_DrawHLine     STemWin532_CM4_Keil.lib(lcd.o)
    0x08003c4c   0x00000068   Code   RO         3240    i.LCD_DrawPixel     STemWin532_CM4_Keil.lib(lcd.o)
    0x08003cb4   0x00000058   Code   RO         3242    i.LCD_FillRect      STemWin532_CM4_Keil.lib(lcd.o)
    0x08003d0c   0x00000006   Code   RO         3294    i.LCD_GetBitsPerPixelEx  STemWin532_CM4_Keil.lib(lcd_getex.o)
    0x08003d12   0x00000002   PAD
    0x08003d14   0x00000010   Code   RO         3301    i.LCD_GetNumColors  STemWin532_CM4_Keil.lib(lcd_getex.o)
    0x08003d24   0x00000006   Code   RO         3302    i.LCD_GetNumColorsEx  STemWin532_CM4_Keil.lib(lcd_getex.o)
    0x08003d2a   0x0000001a   Code   RO         3626    i.LCD_GetNumLayers  STemWin532_CM4_Keil.lib(lcd_getnumdisplays.o)
    0x08003d44   0x00000010   Code   RO         3303    i.LCD_GetPalette    STemWin532_CM4_Keil.lib(lcd_getex.o)
    0x08003d54   0x00000018   Code   RO         3304    i.LCD_GetPaletteEx  STemWin532_CM4_Keil.lib(lcd_getex.o)
    0x08003d6c   0x0000000c   Code   RO         3316    i.LCD_GetXSizeDisplay  STemWin532_CM4_Keil.lib(lcd_getex.o)
    0x08003d78   0x00000006   Code   RO         3318    i.LCD_GetXSizeMax   STemWin532_CM4_Keil.lib(lcd_getex.o)
    0x08003d7e   0x00000002   PAD
    0x08003d80   0x0000000c   Code   RO         3322    i.LCD_GetYSizeDisplay  STemWin532_CM4_Keil.lib(lcd_getex.o)
    0x08003d8c   0x00000006   Code   RO         3324    i.LCD_GetYSizeMax   STemWin532_CM4_Keil.lib(lcd_getex.o)
    0x08003d92   0x00000004   Code   RO         3276    i.LCD_GetpPalConvTableBM  STemWin532_CM4_Keil.lib(lcd_color.o)
    0x08003d96   0x00000002   PAD
    0x08003d98   0x00000048   Code   RO         3277    i.LCD_GetpPalConvTableUncached  STemWin532_CM4_Keil.lib(lcd_color.o)
    0x08003de0   0x0000001c   Code   RO         3243    i.LCD_Index2Color   STemWin532_CM4_Keil.lib(lcd.o)
    0x08003dfc   0x0000002c   Code   RO         2967    i.LCD_Index2Color_565  STemWin532_CM4_Keil.lib(guicc_565.o)
    0x08003e28   0x00000034   Code   RO         3278    i.LCD_InitColors    STemWin532_CM4_Keil.lib(lcd_color.o)
    0x08003e5c   0x0000007c   Code   RO         3279    i.LCD_InitLUT       STemWin532_CM4_Keil.lib(lcd_color.o)
    0x08003ed8   0x00000040   Code   RO         4241    i.LCD_SelectLCD     STemWin532_CM4_Keil.lib(lcd_selectlcd.o)
    0x08003f18   0x0000000c   Code   RO         3244    i.LCD_SetBkColor    STemWin532_CM4_Keil.lib(lcd.o)
    0x08003f24   0x00000018   Code   RO         3245    i.LCD_SetBkColorIndex  STemWin532_CM4_Keil.lib(lcd.o)
    0x08003f3c   0x00000030   Code   RO         3629    i.LCD_SetClipRectEx  STemWin532_CM4_Keil.lib(lcd_setcliprectex.o)
    0x08003f6c   0x0000001c   Code   RO         3246    i.LCD_SetClipRectMax  STemWin532_CM4_Keil.lib(lcd.o)
    0x08003f88   0x0000000c   Code   RO         3247    i.LCD_SetColor      STemWin532_CM4_Keil.lib(lcd.o)
    0x08003f94   0x00000018   Code   RO         3248    i.LCD_SetColorIndex  STemWin532_CM4_Keil.lib(lcd.o)
    0x08003fac   0x0000000c   Code   RO         3327    i.LCD_SetDisplaySize  STemWin532_CM4_Keil.lib(lcd_getex.o)
    0x08003fb8   0x0000000c   Code   RO         3249    i.LCD_SetDrawMode   STemWin532_CM4_Keil.lib(lcd.o)
    0x08003fc4   0x0000002c   Code   RO         2992    i.LCD_SetLUTEntryEx  STemWin532_CM4_Keil.lib(lcd_set.o)
    0x08003ff0   0x0000002c   Code   RO         2996    i.LCD_SetSizeEx     STemWin532_CM4_Keil.lib(lcd_set.o)
    0x0800401c   0x0000002c   Code   RO         3000    i.LCD_SetVSizeEx    STemWin532_CM4_Keil.lib(lcd_set.o)
    0x08004048   0x00000024   Code   RO         3974    i.LCD_UpdateColorIndices  STemWin532_CM4_Keil.lib(lcd_updatecolorindices.o)
    0x0800406c   0x0000008c   Code   RO         2781    i.LCD_X_Config      lcdconf_flexcolor.o
    0x080040f8   0x00000024   Code   RO         2782    i.LCD_X_DisplayDriver  lcdconf_flexcolor.o
    0x0800411c   0x000001b4   Code   RO         3250    i.LCD__DrawBitmap_1bpp  STemWin532_CM4_Keil.lib(lcd.o)
    0x080042d0   0x0000005c   Code   RO         3328    i.LCD__GetBPP       STemWin532_CM4_Keil.lib(lcd_getex.o)
    0x0800432c   0x00000032   Code   RO         3329    i.LCD__GetBPPDevice  STemWin532_CM4_Keil.lib(lcd_getex.o)
    0x0800435e   0x00000016   Code   RO         2783    i.LcdReadDataMultiple  lcdconf_flexcolor.o
    0x08004374   0x0000000c   Code   RO         2784    i.LcdWriteData      lcdconf_flexcolor.o
    0x08004380   0x00000016   Code   RO         2785    i.LcdWriteDataMultiple  lcdconf_flexcolor.o
    0x08004396   0x00000008   Code   RO         2786    i.LcdWriteReg       lcdconf_flexcolor.o
    0x0800439e   0x00000046   Code   RO          374    i.Lcd_ClearScreen   display_ssd1963.o
    0x080043e4   0x00000044   Code   RO          376    i.Lcd_SetArea       display_ssd1963.o
    0x08004428   0x00000008   Code   RO          378    i.Lcd_Write_Cmd     display_ssd1963.o
    0x08004430   0x0000000c   Code   RO          379    i.Lcd_Write_Data    display_ssd1963.o
    0x0800443c   0x00000070   Code   RO          300    i.MX_FMC_Init       main.o
    0x080044ac   0x0000015c   Code   RO          301    i.MX_GPIO_Init      main.o
    0x08004608   0x0000003c   Code   RO          302    i.MX_I2C1_Init      main.o
    0x08004644   0x00000040   Code   RO          303    i.MX_I2C3_Init      main.o
    0x08004684   0x00000004   Code   RO          195    i.MemManage_Handler  stm32f4xx_it.o
    0x08004688   0x00000002   Code   RO          196    i.NMI_Handler       stm32f4xx_it.o
    0x0800468a   0x00000002   PAD
    0x0800468c   0x00000010   Code   RO         1161    i.NVIC_GetPriorityGrouping  stm32f4xx_hal_cortex.o
    0x0800469c   0x00000028   Code   RO         1162    i.NVIC_SetPriority  stm32f4xx_hal_cortex.o
    0x080046c4   0x00000010   Code   RO         2715    i.OS_TimeMS_Inc     gui_x.o
    0x080046d4   0x00000008   Code   RO          197    i.PVD_IRQHandler    stm32f4xx_it.o
    0x080046dc   0x00000002   Code   RO          198    i.PendSV_Handler    stm32f4xx_it.o
    0x080046de   0x00000002   Code   RO          199    i.SVC_Handler       stm32f4xx_it.o
    0x080046e0   0x00000010   Code   RO          200    i.SysTick_Handler   stm32f4xx_it.o
    0x080046f0   0x000000d0   Code   RO          304    i.SystemClock_Config  main.o
    0x080047c0   0x00000064   Code   RO         2675    i.SystemInit        system_stm32f4xx.o
    0x08004824   0x0000007a   Code   RO          381    i.TFT_Draw_Char     display_ssd1963.o
    0x0800489e   0x00000150   Code   RO          382    i.TFT_Draw_Circle   display_ssd1963.o
    0x080049ee   0x00000036   Code   RO          385    i.TFT_Draw_Fill_Rectangle  display_ssd1963.o
    0x08004a24   0x00000058   Code   RO          391    i.TFT_Draw_String   display_ssd1963.o
    0x08004a7c   0x00000008   Code   RO          394    i.TFT_Send_Cmd      display_ssd1963.o
    0x08004a84   0x0000002a   Code   RO          395    i.TFT_Set_Work_Area  display_ssd1963.o
    0x08004aae   0x00000026   Code   RO          396    i.TFT_Set_X         display_ssd1963.o
    0x08004ad4   0x00000026   Code   RO          398    i.TFT_Set_Y         display_ssd1963.o
    0x08004afa   0x00000002   PAD
    0x08004afc   0x0000000c   Code   RO          399    i.TFT_Write_Data    display_ssd1963.o
    0x08004b08   0x00000004   Code   RO          201    i.UsageFault_Handler  stm32f4xx_it.o
    0x08004b0c   0x00000010   Code   RO         3408    i.WM_Activate       STemWin532_CM4_Keil.lib(wm.o)
    0x08004b1c   0x0000007e   Code   RO         3701    i.WM_BringToBottom  STemWin532_CM4_Keil.lib(wm_bringtobottom.o)
    0x08004b9a   0x00000002   PAD
    0x08004b9c   0x00000148   Code   RO         3410    i.WM_CreateWindowAsChild  STemWin532_CM4_Keil.lib(wm.o)
    0x08004ce4   0x00000046   Code   RO         3412    i.WM_DefaultProc    STemWin532_CM4_Keil.lib(wm.o)
    0x08004d2a   0x00000002   PAD
    0x08004d2c   0x00000018   Code   RO         3522    i.WM_GetDesktopWindow  STemWin532_CM4_Keil.lib(wm_getdesktopwindow.o)
    0x08004d44   0x0000000e   Code   RO         3713    i.WM_GetFirstChild  STemWin532_CM4_Keil.lib(wm_getfirstchild.o)
    0x08004d52   0x0000000e   Code   RO         4072    i.WM_GetParent      STemWin532_CM4_Keil.lib(wm_getparent.o)
    0x08004d60   0x000000d4   Code   RO         3417    i.WM_Init           STemWin532_CM4_Keil.lib(wm.o)
    0x08004e34   0x00000076   Code   RO         3418    i.WM_InvalidateRect  STemWin532_CM4_Keil.lib(wm.o)
    0x08004eaa   0x00000006   Code   RO         3419    i.WM_InvalidateWindow  STemWin532_CM4_Keil.lib(wm.o)
    0x08004eb0   0x0000005e   Code   RO         3420    i.WM_InvalidateWindowAndDescsEx  STemWin532_CM4_Keil.lib(wm.o)
    0x08004f0e   0x00000002   PAD
    0x08004f10   0x0000003c   Code   RO         3421    i.WM_SelectWindow   STemWin532_CM4_Keil.lib(wm.o)
    0x08004f4c   0x0000001e   Code   RO         3719    i.WM_SendToParent   STemWin532_CM4_Keil.lib(wm_sendtoparent.o)
    0x08004f6a   0x00000002   PAD
    0x08004f6c   0x00000048   Code   RO         3424    i.WM__ActivateClipRect  STemWin532_CM4_Keil.lib(wm.o)
    0x08004fb4   0x00000010   Code   RO         3703    i.WM__AddCriticalHandle  STemWin532_CM4_Keil.lib(wm_criticalhandle.o)
    0x08004fc4   0x00000010   Code   RO         3425    i.WM__Client2Screen  STemWin532_CM4_Keil.lib(wm.o)
    0x08004fd4   0x0000004e   Code   RO         3426    i.WM__ClipAtParentBorders  STemWin532_CM4_Keil.lib(wm.o)
    0x08005022   0x00000020   Code   RO         3709    i.WM__GetClientRectEx  STemWin532_CM4_Keil.lib(wm_getclientrect.o)
    0x08005042   0x00000018   Code   RO         3429    i.WM__GetClientRectWin  STemWin532_CM4_Keil.lib(wm.o)
    0x0800505a   0x00000012   Code   RO         4245    i.WM__GetFirstSibling  STemWin532_CM4_Keil.lib(wm__getfirstsibling.o)
    0x0800506c   0x00000040   Code   RO         3430    i.WM__GetNextIVR    STemWin532_CM4_Keil.lib(wm.o)
    0x080050ac   0x00000024   Code   RO         4052    i.WM__GetPrevSibling  STemWin532_CM4_Keil.lib(wm__getprevsibling.o)
    0x080050d0   0x00000018   Code   RO         3431    i.WM__GetTopLevelLayer  STemWin532_CM4_Keil.lib(wm.o)
    0x080050e8   0x000000f0   Code   RO         3432    i.WM__InitIVRSearch  STemWin532_CM4_Keil.lib(wm.o)
    0x080051d8   0x000000a4   Code   RO         3433    i.WM__InsertWindowIntoList  STemWin532_CM4_Keil.lib(wm.o)
    0x0800527c   0x00000006   Code   RO         3434    i.WM__Invalidate1Abs  STemWin532_CM4_Keil.lib(wm.o)
    0x08005282   0x00000002   PAD
    0x08005284   0x00000054   Code   RO         3435    i.WM__InvalidateDrawAndDescs  STemWin532_CM4_Keil.lib(wm.o)
    0x080052d8   0x00000076   Code   RO         3437    i.WM__InvalidateRect  STemWin532_CM4_Keil.lib(wm.o)
    0x0800534e   0x00000006   Code   RO         3438    i.WM__InvalidateRectEx  STemWin532_CM4_Keil.lib(wm.o)
    0x08005354   0x00000020   Code   RO         3443    i.WM__RectIsNZ      STemWin532_CM4_Keil.lib(wm.o)
    0x08005374   0x00000014   Code   RO         3445    i.WM__SelectTopLevelLayer  STemWin532_CM4_Keil.lib(wm.o)
    0x08005388   0x0000003c   Code   RO         3698    i.WM__SendMessage   STemWin532_CM4_Keil.lib(wm__sendmessage.o)
    0x080053c4   0x0000000e   Code   RO         3446    i.WM__SendMsgNoData  STemWin532_CM4_Keil.lib(wm.o)
    0x080053d2   0x00000002   PAD
    0x080053d4   0x00000090   Code   RO         2860    i._AddFreeMemory    STemWin532_CM4_Keil.lib(gui_alloc.o)
    0x08005464   0x000000b8   Code   RO         2861    i._Alloc            STemWin532_CM4_Keil.lib(gui_alloc.o)
    0x0800551c   0x00000004   Code   RO         3227    i._CalcSizeOfChar   STemWin532_CM4_Keil.lib(gui_uc_encodenone.o)
    0x08005520   0x00000038   Code   RO         2968    i._Color2IndexBulk  STemWin532_CM4_Keil.lib(guicc_565.o)
    0x08005558   0x00000054   Code   RO         3617    i._Color2Index_0    STemWin532_CM4_Keil.lib(guicc_0.o)
    0x080055ac   0x0000002c   Code   RO         2969    i._Color2Index_565  STemWin532_CM4_Keil.lib(guicc_565.o)
    0x080055d8   0x0000003e   Code   RO         3688    i._Convert16        STemWin532_CM4_Keil.lib(guidev_writetoactiveopaque.o)
    0x08005616   0x0000003e   Code   RO         3689    i._Convert8         STemWin532_CM4_Keil.lib(guidev_writetoactiveopaque.o)
    0x08005654   0x0000001c   Code   RO         3157    i._Data2Index_16bpp_B16  STemWin532_CM4_Keil.lib(guidrv_flexcolor_func66720.o)
    0x08005670   0x00000016   Code   RO         3158    i._Data2Index_16bpp_B8  STemWin532_CM4_Keil.lib(guidrv_flexcolor_func66720.o)
    0x08005686   0x00000002   PAD
    0x08005688   0x00000020   Code   RO         3448    i._DesktopHandle2Index  STemWin532_CM4_Keil.lib(wm.o)
    0x080056a8   0x00000148   Code   RO         3138    i._DrawBitLine1BPP  STemWin532_CM4_Keil.lib(guidrv_flexcolor_16bpp_c0b16.o)
    0x080057f0   0x00000148   Code   RO         3375    i._DrawBitLine1BPP  STemWin532_CM4_Keil.lib(guidev_16.o)
    0x08005938   0x00000118   Code   RO         3139    i._DrawBitLine2BPP  STemWin532_CM4_Keil.lib(guidrv_flexcolor_16bpp_c0b16.o)
    0x08005a50   0x000000e0   Code   RO         3376    i._DrawBitLine2BPP  STemWin532_CM4_Keil.lib(guidev_16.o)
    0x08005b30   0x00000118   Code   RO         3140    i._DrawBitLine4BPP  STemWin532_CM4_Keil.lib(guidrv_flexcolor_16bpp_c0b16.o)
    0x08005c48   0x00000160   Code   RO         3377    i._DrawBitLine4BPP  STemWin532_CM4_Keil.lib(guidev_16.o)
    0x08005da8   0x000000d4   Code   RO         3141    i._DrawBitLine8BPP  STemWin532_CM4_Keil.lib(guidrv_flexcolor_16bpp_c0b16.o)
    0x08005e7c   0x00000022   Code   RO         3043    i._DrawBitmap       STemWin532_CM4_Keil.lib(guidrv_flexcolor.o)
    0x08005e9e   0x00000002   PAD
    0x08005ea0   0x000000f4   Code   RO         3142    i._DrawBitmap       STemWin532_CM4_Keil.lib(guidrv_flexcolor_16bpp_c0b16.o)
    0x08005f94   0x000002a0   Code   RO         3378    i._DrawBitmap       STemWin532_CM4_Keil.lib(guidev_16.o)
    0x08006234   0x0000000e   Code   RO         3044    i._DrawHLine        STemWin532_CM4_Keil.lib(guidrv_flexcolor.o)
    0x08006242   0x0000000a   Code   RO         3379    i._DrawHLine        STemWin532_CM4_Keil.lib(guidev_16.o)
    0x0800624c   0x00000010   Code   RO         3045    i._DrawVLine        STemWin532_CM4_Keil.lib(guidrv_flexcolor.o)
    0x0800625c   0x000000b8   Code   RO         3380    i._DrawVLine        STemWin532_CM4_Keil.lib(guidev_16.o)
    0x08006314   0x00000006   Code   RO         3228    i._Encode           STemWin532_CM4_Keil.lib(gui_uc_encodenone.o)
    0x0800631a   0x00000002   PAD
    0x0800631c   0x00000098   Code   RO         2862    i._EnlargeBlocks    STemWin532_CM4_Keil.lib(gui_alloc.o)
    0x080063b4   0x00000010   Code   RO         3046    i._FillRect         STemWin532_CM4_Keil.lib(guidrv_flexcolor.o)
    0x080063c4   0x000000f8   Code   RO         3143    i._FillRect         STemWin532_CM4_Keil.lib(guidrv_flexcolor_16bpp_c0b16.o)
    0x080064bc   0x000000ac   Code   RO         3381    i._FillRect         STemWin532_CM4_Keil.lib(guidev_16.o)
    0x08006568   0x00000148   Code   RO         3451    i._FindNext_IVR     STemWin532_CM4_Keil.lib(wm.o)
    0x080066b0   0x0000007c   Code   RO         3452    i._Findx0           STemWin532_CM4_Keil.lib(wm.o)
    0x0800672c   0x00000072   Code   RO         3453    i._Findx1           STemWin532_CM4_Keil.lib(wm.o)
    0x0800679e   0x000000a6   Code   RO         3454    i._Findy1           STemWin532_CM4_Keil.lib(wm.o)
    0x08006844   0x00000004   Code   RO         3229    i._GetCharCode      STemWin532_CM4_Keil.lib(gui_uc_encodenone.o)
    0x08006848   0x00000004   Code   RO         3230    i._GetCharSize      STemWin532_CM4_Keil.lib(gui_uc_encodenone.o)
    0x0800684c   0x0000000e   Code   RO         3047    i._GetDevData       STemWin532_CM4_Keil.lib(guidrv_flexcolor.o)
    0x0800685a   0x00000002   PAD
    0x0800685c   0x00000010   Code   RO         3382    i._GetDevData       STemWin532_CM4_Keil.lib(guidev_16.o)
    0x0800686c   0x00000070   Code   RO         3048    i._GetDevFunc       STemWin532_CM4_Keil.lib(guidrv_flexcolor.o)
    0x080068dc   0x00000010   Code   RO         3383    i._GetDevFunc       STemWin532_CM4_Keil.lib(guidev_16.o)
    0x080068ec   0x0000004c   Code   RO         3049    i._GetDevFunc_Init  STemWin532_CM4_Keil.lib(guidrv_flexcolor.o)
    0x08006938   0x00000002   Code   RO         3050    i._GetDevFunc_SetRect  STemWin532_CM4_Keil.lib(guidrv_flexcolor.o)
    0x0800693a   0x00000002   PAD
    0x0800693c   0x00000040   Code   RO         3051    i._GetDevFunc_SetRectOutside  STemWin532_CM4_Keil.lib(guidrv_flexcolor.o)
    0x0800697c   0x00000014   Code   RO         3052    i._GetDevFunc_SetSize  STemWin532_CM4_Keil.lib(guidrv_flexcolor.o)
    0x08006990   0x00000014   Code   RO         3053    i._GetDevFunc_SetVSize  STemWin532_CM4_Keil.lib(guidrv_flexcolor.o)
    0x080069a4   0x00000066   Code   RO         3054    i._GetDevProp       STemWin532_CM4_Keil.lib(guidrv_flexcolor.o)
    0x08006a0a   0x0000001e   Code   RO         3330    i._GetDevProp       STemWin532_CM4_Keil.lib(lcd_getex.o)
    0x08006a28   0x00000010   Code   RO         3384    i._GetDevProp       STemWin532_CM4_Keil.lib(guidev_16.o)
    0x08006a38   0x00000052   Code   RO         3618    i._GetIndexMask_0   STemWin532_CM4_Keil.lib(guicc_0.o)
    0x08006a8a   0x00000006   Code   RO         2970    i._GetIndexMask_565  STemWin532_CM4_Keil.lib(guicc_565.o)
    0x08006a90   0x0000001e   Code   RO         3331    i._GetMaxValue      STemWin532_CM4_Keil.lib(lcd_getex.o)
    0x08006aae   0x00000002   PAD
    0x08006ab0   0x0000001c   Code   RO         2863    i._GetMinIndex      STemWin532_CM4_Keil.lib(gui_alloc.o)
    0x08006acc   0x00000008   Code   RO         3055    i._GetPixelIndex    STemWin532_CM4_Keil.lib(guidrv_flexcolor.o)
    0x08006ad4   0x0000000e   Code   RO         3385    i._GetPixelIndex    STemWin532_CM4_Keil.lib(guidev_16.o)
    0x08006ae2   0x00000016   Code   RO         3056    i._GetRect          STemWin532_CM4_Keil.lib(guidrv_flexcolor.o)
    0x08006af8   0x00000030   Code   RO         3386    i._GetRect          STemWin532_CM4_Keil.lib(guidev_16.o)
    0x08006b28   0x00000010   Code   RO         3217    i._GotoX            STemWin532_CM4_Keil.lib(gui_goto.o)
    0x08006b38   0x00000010   Code   RO         3218    i._GotoY            STemWin532_CM4_Keil.lib(gui_goto.o)
    0x08006b48   0x00000048   Code   RO         2971    i._Index2ColorBulk  STemWin532_CM4_Keil.lib(guicc_565.o)
    0x08006b90   0x00000020   Code   RO         3619    i._Index2Color_0    STemWin532_CM4_Keil.lib(guicc_0.o)
    0x08006bb0   0x00000070   Code   RO         2920    i._InitContext      STemWin532_CM4_Keil.lib(gui_core.o)
    0x08006c20   0x000000a8   Code   RO         2864    i._InitOnce         STemWin532_CM4_Keil.lib(gui_alloc.o)
    0x08006cc8   0x00000080   Code   RO         3455    i._Invalidate1Abs   STemWin532_CM4_Keil.lib(wm.o)
    0x08006d48   0x00000004   Code   RO         3057    i._Log2PhysX_X0Y0S0  STemWin532_CM4_Keil.lib(guidrv_flexcolor.o)
    0x08006d4c   0x00000004   Code   RO         3058    i._Log2PhysX_X0Y0S1  STemWin532_CM4_Keil.lib(guidrv_flexcolor.o)
    0x08006d50   0x00000004   Code   RO         3059    i._Log2PhysX_X0Y1S0  STemWin532_CM4_Keil.lib(guidrv_flexcolor.o)
    0x08006d54   0x00000004   Code   RO         3060    i._Log2PhysX_X0Y1S1  STemWin532_CM4_Keil.lib(guidrv_flexcolor.o)
    0x08006d58   0x00000008   Code   RO         3061    i._Log2PhysX_X1Y0S0  STemWin532_CM4_Keil.lib(guidrv_flexcolor.o)
    0x08006d60   0x00000008   Code   RO         3062    i._Log2PhysX_X1Y0S1  STemWin532_CM4_Keil.lib(guidrv_flexcolor.o)
    0x08006d68   0x00000008   Code   RO         3063    i._Log2PhysX_X1Y1S0  STemWin532_CM4_Keil.lib(guidrv_flexcolor.o)
    0x08006d70   0x00000008   Code   RO         3064    i._Log2PhysX_X1Y1S1  STemWin532_CM4_Keil.lib(guidrv_flexcolor.o)
    0x08006d78   0x00000004   Code   RO         3065    i._Log2PhysY_X0Y0S0  STemWin532_CM4_Keil.lib(guidrv_flexcolor.o)
    0x08006d7c   0x00000004   Code   RO         3066    i._Log2PhysY_X0Y0S1  STemWin532_CM4_Keil.lib(guidrv_flexcolor.o)
    0x08006d80   0x00000008   Code   RO         3067    i._Log2PhysY_X0Y1S0  STemWin532_CM4_Keil.lib(guidrv_flexcolor.o)
    0x08006d88   0x00000008   Code   RO         3068    i._Log2PhysY_X0Y1S1  STemWin532_CM4_Keil.lib(guidrv_flexcolor.o)
    0x08006d90   0x00000004   Code   RO         3069    i._Log2PhysY_X1Y0S0  STemWin532_CM4_Keil.lib(guidrv_flexcolor.o)
    0x08006d94   0x00000004   Code   RO         3070    i._Log2PhysY_X1Y0S1  STemWin532_CM4_Keil.lib(guidrv_flexcolor.o)
    0x08006d98   0x00000008   Code   RO         3071    i._Log2PhysY_X1Y1S0  STemWin532_CM4_Keil.lib(guidrv_flexcolor.o)
    0x08006da0   0x00000008   Code   RO         3072    i._Log2PhysY_X1Y1S1  STemWin532_CM4_Keil.lib(guidrv_flexcolor.o)
    0x08006da8   0x00000034   Code   RO         2865    i._OnExit           STemWin532_CM4_Keil.lib(gui_alloc.o)
    0x08006ddc   0x0000002c   Code   RO         2921    i._OnExit           STemWin532_CM4_Keil.lib(gui_core.o)
    0x08006e08   0x00000014   Code   RO         3281    i._OnExit           STemWin532_CM4_Keil.lib(lcd_color.o)
    0x08006e1c   0x00000034   Code   RO         3456    i._OnExit           STemWin532_CM4_Keil.lib(wm.o)
    0x08006e50   0x00000040   Code   RO         2866    i._PopFreeBlock     STemWin532_CM4_Keil.lib(gui_alloc.o)
    0x08006e90   0x00000028   Code   RO         2867    i._PushFreeBlock    STemWin532_CM4_Keil.lib(gui_alloc.o)
    0x08006eb8   0x00000006   Code   RO         3144    i._ReadData         STemWin532_CM4_Keil.lib(guidrv_flexcolor_16bpp_c0b16.o)
    0x08006ebe   0x0000000c   Code   RO         3073    i._ReadPixelCust_16bpp  STemWin532_CM4_Keil.lib(guidrv_flexcolor.o)
    0x08006eca   0x0000000c   Code   RO         3074    i._ReadPixelCust_18bpp  STemWin532_CM4_Keil.lib(guidrv_flexcolor.o)
    0x08006ed6   0x00000028   Code   RO         3159    i._ReadPixel_16bpp_B16_I  STemWin532_CM4_Keil.lib(guidrv_flexcolor_func66720.o)
    0x08006efe   0x00000024   Code   RO         3161    i._ReadPixel_16bpp_B8  STemWin532_CM4_Keil.lib(guidrv_flexcolor_func66720.o)
    0x08006f22   0x00000030   Code   RO         3075    i._ReadRectCust_16bpp  STemWin532_CM4_Keil.lib(guidrv_flexcolor.o)
    0x08006f52   0x00000030   Code   RO         3076    i._ReadRectCust_18bpp  STemWin532_CM4_Keil.lib(guidrv_flexcolor.o)
    0x08006f82   0x0000004c   Code   RO         3162    i._ReadRect_16bpp_B16_I  STemWin532_CM4_Keil.lib(guidrv_flexcolor_func66720.o)
    0x08006fce   0x00000048   Code   RO         3164    i._ReadRect_16bpp_B8  STemWin532_CM4_Keil.lib(guidrv_flexcolor_func66720.o)
    0x08007016   0x00000002   PAD
    0x08007018   0x00000034   Code   RO         2868    i._RemoveFreeBlock  STemWin532_CM4_Keil.lib(gui_alloc.o)
    0x0800704c   0x000000a0   Code   RO         2869    i._RemoveHoles      STemWin532_CM4_Keil.lib(gui_alloc.o)
    0x080070ec   0x00000020   Code   RO         3251    i._SetBkColor       STemWin532_CM4_Keil.lib(lcd.o)
    0x0800710c   0x0000004c   Code   RO         3460    i._SetClipRectUserIntersect  STemWin532_CM4_Keil.lib(wm.o)
    0x08007158   0x00000020   Code   RO         3252    i._SetColor         STemWin532_CM4_Keil.lib(lcd.o)
    0x08007178   0x00000080   Code   RO         3077    i._SetDevFunc       STemWin532_CM4_Keil.lib(guidrv_flexcolor.o)
    0x080071f8   0x0000002c   Code   RO         3253    i._SetDrawMode      STemWin532_CM4_Keil.lib(lcd.o)
    0x08007224   0x00000030   Code   RO         3165    i._SetInterface     STemWin532_CM4_Keil.lib(guidrv_flexcolor_func66720.o)
    0x08007254   0x00000012   Code   RO         3078    i._SetOrg           STemWin532_CM4_Keil.lib(guidrv_flexcolor.o)
    0x08007266   0x0000000e   Code   RO         3387    i._SetOrg           STemWin532_CM4_Keil.lib(guidev_16.o)
    0x08007274   0x00000038   Code   RO         3166    i._SetOrientation   STemWin532_CM4_Keil.lib(guidrv_flexcolor_func66720.o)
    0x080072ac   0x000000cc   Code   RO         3167    i._SetPhysRAMAddr   STemWin532_CM4_Keil.lib(guidrv_flexcolor_func66720.o)
    0x08007378   0x0000000e   Code   RO         3079    i._SetPixelIndex    STemWin532_CM4_Keil.lib(guidrv_flexcolor.o)
    0x08007386   0x00000002   PAD
    0x08007388   0x00000048   Code   RO         3388    i._SetPixelIndex    STemWin532_CM4_Keil.lib(guidev_16.o)
    0x080073d0   0x0000019a   Code   RO         3168    i._SetRect          STemWin532_CM4_Keil.lib(guidrv_flexcolor_func66720.o)
    0x0800756a   0x00000008   Code   RO         3169    i._SetReg_B16       STemWin532_CM4_Keil.lib(guidrv_flexcolor_func66720.o)
    0x08007572   0x0000001a   Code   RO         3170    i._SetReg_B8        STemWin532_CM4_Keil.lib(guidrv_flexcolor_func66720.o)
    0x0800758c   0x000000ea   Code   RO         2870    i._TestRAM          STemWin532_CM4_Keil.lib(gui_alloc.o)
    0x08007676   0x0000000a   Code   RO         3145    i._WriteData        STemWin532_CM4_Keil.lib(guidrv_flexcolor_16bpp_c0b16.o)
    0x08007680   0x00000008   Code   RO         3171    i._WritePara_B16    STemWin532_CM4_Keil.lib(guidrv_flexcolor_func66720.o)
    0x08007688   0x0000000a   Code   RO         3172    i._WritePara_B8     STemWin532_CM4_Keil.lib(guidrv_flexcolor_func66720.o)
    0x08007692   0x0000000e   Code   RO         2871    i._WriteTagData     STemWin532_CM4_Keil.lib(gui_alloc.o)
    0x080076a0   0x00000340   Code   RO         3690    i._WriteToActiveOpaque_8  STemWin532_CM4_Keil.lib(guidev_writetoactiveopaque.o)
    0x080079e0   0x00000344   Code   RO         3691    i._WriteToActiveOpaque_HT  STemWin532_CM4_Keil.lib(guidev_writetoactiveopaque.o)
    0x08007d24   0x0000003c   Code   RO         3389    i._XY2PTR           STemWin532_CM4_Keil.lib(guidev_16.o)
    0x08007d60   0x00000024   Code   RO         3080    i._XorPixel         STemWin532_CM4_Keil.lib(guidrv_flexcolor.o)
    0x08007d84   0x00000054   Code   RO         3390    i._XorPixel         STemWin532_CM4_Keil.lib(guidev_16.o)
    0x08007dd8   0x0000000e   Code   RO         4307    i.__scatterload_copy  mc_w.l(handlers.o)
    0x08007de6   0x00000002   Code   RO         4308    i.__scatterload_null  mc_w.l(handlers.o)
    0x08007de8   0x0000000e   Code   RO         4309    i.__scatterload_zeroinit  mc_w.l(handlers.o)
    0x08007df6   0x00000002   PAD
    0x08007df8   0x00000050   Code   RO         3461    i._cbBackWin        STemWin532_CM4_Keil.lib(wm.o)
    0x08007e48   0x0000008a   Code   RO         3254    i.emWin_LCD_Init    STemWin532_CM4_Keil.lib(lcd.o)
    0x08007ed2   0x00000002   PAD
    0x08007ed4   0x00000160   Code   RO          305    i.main              main.o
    0x08008034   0x00000300   Data   RO          553    .constdata          font8x8.o
    0x08008334   0x00000010   Data   RO         1961    .constdata          stm32f4xx_hal_rcc.o
    0x08008344   0x00000008   Data   RO         2923    .constdata          STemWin532_CM4_Keil.lib(gui_core.o)
    0x0800834c   0x00000018   Data   RO         2972    .constdata          STemWin532_CM4_Keil.lib(guicc_565.o)
    0x08008364   0x00000034   Data   RO         3081    .constdata          STemWin532_CM4_Keil.lib(guidrv_flexcolor.o)
    0x08008398   0x00000040   Data   RO         3082    .constdata          STemWin532_CM4_Keil.lib(guidrv_flexcolor.o)
    0x080083d8   0x00000518   Data   RO         3192    .constdata          STemWin532_CM4_Keil.lib(f6x8.o)
    0x080088f0   0x000001c0   Data   RO         3193    .constdata          STemWin532_CM4_Keil.lib(f6x8.o)
    0x08008ab0   0x00000008   Data   RO         3194    .constdata          STemWin532_CM4_Keil.lib(f6x8.o)
    0x08008ab8   0x00000014   Data   RO         3195    .constdata          STemWin532_CM4_Keil.lib(f6x8.o)
    0x08008acc   0x00000024   Data   RO         3196    .constdata          STemWin532_CM4_Keil.lib(f6x8.o)
    0x08008af0   0x00000020   Data   RO         3198    .constdata          STemWin532_CM4_Keil.lib(gui__divtbl_31_255.o)
    0x08008b10   0x00000040   Data   RO         3199    .constdata          STemWin532_CM4_Keil.lib(gui__divtbl_63_255.o)
    0x08008b50   0x00000100   Data   RO         3200    .constdata          STemWin532_CM4_Keil.lib(gui__divtbl_255_31.o)
    0x08008c50   0x00000100   Data   RO         3201    .constdata          STemWin532_CM4_Keil.lib(gui__divtbl_255_63.o)
    0x08008d50   0x00000010   Data   RO         3231    .constdata          STemWin532_CM4_Keil.lib(gui_uc_encodenone.o)
    0x08008d60   0x0000000c   Data   RO         3255    .constdata          STemWin532_CM4_Keil.lib(lcd.o)
    0x08008d6c   0x00000074   Data   RO         3391    .constdata          STemWin532_CM4_Keil.lib(guidev_16.o)
    0x08008de0   0x00000018   Data   RO         3620    .constdata          STemWin532_CM4_Keil.lib(guicc_0.o)
    0x08008df8   0x00000100   Data   RO         3628    .constdata          STemWin532_CM4_Keil.lib(lcd_mirror.o)
    0x08008ef8   0x00000008   Data   RO         3692    .constdata          STemWin532_CM4_Keil.lib(guidev_writetoactiveopaque.o)
    0x08008f00   0x00000020   Data   RO         4305    Region$$Table       anon$$obj.o


    Execution Region RW_IRAM1 (Base: 0x20000000, Size: 0x00008970, Max: 0x00030000, ABSOLUTE)

    Base Addr    Size         Type   Attr      Idx    E Section Name        Object

    0x20000000   0x00000008   Data   RW           11    .data               stm32f4xx_hal_msp.o
    0x20000008   0x0000000c   Data   RW          307    .data               main.o
    0x20000014   0x00000004   Data   RW         2075    .data               stm32f4xx_hal.o
    0x20000018   0x00000004   Data   RW         2677    .data               system_stm32f4xx.o
    0x2000001c   0x00000004   Data   RW         2716    .data               gui_x.o
    0x20000020   0x00000008   Data   RW         2873    .data               STemWin532_CM4_Keil.lib(gui_alloc.o)
    0x20000028   0x0000002c   Data   RW         2924    .data               STemWin532_CM4_Keil.lib(gui_core.o)
    0x20000054   0x00000004   Data   RW         2934    .data               STemWin532_CM4_Keil.lib(gui_core.o)
    0x20000058   0x00000002   Data   RW         2935    .data               STemWin532_CM4_Keil.lib(gui_core.o)
    0x2000005a   0x00000002   Data   RW         2936    .data               STemWin532_CM4_Keil.lib(gui_core.o)
    0x2000005c   0x0000001c   Data   RW         3083    .data               STemWin532_CM4_Keil.lib(guidrv_flexcolor.o)
    0x20000078   0x00000008   Data   RW         3173    .data               STemWin532_CM4_Keil.lib(guidrv_flexcolor_func66720.o)
    0x20000080   0x00000004   Data   RW         3256    .data               STemWin532_CM4_Keil.lib(lcd.o)
    0x20000084   0x00000010   Data   RW         3282    .data               STemWin532_CM4_Keil.lib(lcd_color.o)
    0x20000094   0x00000008   Data   RW         3332    .data               STemWin532_CM4_Keil.lib(lcd_getex.o)
    0x2000009c   0x00000064   Data   RW         3465    .data               STemWin532_CM4_Keil.lib(wm.o)
    0x20000100   0x00000010   Data   RW         3558    .data               STemWin532_CM4_Keil.lib(gui_onkey.o)
    0x20000110   0x0000000c   Data   RW         3608    .data               STemWin532_CM4_Keil.lib(gui_waitevent.o)
    0x2000011c   0x00000004   Data   RW         3699    .data               STemWin532_CM4_Keil.lib(wm__sendmessage.o)
    0x20000120   0x0000025a   Zero   RW          306    .bss                main.o
    0x2000037a   0x00000002   PAD
    0x2000037c   0x00008000   Zero   RW         2766    .bss                guiconf.o
    0x2000837c   0x000000cc   Zero   RW         2872    .bss                STemWin532_CM4_Keil.lib(gui_alloc.o)
    0x20008448   0x00000070   Zero   RW         2922    .bss                STemWin532_CM4_Keil.lib(gui_core.o)
    0x200084b8   0x00000018   Zero   RW         3463    .bss                STemWin532_CM4_Keil.lib(wm.o)
    0x200084d0   0x00000058   Zero   RW         3557    .bss                STemWin532_CM4_Keil.lib(gui_onkey.o)
    0x20008528   0x00000048   Zero   RW         3740    .bss                STemWin532_CM4_Keil.lib(wm_touch.o)
    0x20008570   0x00000400   Zero   RW          746    STACK               startup_stm32f429xx.o


==============================================================================

Image component sizes


      Code (inc. data)   RO Data    RW Data    ZI Data      Debug   Object Name

      1272         12          0          0          0       9938   display_ssd1963.o
         0          0        768          0          0        562   font8x8.o
        20          4          0          4          0       1674   gui_x.o
        28          8          0          0      32768        559   guiconf.o
       240         40          0          0          0       6544   lcdconf_flexcolor.o
      1148        112          0         12        602       5378   main.o
        36          8        428          0       1024        832   startup_stm32f429xx.o
       154         20          0          4          0       4607   stm32f4xx_hal.o
       348         22          0          0          0      32901   stm32f4xx_hal_cortex.o
        40          0          0          0          0       1195   stm32f4xx_hal_dma.o
       582         58          0          0          0       3776   stm32f4xx_hal_gpio.o
      6084         76          0          0          0      32204   stm32f4xx_hal_i2c.o
       512         42          0          8          0     776887   stm32f4xx_hal_msp.o
        34          6          0          0          0       1163   stm32f4xx_hal_pwr.o
       164         12          0          0          0       1336   stm32f4xx_hal_pwr_ex.o
      1800         72         16          0          0       5372   stm32f4xx_hal_rcc.o
        88          0          0          0          0       1260   stm32f4xx_hal_sram.o
       188         42          0          0          0       7490   stm32f4xx_it.o
       282         10          0          0          0       2892   stm32f4xx_ll_fmc.o
       100         18          0          4          0       1239   system_stm32f4xx.o

    ----------------------------------------------------------------------
     13140        562       1244         32      34396     897809   Object Totals
         0          0         32          0          0          0   (incl. Generated)
        20          0          0          0          2          0   (incl. Padding)

    ----------------------------------------------------------------------

      Code (inc. data)   RO Data    RW Data    ZI Data      Debug   Library Member Name

         0          0       1816          0          0          0   f6x8.o
       292          0          0          0          0        124   gui__compactpixelindices.o
         0          0        256          0          0          0   gui__divtbl_255_31.o
         0          0        256          0          0          0   gui__divtbl_255_63.o
         0          0         32          0          0          0   gui__divtbl_31_255.o
         0          0         64          0          0          0   gui__divtbl_63_255.o
        58          0          0          0          0        116   gui__intersectrect.o
        82          0          0          0          0        128   gui__intersectrects.o
        76          0          0          0          0        124   gui__memset.o
        60          0          0          0          0        124   gui__memset16.o
      1674         90          0          8        204       2504   gui_alloc.o
        36          0          0          0          0        128   gui_alloc_alloczero.o
        60          0          0          0          0        124   gui_calccolordist.o
       394         12          0          0          0        492   gui_charm.o
       492         76          8         52        112       1012   gui_core.o
       344         24          0          0          0        736   gui_device.o
        52         12          0          0          0        360   gui_goto.o
        88          0          0          0          0        124   gui_mergerect.o
        30          0          0          0          0        116   gui_moverect.o
        16          4          0         16         88        116   gui_onkey.o
        56          0          0          0          0        116   gui_rectsintersect.o
        48         10          0          0          0        128   gui_selectlayer.o
        18          0          0          0          0        128   gui_selectlcd.o
         4          0          0          0          0        116   gui_setcolor.o
        56         18          0          0          0        128   gui_setorg.o
        18          0         16          0          0        464   gui_uc_encodenone.o
        16          4          0         12          0        116   gui_waitevent.o
       198          0         24          0          0        388   guicc_0.o
       222         38         24          0          0        628   guicc_565.o
       100          6          0          0          0        256   guidev.o
      2282         60        116          0          0       2104   guidev_16.o
        26          0          0          0          0        128   guidev_getdataptr.o
        76          0          0          0          0        260   guidev_usage.o
      1854         18          8          0          0        732   guidev_writetoactiveopaque.o
      1506         76        116         28          0       5428   guidrv_flexcolor.o
      1712         62          0          0          0       1308   guidrv_flexcolor_16bpp_c0b16.o
      1152         56          0          8          0       1896   guidrv_flexcolor_func66720.o
      1646        110         12          4          0       2164   lcd.o
       272         30          0         16          0        632   lcd_color.o
       370         40          0          8          0       2020   lcd_getex.o
        26          0          0          0          0        128   lcd_getnumdisplays.o
         0          0        256          0          0          0   lcd_mirror.o
        64          8          0          0          0        128   lcd_selectlcd.o
       132          0          0          0          0        396   lcd_set.o
        48         10          0          0          0        128   lcd_setcliprectex.o
        36          4          0          0          0        128   lcd_updatecolorindices.o
      2966        132          0        100         24       4096   wm.o
        18          0          0          0          0        124   wm__getfirstsibling.o
        36          0          0          0          0        128   wm__getprevsibling.o
        60          6          0          4          0        136   wm__sendmessage.o
       126          0          0          0          0        140   wm_bringtobottom.o
        16          6          0          0          0        116   wm_criticalhandle.o
        32          0          0          0          0        128   wm_getclientrect.o
        24         10          0          0          0        116   wm_getdesktopwindow.o
        14          0          0          0          0        124   wm_getfirstchild.o
        14          0          0          0          0        124   wm_getparent.o
        30          0          0          0          0        140   wm_sendtoparent.o
         0          0          0          0         72          0   wm_touch.o
         0          0          0          0          0          0   entry.o
         0          0          0          0          0          0   entry10a.o
         0          0          0          0          0          0   entry11a.o
         8          4          0          0          0          0   entry2.o
         4          0          0          0          0          0   entry5.o
         0          0          0          0          0          0   entry7b.o
         0          0          0          0          0          0   entry8b.o
         8          4          0          0          0          0   entry9a.o
        30          0          0          0          0          0   handlers.o
        36          8          0          0          0         68   init.o
        64          0          0          0          0         76   memmovea.o
        36          0          0          0          0        108   memseta.o

    ----------------------------------------------------------------------
     19252        938       3004        256        500      32000   Library Totals
        38          0          0          0          0          0   (incl. Padding)

    ----------------------------------------------------------------------

      Code (inc. data)   RO Data    RW Data    ZI Data      Debug   Library Name

     19028        922       3004        256        500      31748   STemWin532_CM4_Keil.lib
       186         16          0          0          0        252   mc_w.l

    ----------------------------------------------------------------------
     19252        938       3004        256        500      32000   Library Totals

    ----------------------------------------------------------------------

==============================================================================


      Code (inc. data)   RO Data    RW Data    ZI Data      Debug   

     32392       1500       4248        288      34896     893761   Grand Totals
     32392       1500       4248        288      34896     893761   ELF Image Totals
     32392       1500       4248        288          0          0   ROM Totals

==============================================================================

    Total RO  Size (Code + RO Data)                36640 (  35.78kB)
    Total RW  Size (RW Data + ZI Data)             35184 (  34.36kB)
    Total ROM Size (Code + RO Data + RW Data)      36928 (  36.06kB)

==============================================================================

